Archive member included to satisfy reference by file (symbol)

C:\MRS_DATA\workspace\FreeModbus\NetLib\libwchnet.a(eth_api.o)
                              ./NetLib/eth_driver_10M.o (WCHNET_PeriodicHandle)
C:\MRS_DATA\workspace\FreeModbus\NetLib\libwchnet.a(ipcheck.o)
                              C:\MRS_DATA\workspace\FreeModbus\NetLib\libwchnet.a(eth_api.o) (IPCheckParaInit)
C:\MRS_DATA\workspace\FreeModbus\NetLib\libwchnet.a(net_dhcp.o)
                              C:\MRS_DATA\workspace\FreeModbus\NetLib\libwchnet.a(eth_api.o) (DHCPCtrl)
C:\MRS_DATA\workspace\FreeModbus\NetLib\libwchnet.a(net_dns.o)
                              C:\MRS_DATA\workspace\FreeModbus\NetLib\libwchnet.a(eth_api.o) (DNSInf)
C:\MRS_DATA\workspace\FreeModbus\NetLib\libwchnet.a(socket.o)
                              C:\MRS_DATA\workspace\FreeModbus\NetLib\libwchnet.a(net_dhcp.o) (ErrorEncode)
C:\MRS_DATA\workspace\FreeModbus\NetLib\libwchnet.a(etharp.o)
                              C:\MRS_DATA\workspace\FreeModbus\NetLib\libwchnet.a(eth_api.o) (etharp_tmr)
C:\MRS_DATA\workspace\FreeModbus\NetLib\libwchnet.a(ethernetif.o)
                              C:\MRS_DATA\workspace\FreeModbus\NetLib\libwchnet.a(eth_api.o) (ethernetif_input)
C:\MRS_DATA\workspace\FreeModbus\NetLib\libwchnet.a(inet.o)
                              C:\MRS_DATA\workspace\FreeModbus\NetLib\libwchnet.a(socket.o) (inet_ntoa)
C:\MRS_DATA\workspace\FreeModbus\NetLib\libwchnet.a(ip.o)
                              C:\MRS_DATA\workspace\FreeModbus\NetLib\libwchnet.a(etharp.o) (ip_input)
C:\MRS_DATA\workspace\FreeModbus\NetLib\libwchnet.a(ip_addr.o)
                              C:\MRS_DATA\workspace\FreeModbus\NetLib\libwchnet.a(socket.o) (ip_addr_isbroadcast)
C:\MRS_DATA\workspace\FreeModbus\NetLib\libwchnet.a(ip_frag.o)
                              C:\MRS_DATA\workspace\FreeModbus\NetLib\libwchnet.a(eth_api.o) (ip_reass_tmr)
C:\MRS_DATA\workspace\FreeModbus\NetLib\libwchnet.a(dhcp.o)
                              C:\MRS_DATA\workspace\FreeModbus\NetLib\libwchnet.a(net_dhcp.o) (dhcp_arp_reply)
C:\MRS_DATA\workspace\FreeModbus\NetLib\libwchnet.a(dns.o)
                              C:\MRS_DATA\workspace\FreeModbus\NetLib\libwchnet.a(dhcp.o) (dns_setserver)
C:\MRS_DATA\workspace\FreeModbus\NetLib\libwchnet.a(init.o)
                              C:\MRS_DATA\workspace\FreeModbus\NetLib\libwchnet.a(ethernetif.o) (lwip_init)
C:\MRS_DATA\workspace\FreeModbus\NetLib\libwchnet.a(mem.o)
                              C:\MRS_DATA\workspace\FreeModbus\NetLib\libwchnet.a(init.o) (mem_init)
C:\MRS_DATA\workspace\FreeModbus\NetLib\libwchnet.a(memp.o)
                              C:\MRS_DATA\workspace\FreeModbus\NetLib\libwchnet.a(init.o) (memp_init)
C:\MRS_DATA\workspace\FreeModbus\NetLib\libwchnet.a(netif.o)
                              C:\MRS_DATA\workspace\FreeModbus\NetLib\libwchnet.a(dhcp.o) (netif_set_ipaddr)
C:\MRS_DATA\workspace\FreeModbus\NetLib\libwchnet.a(pbuf.o)
                              C:\MRS_DATA\workspace\FreeModbus\NetLib\libwchnet.a(socket.o) (pbuf_header)
C:\MRS_DATA\workspace\FreeModbus\NetLib\libwchnet.a(raw.o)
                              C:\MRS_DATA\workspace\FreeModbus\NetLib\libwchnet.a(ip.o) (raw_input)
C:\MRS_DATA\workspace\FreeModbus\NetLib\libwchnet.a(tcp.o)
                              C:\MRS_DATA\workspace\FreeModbus\NetLib\libwchnet.a(socket.o) (tcp_bind)
C:\MRS_DATA\workspace\FreeModbus\NetLib\libwchnet.a(tcp_in.o)
                              C:\MRS_DATA\workspace\FreeModbus\NetLib\libwchnet.a(ip.o) (tcp_input)
C:\MRS_DATA\workspace\FreeModbus\NetLib\libwchnet.a(tcp_out.o)
                              C:\MRS_DATA\workspace\FreeModbus\NetLib\libwchnet.a(tcp.o) (tcp_enqueue)
C:\MRS_DATA\workspace\FreeModbus\NetLib\libwchnet.a(udp.o)
                              C:\MRS_DATA\workspace\FreeModbus\NetLib\libwchnet.a(ip.o) (udp_input)
C:\MRS_DATA\workspace\FreeModbus\NetLib\libwchnet.a(icmp.o)
                              C:\MRS_DATA\workspace\FreeModbus\NetLib\libwchnet.a(ip.o) (icmp_input)
C:\MRS_DATA\workspace\FreeModbus\NetLib\libwchnet.a(inet_chksum.o)
                              C:\MRS_DATA\workspace\FreeModbus\NetLib\libwchnet.a(tcp_in.o) (inet_chksum_pseudo)
c:/mounriver/mounriver_studio/toolchain/risc-v embedded gcc/bin/../lib/gcc/riscv-none-embed/8.2.0/rv32imacxw/ilp32\libgcc.a(save-restore.o)
                              ./port/portother.o (__riscv_save_12)
c:/mounriver/mounriver_studio/toolchain/risc-v embedded gcc/bin/../lib/gcc/riscv-none-embed/8.2.0/../../../../riscv-none-embed/lib/rv32imacxw/ilp32\libg_nano.a(lib_a-assert.o)
                              ./port/portother.o (__assert_func)
c:/mounriver/mounriver_studio/toolchain/risc-v embedded gcc/bin/../lib/gcc/riscv-none-embed/8.2.0/../../../../riscv-none-embed/lib/rv32imacxw/ilp32\libg_nano.a(lib_a-fprintf.o)
                              ./port/porttcp.o (fprintf)
[...]
Memory Configuration

Name             Origin             Length             Attributes
FLASH            0x0000000000000000 0x0000000000040000 xr
RAM              0x0000000020000000 0x0000000000010000 xrw
*default*        0x0000000000000000 0xffffffffffffffff

Linker script and memory map

LOAD ./port/portevent.o
LOAD ./port/portother.o
LOAD ./port/porttcp.o
LOAD ./modbus/tcp/mbtcp.o
LOAD ./modbus/functions/mbfunccoils.o
LOAD ./modbus/functions/mbfuncdiag.o
LOAD ./modbus/functions/mbfuncdisc.o
LOAD ./modbus/functions/mbfuncholding.o
LOAD ./modbus/functions/mbfuncinput.o
LOAD ./modbus/functions/mbfuncother.o
LOAD ./modbus/functions/mbutils.o
LOAD ./modbus/mb.o
LOAD ./User/ch32v30x_it.o
LOAD ./User/main.o
LOAD ./User/system_ch32v30x.o
LOAD ./Startup/startup_ch32v30x_D8C.o
LOAD ./Peripheral/src/ch32v30x_adc.o
LOAD ./Peripheral/src/ch32v30x_bkp.o
LOAD ./Peripheral/src/ch32v30x_can.o
LOAD ./Peripheral/src/ch32v30x_crc.o
LOAD ./Peripheral/src/ch32v30x_dac.o
LOAD ./Peripheral/src/ch32v30x_dbgmcu.o
LOAD ./Peripheral/src/ch32v30x_dma.o
LOAD ./Peripheral/src/ch32v30x_dvp.o
LOAD ./Peripheral/src/ch32v30x_eth.o
LOAD ./Peripheral/src/ch32v30x_exti.o
LOAD ./Peripheral/src/ch32v30x_flash.o
LOAD ./Peripheral/src/ch32v30x_fsmc.o
LOAD ./Peripheral/src/ch32v30x_gpio.o
LOAD ./Peripheral/src/ch32v30x_i2c.o
LOAD ./Peripheral/src/ch32v30x_iwdg.o
LOAD ./Peripheral/src/ch32v30x_misc.o
LOAD ./Peripheral/src/ch32v30x_opa.o
LOAD ./Peripheral/src/ch32v30x_pwr.o
LOAD ./Peripheral/src/ch32v30x_rcc.o
LOAD ./Peripheral/src/ch32v30x_rng.o
LOAD ./Peripheral/src/ch32v30x_rtc.o
LOAD ./Peripheral/src/ch32v30x_sdio.o
LOAD ./Peripheral/src/ch32v30x_spi.o
LOAD ./Peripheral/src/ch32v30x_tim.o
LOAD ./Peripheral/src/ch32v30x_usart.o
LOAD ./Peripheral/src/ch32v30x_wwdg.o
LOAD ./NetLib/eth_driver_10M.o
LOAD ./FreeRTOS/portable/MemMang/heap_4.o
LOAD ./FreeRTOS/portable/GCC/RISC-V/port.o
LOAD ./FreeRTOS/portable/GCC/RISC-V/portASM.o
LOAD ./FreeRTOS/croutine.o
LOAD ./FreeRTOS/event_groups.o
LOAD ./FreeRTOS/list.o
LOAD ./FreeRTOS/queue.o
LOAD ./FreeRTOS/stream_buffer.o
LOAD ./FreeRTOS/tasks.o
LOAD ./FreeRTOS/timers.o
LOAD ./Debug/debug.o
LOAD ./Core/core_riscv.o
LOAD c:/mounriver/mounriver_studio/toolchain/risc-v embedded gcc/bin/../lib/gcc/riscv-none-embed/8.2.0/../../../../riscv-none-embed/lib/rv32imacxw/ilp32\libm.a
LOAD C:\MRS_DATA\workspace\FreeModbus\NetLib\libwchnet.a
LOAD c:/mounriver/mounriver_studio/toolchain/risc-v embedded gcc/bin/../lib/gcc/riscv-none-embed/8.2.0/rv32imacxw/ilp32\libgcc.a
LOAD c:/mounriver/mounriver_studio/toolchain/risc-v embedded gcc/bin/../lib/gcc/riscv-none-embed/8.2.0/../../../../riscv-none-embed/lib/rv32imacxw/ilp32\libg_nano.a
LOAD c:/mounriver/mounriver_studio/toolchain/risc-v embedded gcc/bin/../lib/gcc/riscv-none-embed/8.2.0/../../../../riscv-none-embed/lib/rv32imacxw/ilp32\libc_nano.a
LOAD c:/mounriver/mounriver_studio/toolchain/risc-v embedded gcc/bin/../lib/gcc/riscv-none-embed/8.2.0/rv32imacxw/ilp32\libgcc.a
START GROUP
LOAD c:/mounriver/mounriver_studio/toolchain/risc-v embedded gcc/bin/../lib/gcc/riscv-none-embed/8.2.0/rv32imacxw/ilp32\libgcc.a
LOAD c:/mounriver/mounriver_studio/toolchain/risc-v embedded gcc/bin/../lib/gcc/riscv-none-embed/8.2.0/../../../../riscv-none-embed/lib/rv32imacxw/ilp32\libc_nano.a
LOAD c:/mounriver/mounriver_studio/toolchain/risc-v embedded gcc/bin/../lib/gcc/riscv-none-embed/8.2.0/../../../../riscv-none-embed/lib/rv32imacxw/ilp32\libnosys.a
END GROUP
START GROUP
LOAD c:/mounriver/mounriver_studio/toolchain/risc-v embedded gcc/bin/../lib/gcc/riscv-none-embed/8.2.0/rv32imacxw/ilp32\libgcc.a
LOAD c:/mounriver/mounriver_studio/toolchain/risc-v embedded gcc/bin/../lib/gcc/riscv-none-embed/8.2.0/../../../../riscv-none-embed/lib/rv32imacxw/ilp32\libc_nano.a
LOAD c:/mounriver/mounriver_studio/toolchain/risc-v embedded gcc/bin/../lib/gcc/riscv-none-embed/8.2.0/../../../../riscv-none-embed/lib/rv32imacxw/ilp32\libnosys.a
END GROUP
                0x0000000000000800                __stack_size = 0x800
                [!provide]                        PROVIDE (_stack_size = __stack_size)

.init           0x0000000000000000       0x38
                0x0000000000000000                _sinit = .
                0x0000000000000000                . = ALIGN (0x4)
 *(SORT_NONE(.init))
 .init          0x0000000000000000       0x38 ./Startup/startup_ch32v30x_D8C.o
                0x0000000000000000                _start
                0x0000000000000038                . = ALIGN (0x4)
                0x0000000000000038                _einit = .

.vector         0x0000000000000038      0x1c8
 *(.vector)
 .vector        0x0000000000000038      0x1a0 ./Startup/startup_ch32v30x_D8C.o
                0x0000000000000200                . = ALIGN (0x40)
 *fill*         0x00000000000001d8       0x28 

.text           0x0000000000000200     0xc8cc
                0x0000000000000200                . = ALIGN (0x4)
 *(.text)
 .text          0x0000000000000200      0x2e6 ./FreeRTOS/portable/GCC/RISC-V/portASM.o
                0x0000000000000200                SW_Handler
                0x0000000000000300                xPortStartFirstTask
                0x0000000000000400                pxPortInitialiseStack
 .text          0x00000000000004e6       0x60 c:/mounriver/mounriver_studio/toolchain/risc-v embedded gcc/bin/../lib/gcc/riscv-none-embed/8.2.0/rv32imacxw/ilp32\libgcc.a(save-restore.o)
                0x00000000000004e6                __riscv_save_12
                0x00000000000004ee                __riscv_save_9
                0x00000000000004ee                __riscv_save_11
                0x00000000000004ee                __riscv_save_10
                0x00000000000004ee                __riscv_save_8
                0x00000000000004fc                __riscv_save_4
                0x00000000000004fc                __riscv_save_6
                0x00000000000004fc                __riscv_save_5
                0x00000000000004fc                __riscv_save_7
                0x0000000000000516                __riscv_save_3
                0x0000000000000516                __riscv_save_2
                0x0000000000000516                __riscv_save_1
                0x0000000000000516                __riscv_save_0
                0x0000000000000522                __riscv_restore_12
                0x0000000000000526                __riscv_restore_11
                0x0000000000000526                __riscv_restore_9
                0x0000000000000526                __riscv_restore_10
                0x0000000000000526                __riscv_restore_8
                0x0000000000000530                __riscv_restore_5
                0x0000000000000530                __riscv_restore_7
                0x0000000000000530                __riscv_restore_6
                0x0000000000000530                __riscv_restore_4
                0x000000000000053a                __riscv_restore_3
                0x000000000000053a                __riscv_restore_0
                0x000000000000053a                __riscv_restore_2
                0x000000000000053a                __riscv_restore_1
 .text          0x0000000000000546       0xa8 c:/mounriver/mounriver_studio/toolchain/risc-v embedded gcc/bin/../lib/gcc/riscv-none-embed/8.2.0/../../../../riscv-none-embed/lib/rv32imacxw/ilp32\libg_nano.a(lib_a-memset.o)
                0x0000000000000546                memset
 *(.text.*)
 .text.xMBPortEventInit
                0x00000000000005ee        0xc ./port/portevent.o
                0x00000000000005ee                xMBPortEventInit
 .text.xMBPortEventPost
                0x00000000000005fa       0x16 ./port/portevent.o
                0x00000000000005fa                xMBPortEventPost
 .text.xMBPortEventGet
                0x0000000000000610       0x22 ./port/portevent.o
                0x0000000000000610                xMBPortEventGet
 .text.prvvMBPortReleaseClient.part.0
                0x0000000000000632       0x14 ./port/porttcp.o
 .text.TIM2_Init
                0x0000000000000646       0x6c ./port/porttcp.o
                0x0000000000000646                TIM2_Init
 .text.vNetInit
                0x00000000000006b2       0x9c ./port/porttcp.o
                0x00000000000006b2                vNetInit
 .text.WCHNET_HandleSockInt
                0x000000000000074e      0x1a4 ./port/porttcp.o
                0x000000000000074e                WCHNET_HandleSockInt
 .text.WCHNET_HandleGlobalInt
                0x00000000000008f2       0x6a ./port/porttcp.o
                0x00000000000008f2                WCHNET_HandleGlobalInt
 .text.MBTCP_task
                0x000000000000095c       0x56 ./port/porttcp.o
                0x000000000000095c                MBTCP_task
 .text.xMBTCPPortInit
                0x00000000000009b2       0x6c ./port/porttcp.o
                0x00000000000009b2                xMBTCPPortInit
 .text.vMBTCPPortDisable
                0x0000000000000a1e        0xc ./port/porttcp.o
                0x0000000000000a1e                vMBTCPPortDisable
 .text.xMBTCPPortGetRequest
                0x0000000000000a2a       0x1e ./port/porttcp.o
                0x0000000000000a2a                xMBTCPPortGetRequest
 .text.xMBTCPPortSendResponse
                0x0000000000000a48       0x66 ./port/porttcp.o
                0x0000000000000a48                xMBTCPPortSendResponse
 .text.eMBTCPDoInit
                0x0000000000000aae       0x10 ./modbus/tcp/mbtcp.o
                0x0000000000000aae                eMBTCPDoInit
 .text.eMBTCPStart
                0x0000000000000abe        0x2 ./modbus/tcp/mbtcp.o
                0x0000000000000abe                eMBTCPStart
 .text.eMBTCPStop
                0x0000000000000ac0        0x8 ./modbus/tcp/mbtcp.o
                0x0000000000000ac0                eMBTCPStop
 .text.eMBTCPReceive
                0x0000000000000ac8       0x4a ./modbus/tcp/mbtcp.o
                0x0000000000000ac8                eMBTCPReceive
 .text.eMBTCPSend
                0x0000000000000b12       0x2c ./modbus/tcp/mbtcp.o
                0x0000000000000b12                eMBTCPSend
 .text.eMBFuncReadCoils
                0x0000000000000b3e       0x9a ./modbus/functions/mbfunccoils.o
                0x0000000000000b3e                eMBFuncReadCoils
 .text.eMBFuncWriteCoil
                0x0000000000000bd8       0x6c ./modbus/functions/mbfunccoils.o
                0x0000000000000bd8                eMBFuncWriteCoil
 .text.eMBFuncWriteMultipleCoils
                0x0000000000000c44       0x88 ./modbus/functions/mbfunccoils.o
                0x0000000000000c44                eMBFuncWriteMultipleCoils
 .text.eMBFuncReadDiscreteInputs
                0x0000000000000ccc       0x96 ./modbus/functions/mbfuncdisc.o
                0x0000000000000ccc                eMBFuncReadDiscreteInputs
 .text.eMBFuncWriteHoldingRegister
                0x0000000000000d62       0x40 ./modbus/functions/mbfuncholding.o
                0x0000000000000d62                eMBFuncWriteHoldingRegister
 .text.eMBFuncWriteMultipleHoldingRegister
                0x0000000000000da2       0x78 ./modbus/functions/mbfuncholding.o
                0x0000000000000da2                eMBFuncWriteMultipleHoldingRegister
 .text.eMBFuncReadHoldingRegister
                0x0000000000000e1a       0x7a ./modbus/functions/mbfuncholding.o
                0x0000000000000e1a                eMBFuncReadHoldingRegister
 .text.eMBFuncReadWriteMultipleHoldingRegister
                0x0000000000000e94       0xec ./modbus/functions/mbfuncholding.o
                0x0000000000000e94                eMBFuncReadWriteMultipleHoldingRegister
 .text.eMBFuncReadInputRegister
                0x0000000000000f80       0x88 ./modbus/functions/mbfuncinput.o
                0x0000000000000f80                eMBFuncReadInputRegister
 .text.eMBFuncReportSlaveID
                0x0000000000001008       0x28 ./modbus/functions/mbfuncother.o
                0x0000000000001008                eMBFuncReportSlaveID
 .text.prveMBError2Exception
                0x0000000000001030       0x14 ./modbus/functions/mbutils.o
                0x0000000000001030                prveMBError2Exception
 .text.eMBTCPInit
                0x0000000000001044       0x72 ./modbus/mb.o
                0x0000000000001044                eMBTCPInit
 .text.eMBEnable
                0x00000000000010b6       0x26 ./modbus/mb.o
                0x00000000000010b6                eMBEnable
 .text.eMBPoll  0x00000000000010dc      0x114 ./modbus/mb.o
                0x00000000000010dc                eMBPoll
 .text.NMI_Handler
                0x00000000000011f0        0x4 ./User/ch32v30x_it.o
                0x00000000000011f0                NMI_Handler
 .text.HardFault_Handler
                0x00000000000011f4       0x44 ./User/ch32v30x_it.o
                0x00000000000011f4                HardFault_Handler
 .text.EXTI9_5_IRQHandler
                0x0000000000001238       0x54 ./User/ch32v30x_it.o
                0x0000000000001238                EXTI9_5_IRQHandler
 .text.ETH_IRQHandler
                0x000000000000128c        0x8 ./User/ch32v30x_it.o
                0x000000000000128c                ETH_IRQHandler
 .text.TIM2_IRQHandler
                0x0000000000001294       0x14 ./User/ch32v30x_it.o
                0x0000000000001294                TIM2_IRQHandler
 .text.task2_task
                0x00000000000012a8       0x1a ./User/main.o
                0x00000000000012a8                task2_task
 .text.xGetOSEvent
                0x00000000000012c2        0xa ./User/main.o
                0x00000000000012c2                xGetOSEvent
 .text.GPIO_Toggle_INIT
                0x00000000000012cc       0x32 ./User/main.o
                0x00000000000012cc                GPIO_Toggle_INIT
 .text.mStopIfError
                0x00000000000012fe       0x1a ./User/main.o
                0x00000000000012fe                mStopIfError
 .text.eMBRegInputCB
                0x0000000000001318       0x24 ./User/main.o
                0x0000000000001318                eMBRegInputCB
 .text.eMBRegHoldingCB
                0x000000000000133c       0x7a ./User/main.o
                0x000000000000133c                eMBRegHoldingCB
 .text.eMBRegCoilsCB
                0x00000000000013b6        0x4 ./User/main.o
                0x00000000000013b6                eMBRegCoilsCB
 .text.eMBRegDiscreteCB
                0x00000000000013ba        0x4 ./User/main.o
                0x00000000000013ba                eMBRegDiscreteCB
 .text.startup.main
                0x00000000000013be       0xb8 ./User/main.o
                0x00000000000013be                main
 .text.SystemInit
                0x0000000000001476       0xfa ./User/system_ch32v30x.o
                0x0000000000001476                SystemInit
 .text.SystemCoreClockUpdate
                0x0000000000001570       0xba ./User/system_ch32v30x.o
                0x0000000000001570                SystemCoreClockUpdate
 .text.vector_handler
                0x000000000000162a       0xbe ./Startup/startup_ch32v30x_D8C.o
                0x000000000000162e                Ecall_M_Mode_Handler
                0x0000000000001630                Ecall_U_Mode_Handler
                0x0000000000001632                Break_Point_Handler
                0x0000000000001638                WWDG_IRQHandler
                0x000000000000163a                PVD_IRQHandler
                0x000000000000163c                TAMPER_IRQHandler
                0x000000000000163e                RTC_IRQHandler
                0x0000000000001640                FLASH_IRQHandler
                0x0000000000001642                RCC_IRQHandler
                0x0000000000001644                EXTI0_IRQHandler
                0x0000000000001646                EXTI1_IRQHandler
                0x0000000000001648                EXTI2_IRQHandler
                0x000000000000164a                EXTI3_IRQHandler
                0x000000000000164c                EXTI4_IRQHandler
                0x000000000000164e                DMA1_Channel1_IRQHandler
                0x0000000000001650                DMA1_Channel2_IRQHandler
                0x0000000000001652                DMA1_Channel3_IRQHandler
                0x0000000000001654                DMA1_Channel4_IRQHandler
                0x0000000000001656                DMA1_Channel5_IRQHandler
                0x0000000000001658                DMA1_Channel6_IRQHandler
                0x000000000000165a                DMA1_Channel7_IRQHandler
                0x000000000000165c                ADC1_2_IRQHandler
                0x000000000000165e                USB_HP_CAN1_TX_IRQHandler
                0x0000000000001660                USB_LP_CAN1_RX0_IRQHandler
                0x0000000000001662                CAN1_RX1_IRQHandler
                0x0000000000001664                CAN1_SCE_IRQHandler
                0x0000000000001668                TIM1_BRK_IRQHandler
                0x000000000000166a                TIM1_UP_IRQHandler
                0x000000000000166c                TIM1_TRG_COM_IRQHandler
                0x000000000000166e                TIM1_CC_IRQHandler
                0x0000000000001672                TIM3_IRQHandler
                0x0000000000001674                TIM4_IRQHandler
                0x0000000000001676                I2C1_EV_IRQHandler
                0x0000000000001678                I2C1_ER_IRQHandler
                0x000000000000167a                I2C2_EV_IRQHandler
                0x000000000000167c                I2C2_ER_IRQHandler
                0x000000000000167e                SPI1_IRQHandler
                0x0000000000001680                SPI2_IRQHandler
                0x0000000000001682                USART1_IRQHandler
                0x0000000000001684                USART2_IRQHandler
                0x0000000000001686                USART3_IRQHandler
                0x0000000000001688                EXTI15_10_IRQHandler
                0x000000000000168a                RTCAlarm_IRQHandler
                0x000000000000168c                USBWakeUp_IRQHandler
                0x000000000000168e                TIM8_BRK_IRQHandler
                0x0000000000001690                TIM8_UP_IRQHandler
                0x0000000000001692                TIM8_TRG_COM_IRQHandler
                0x0000000000001694                TIM8_CC_IRQHandler
                0x0000000000001696                RNG_IRQHandler
                0x0000000000001698                FSMC_IRQHandler
                0x000000000000169a                SDIO_IRQHandler
                0x000000000000169c                TIM5_IRQHandler
                0x000000000000169e                SPI3_IRQHandler
                0x00000000000016a0                UART4_IRQHandler
                0x00000000000016a2                UART5_IRQHandler
                0x00000000000016a4                TIM6_IRQHandler
                0x00000000000016a6                TIM7_IRQHandler
                0x00000000000016a8                DMA2_Channel1_IRQHandler
                0x00000000000016aa                DMA2_Channel2_IRQHandler
                0x00000000000016ac                DMA2_Channel3_IRQHandler
                0x00000000000016ae                DMA2_Channel4_IRQHandler
                0x00000000000016b0                DMA2_Channel5_IRQHandler
                0x00000000000016b4                ETH_WKUP_IRQHandler
                0x00000000000016b6                CAN2_TX_IRQHandler
                0x00000000000016b8                CAN2_RX0_IRQHandler
                0x00000000000016ba                CAN2_RX1_IRQHandler
                0x00000000000016bc                CAN2_SCE_IRQHandler
                0x00000000000016be                OTG_FS_IRQHandler
                0x00000000000016c0                USBHSWakeup_IRQHandler
                0x00000000000016c2                USBHS_IRQHandler
                0x00000000000016c4                DVP_IRQHandler
                0x00000000000016c6                UART6_IRQHandler
                0x00000000000016c8                UART7_IRQHandler
                0x00000000000016ca                UART8_IRQHandler
                0x00000000000016cc                TIM9_BRK_IRQHandler
                0x00000000000016ce                TIM9_UP_IRQHandler
                0x00000000000016d0                TIM9_TRG_COM_IRQHandler
                0x00000000000016d2                TIM9_CC_IRQHandler
                0x00000000000016d4                TIM10_BRK_IRQHandler
                0x00000000000016d6                TIM10_UP_IRQHandler
                0x00000000000016d8                TIM10_TRG_COM_IRQHandler
                0x00000000000016da                TIM10_CC_IRQHandler
                0x00000000000016dc                DMA2_Channel6_IRQHandler
                0x00000000000016de                DMA2_Channel7_IRQHandler
                0x00000000000016e0                DMA2_Channel8_IRQHandler
                0x00000000000016e2                DMA2_Channel9_IRQHandler
                0x00000000000016e4                DMA2_Channel10_IRQHandler
                0x00000000000016e6                DMA2_Channel11_IRQHandler
 .text.handle_reset
                0x00000000000016e8       0x92 ./Startup/startup_ch32v30x_D8C.o
                0x00000000000016e8                handle_reset
 .text.DBGMCU_GetCHIPID
                0x000000000000177a        0xa ./Peripheral/src/ch32v30x_dbgmcu.o
                0x000000000000177a                DBGMCU_GetCHIPID
 .text.ETH_DeInit
                0x0000000000001784       0x14 ./Peripheral/src/ch32v30x_eth.o
                0x0000000000001784                ETH_DeInit
 .text.ETH_StructInit
                0x0000000000001798       0xd8 ./Peripheral/src/ch32v30x_eth.o
                0x0000000000001798                ETH_StructInit
 .text.ETH_ReadPHYRegister
                0x0000000000001870       0x58 ./Peripheral/src/ch32v30x_eth.o
                0x0000000000001870                ETH_ReadPHYRegister
 .text.ETH_WritePHYRegister
                0x00000000000018c8       0x52 ./Peripheral/src/ch32v30x_eth.o
                0x00000000000018c8                ETH_WritePHYRegister
 .text.ETH_DMATxDescChainInit
                0x000000000000191a       0x46 ./Peripheral/src/ch32v30x_eth.o
                0x000000000000191a                ETH_DMATxDescChainInit
 .text.ETH_DMARxDescChainInit
                0x0000000000001960       0x50 ./Peripheral/src/ch32v30x_eth.o
                0x0000000000001960                ETH_DMARxDescChainInit
 .text.ETH_SoftwareReset
                0x00000000000019b0        0xe ./Peripheral/src/ch32v30x_eth.o
                0x00000000000019b0                ETH_SoftwareReset
 .text.ETH_DMAClearITPendingBit
                0x00000000000019be        0x8 ./Peripheral/src/ch32v30x_eth.o
                0x00000000000019be                ETH_DMAClearITPendingBit
 .text.ETH_FlushTransmitFIFO
                0x00000000000019c6       0x10 ./Peripheral/src/ch32v30x_eth.o
                0x00000000000019c6                ETH_FlushTransmitFIFO
 .text.ETH_Start
                0x00000000000019d6       0x32 ./Peripheral/src/ch32v30x_eth.o
                0x00000000000019d6                ETH_Start
 .text.ETH_DMAITConfig
                0x0000000000001a08       0x1e ./Peripheral/src/ch32v30x_eth.o
                0x0000000000001a08                ETH_DMAITConfig
 .text.EXTI_ClearITPendingBit
                0x0000000000001a26        0xa ./Peripheral/src/ch32v30x_exti.o
                0x0000000000001a26                EXTI_ClearITPendingBit
 .text.GPIO_Init
                0x0000000000001a30       0xc0 ./Peripheral/src/ch32v30x_gpio.o
                0x0000000000001a30                GPIO_Init
 .text.GPIO_SetBits
                0x0000000000001af0        0x4 ./Peripheral/src/ch32v30x_gpio.o
                0x0000000000001af0                GPIO_SetBits
 .text.GPIO_ResetBits
                0x0000000000001af4        0x4 ./Peripheral/src/ch32v30x_gpio.o
                0x0000000000001af4                GPIO_ResetBits
 .text.NVIC_PriorityGroupConfig
                0x0000000000001af8        0xa ./Peripheral/src/ch32v30x_misc.o
                0x0000000000001af8                NVIC_PriorityGroupConfig
 .text.RCC_GetClocksFreq
                0x0000000000001b02      0x176 ./Peripheral/src/ch32v30x_rcc.o
                0x0000000000001b02                RCC_GetClocksFreq
 .text.RCC_AHBPeriphClockCmd
                0x0000000000001c78       0x1e ./Peripheral/src/ch32v30x_rcc.o
                0x0000000000001c78                RCC_AHBPeriphClockCmd
 .text.RCC_APB2PeriphClockCmd
                0x0000000000001c96       0x1e ./Peripheral/src/ch32v30x_rcc.o
                0x0000000000001c96                RCC_APB2PeriphClockCmd
 .text.RCC_APB1PeriphClockCmd
                0x0000000000001cb4       0x1e ./Peripheral/src/ch32v30x_rcc.o
                0x0000000000001cb4                RCC_APB1PeriphClockCmd
 .text.RCC_GetFlagStatus
                0x0000000000001cd2       0x2e ./Peripheral/src/ch32v30x_rcc.o
                0x0000000000001cd2                RCC_GetFlagStatus
 .text.RCC_PREDIV2Config
                0x0000000000001d00       0x10 ./Peripheral/src/ch32v30x_rcc.o
                0x0000000000001d00                RCC_PREDIV2Config
 .text.RCC_PLL3Config
                0x0000000000001d10       0x12 ./Peripheral/src/ch32v30x_rcc.o
                0x0000000000001d10                RCC_PLL3Config
 .text.RCC_PLL3Cmd
                0x0000000000001d22       0x24 ./Peripheral/src/ch32v30x_rcc.o
                0x0000000000001d22                RCC_PLL3Cmd
 .text.RCC_AHBPeriphResetCmd
                0x0000000000001d46       0x1e ./Peripheral/src/ch32v30x_rcc.o
                0x0000000000001d46                RCC_AHBPeriphResetCmd
 .text.TIM_TimeBaseInit
                0x0000000000001d64       0xaa ./Peripheral/src/ch32v30x_tim.o
                0x0000000000001d64                TIM_TimeBaseInit
 .text.TIM_Cmd  0x0000000000001e0e       0x18 ./Peripheral/src/ch32v30x_tim.o
                0x0000000000001e0e                TIM_Cmd
 .text.TIM_ITConfig
                0x0000000000001e26       0x12 ./Peripheral/src/ch32v30x_tim.o
                0x0000000000001e26                TIM_ITConfig
 .text.TIM_ClearITPendingBit
                0x0000000000001e38        0xc ./Peripheral/src/ch32v30x_tim.o
                0x0000000000001e38                TIM_ClearITPendingBit
 .text.USART_Init
                0x0000000000001e44       0xba ./Peripheral/src/ch32v30x_usart.o
                0x0000000000001e44                USART_Init
 .text.USART_Cmd
                0x0000000000001efe       0x16 ./Peripheral/src/ch32v30x_usart.o
                0x0000000000001efe                USART_Cmd
 .text.USART_SendData
                0x0000000000001f14        0x8 ./Peripheral/src/ch32v30x_usart.o
                0x0000000000001f14                USART_SendData
 .text.USART_GetFlagStatus
                0x0000000000001f1c        0xa ./Peripheral/src/ch32v30x_usart.o
                0x0000000000001f1c                USART_GetFlagStatus
 .text.ETH_TxPktChainMode
                0x0000000000001f26       0x44 ./NetLib/eth_driver_10M.o
                0x0000000000001f26                ETH_TxPktChainMode
 .text.ETH_LedDataSet
                0x0000000000001f6a       0x22 ./NetLib/eth_driver_10M.o
                0x0000000000001f6a                ETH_LedDataSet
 .text.ETH_LedLinkSet
                0x0000000000001f8c       0x22 ./NetLib/eth_driver_10M.o
                0x0000000000001f8c                ETH_LedLinkSet
 .text.WCHNET_GetMacAddr
                0x0000000000001fae       0x20 ./NetLib/eth_driver_10M.o
                0x0000000000001fae                WCHNET_GetMacAddr
 .text.WCHNET_TimeIsr
                0x0000000000001fce       0x10 ./NetLib/eth_driver_10M.o
                0x0000000000001fce                WCHNET_TimeIsr
 .text.WCHNET_PhyPNProcess
                0x0000000000001fde       0xbc ./NetLib/eth_driver_10M.o
                0x0000000000001fde                WCHNET_PhyPNProcess
 .text.WCHNET_LinkProcess
                0x000000000000209a      0x344 ./NetLib/eth_driver_10M.o
                0x000000000000209a                WCHNET_LinkProcess
 .text.WCHNET_HandlePhyNegotiation
                0x00000000000023de      0x1cc ./NetLib/eth_driver_10M.o
                0x00000000000023de                WCHNET_HandlePhyNegotiation
 .text.ETH_LedConfiguration
                0x00000000000025aa       0x44 ./NetLib/eth_driver_10M.o
                0x00000000000025aa                ETH_LedConfiguration
 .text.ETH_SetClock
                0x00000000000025ee       0x2a ./NetLib/eth_driver_10M.o
                0x00000000000025ee                ETH_SetClock
 .text.ETH_PHYLink
                0x0000000000002618      0x124 ./NetLib/eth_driver_10M.o
                0x0000000000002618                ETH_PHYLink
 .text.ReInitMACReg
                0x000000000000273c      0x2be ./NetLib/eth_driver_10M.o
                0x000000000000273c                ReInitMACReg
 .text.WCHNET_RecProcess
                0x00000000000029fa       0x30 ./NetLib/eth_driver_10M.o
                0x00000000000029fa                WCHNET_RecProcess
 .text.WCHNET_MainTask
                0x0000000000002a2a       0x16 ./NetLib/eth_driver_10M.o
                0x0000000000002a2a                WCHNET_MainTask
 .text.ETH_RegInit
                0x0000000000002a40      0x118 ./NetLib/eth_driver_10M.o
                0x0000000000002a40                ETH_RegInit
 .text.ETH_Configuration
                0x0000000000002b58       0xee ./NetLib/eth_driver_10M.o
                0x0000000000002b58                ETH_Configuration
 .text.WCHNET_ETHIsr
                0x0000000000002c46       0x82 ./NetLib/eth_driver_10M.o
                0x0000000000002c46                WCHNET_ETHIsr
 .text.ETH_Init
                0x0000000000002cc8       0x98 ./NetLib/eth_driver_10M.o
                0x0000000000002cc8                ETH_Init
 .text.ETH_LibInit
                0x0000000000002d60       0x84 ./NetLib/eth_driver_10M.o
                0x0000000000002d60                ETH_LibInit
 .text.prvInsertBlockIntoFreeList
                0x0000000000002de4       0x44 ./FreeRTOS/portable/MemMang/heap_4.o
 .text.pvPortMalloc
                0x0000000000002e28      0x166 ./FreeRTOS/portable/MemMang/heap_4.o
                0x0000000000002e28                pvPortMalloc
 .text.vPortFree
                0x0000000000002f8e       0x9c ./FreeRTOS/portable/MemMang/heap_4.o
                0x0000000000002f8e                vPortFree
 .text.vPortSetupTimerInterrupt
                0x000000000000302a       0x3a ./FreeRTOS/portable/GCC/RISC-V/port.o
                0x000000000000302a                vPortSetupTimerInterrupt
 .text.xPortStartScheduler
                0x0000000000003064       0x8e ./FreeRTOS/portable/GCC/RISC-V/port.o
                0x0000000000003064                xPortStartScheduler
 .text.SysTick_Handler
                0x00000000000030f2       0x38 ./FreeRTOS/portable/GCC/RISC-V/port.o
                0x00000000000030f2                SysTick_Handler
 .text.vPortEnterCritical
                0x000000000000312a       0x16 ./FreeRTOS/portable/GCC/RISC-V/port.o
                0x000000000000312a                vPortEnterCritical
 .text.vPortExitCritical
                0x0000000000003140       0x42 ./FreeRTOS/portable/GCC/RISC-V/port.o
                0x0000000000003140                vPortExitCritical
 .text.xEventGroupCreate
                0x0000000000003182       0x1c ./FreeRTOS/event_groups.o
                0x0000000000003182                xEventGroupCreate
 .text.xEventGroupWaitBits
                0x000000000000319e      0x15a ./FreeRTOS/event_groups.o
                0x000000000000319e                xEventGroupWaitBits
 .text.xEventGroupSetBits
                0x00000000000032f8       0xc8 ./FreeRTOS/event_groups.o
                0x00000000000032f8                xEventGroupSetBits
 .text.vListInitialise
                0x00000000000033c0       0x14 ./FreeRTOS/list.o
                0x00000000000033c0                vListInitialise
 .text.vListInitialiseItem
                0x00000000000033d4        0x6 ./FreeRTOS/list.o
                0x00000000000033d4                vListInitialiseItem
 .text.vListInsert
                0x00000000000033da       0x2e ./FreeRTOS/list.o
                0x00000000000033da                vListInsert
 .text.uxListRemove
                0x0000000000003408       0x20 ./FreeRTOS/list.o
                0x0000000000003408                uxListRemove
 .text.prvIsQueueEmpty
                0x0000000000003428       0x1e ./FreeRTOS/queue.o
 .text.prvCopyDataFromQueue
                0x0000000000003446       0x28 ./FreeRTOS/queue.o
 .text.prvUnlockQueue
                0x000000000000346e       0x76 ./FreeRTOS/queue.o
 .text.xQueueGenericReset
                0x00000000000034e4       0xc4 ./FreeRTOS/queue.o
                0x00000000000034e4                xQueueGenericReset
 .text.xQueueGenericCreate
                0x00000000000035a8       0x6e ./FreeRTOS/queue.o
                0x00000000000035a8                xQueueGenericCreate
 .text.xQueueReceive
                0x0000000000003616      0x15e ./FreeRTOS/queue.o
                0x0000000000003616                xQueueReceive
 .text.vQueueAddToRegistry
                0x0000000000003774       0x6c ./FreeRTOS/queue.o
                0x0000000000003774                vQueueAddToRegistry
 .text.vQueueWaitForMessageRestricted
                0x00000000000037e0       0x5c ./FreeRTOS/queue.o
                0x00000000000037e0                vQueueWaitForMessageRestricted
 .text.prvResetNextTaskUnblockTime
                0x000000000000383c       0x1c ./FreeRTOS/tasks.o
 .text.prvAddCurrentTaskToDelayedList
                0x0000000000003858       0x92 ./FreeRTOS/tasks.o
 .text.prvIdleTask
                0x00000000000038ea       0x4a ./FreeRTOS/tasks.o
 .text.xTaskCreate
                0x0000000000003934      0x1e4 ./FreeRTOS/tasks.o
                0x0000000000003934                xTaskCreate
 .text.vTaskStartScheduler
                0x0000000000003b18       0x82 ./FreeRTOS/tasks.o
                0x0000000000003b18                vTaskStartScheduler
 .text.vTaskSuspendAll
                0x0000000000003b9a        0xc ./FreeRTOS/tasks.o
                0x0000000000003b9a                vTaskSuspendAll
 .text.xTaskGetTickCount
                0x0000000000003ba6        0x6 ./FreeRTOS/tasks.o
                0x0000000000003ba6                xTaskGetTickCount
 .text.xTaskIncrementTick
                0x0000000000003bac      0x180 ./FreeRTOS/tasks.o
                0x0000000000003bac                xTaskIncrementTick
 .text.xTaskResumeAll
                0x0000000000003d2c      0x148 ./FreeRTOS/tasks.o
                0x0000000000003d2c                xTaskResumeAll
 .text.vTaskDelay
                0x0000000000003e74       0x62 ./FreeRTOS/tasks.o
                0x0000000000003e74                vTaskDelay
 .text.vTaskSwitchContext
                0x0000000000003ed6       0x8a ./FreeRTOS/tasks.o
                0x0000000000003ed6                vTaskSwitchContext
 .text.vTaskPlaceOnEventList
                0x0000000000003f60       0x44 ./FreeRTOS/tasks.o
                0x0000000000003f60                vTaskPlaceOnEventList
 .text.vTaskPlaceOnUnorderedEventList
                0x0000000000003fa4       0x98 ./FreeRTOS/tasks.o
                0x0000000000003fa4                vTaskPlaceOnUnorderedEventList
 .text.vTaskPlaceOnEventListRestricted
                0x000000000000403c       0x72 ./FreeRTOS/tasks.o
                0x000000000000403c                vTaskPlaceOnEventListRestricted
 .text.xTaskRemoveFromEventList
                0x00000000000040ae       0xdc ./FreeRTOS/tasks.o
                0x00000000000040ae                xTaskRemoveFromEventList
 .text.vTaskRemoveFromUnorderedEventList
                0x000000000000418a       0xea ./FreeRTOS/tasks.o
                0x000000000000418a                vTaskRemoveFromUnorderedEventList
 .text.vTaskInternalSetTimeOutState
                0x0000000000004274        0xe ./FreeRTOS/tasks.o
                0x0000000000004274                vTaskInternalSetTimeOutState
 .text.xTaskCheckForTimeOut
                0x0000000000004282       0xbe ./FreeRTOS/tasks.o
                0x0000000000004282                xTaskCheckForTimeOut
 .text.vTaskMissedYield
                0x0000000000004340        0x8 ./FreeRTOS/tasks.o
                0x0000000000004340                vTaskMissedYield
 .text.xTaskGetSchedulerState
                0x0000000000004348       0x14 ./FreeRTOS/tasks.o
                0x0000000000004348                xTaskGetSchedulerState
 .text.uxTaskResetEventItemValue
                0x000000000000435c       0x16 ./FreeRTOS/tasks.o
                0x000000000000435c                uxTaskResetEventItemValue
 .text.prvCheckForValidListAndQueue
                0x0000000000004372       0x5a ./FreeRTOS/timers.o
 .text.prvInsertTimerInActiveList
                0x00000000000043cc       0x3e ./FreeRTOS/timers.o
 .text.prvReloadTimer
                0x000000000000440a       0x2a ./FreeRTOS/timers.o
 .text.prvProcessExpiredTimer
                0x0000000000004434       0x42 ./FreeRTOS/timers.o
 .text.prvSwitchTimerLists
                0x0000000000004476       0x28 ./FreeRTOS/timers.o
 .text.prvTimerTask
                0x000000000000449e      0x188 ./FreeRTOS/timers.o
 .text.xTimerCreateTimerTask
                0x0000000000004626       0x58 ./FreeRTOS/timers.o
                0x0000000000004626                xTimerCreateTimerTask
 .text.Delay_Init
                0x000000000000467e       0x26 ./Debug/debug.o
                0x000000000000467e                Delay_Init
 .text.Delay_Us
                0x00000000000046a4       0x36 ./Debug/debug.o
                0x00000000000046a4                Delay_Us
 .text.Delay_Ms
                0x00000000000046da       0x36 ./Debug/debug.o
                0x00000000000046da                Delay_Ms
 .text.USART_Printf_Init
                0x0000000000004710       0x5a ./Debug/debug.o
                0x0000000000004710                USART_Printf_Init
 .text._write   0x000000000000476a       0x3e ./Debug/debug.o
                0x000000000000476a                _write
 .text._sbrk    0x00000000000047a8       0x2a ./Debug/debug.o
                0x00000000000047a8                _sbrk
 .text.__get_MEPC
                0x00000000000047d2        0x6 ./Core/core_riscv.o
                0x00000000000047d2                __get_MEPC
 .text.__get_MCAUSE
                0x00000000000047d8        0x6 ./Core/core_riscv.o
                0x00000000000047d8                __get_MCAUSE
 .text.__get_MTVAL
                0x00000000000047de        0x6 ./Core/core_riscv.o
                0x00000000000047de                __get_MTVAL
 .text.WCHNET_PeriodicHandle
                0x00000000000047e4      0x1bc C:\MRS_DATA\workspace\FreeModbus\NetLib\libwchnet.a(eth_api.o)
                0x00000000000047e4                WCHNET_PeriodicHandle
 .text.WCHNET_NetInput
                0x00000000000049a0       0x14 C:\MRS_DATA\workspace\FreeModbus\NetLib\libwchnet.a(eth_api.o)
                0x00000000000049a0                WCHNET_NetInput
 .text.WCHNET_PhyStatus
                0x00000000000049b4       0x4e C:\MRS_DATA\workspace\FreeModbus\NetLib\libwchnet.a(eth_api.o)
                0x00000000000049b4                WCHNET_PhyStatus
 .text.WCHNET_Rx
                0x0000000000004a02       0x9a C:\MRS_DATA\workspace\FreeModbus\NetLib\libwchnet.a(eth_api.o)
                0x0000000000004a02                WCHNET_Rx
 .text.setRxBuffAddr
                0x0000000000004a9c       0x16 C:\MRS_DATA\workspace\FreeModbus\NetLib\libwchnet.a(eth_api.o)
                0x0000000000004a9c                setRxBuffAddr
 .text.WCHNET_Tx
                0x0000000000004ab2       0x36 C:\MRS_DATA\workspace\FreeModbus\NetLib\libwchnet.a(eth_api.o)
                0x0000000000004ab2                WCHNET_Tx
 .text.getTxBuffAddr
                0x0000000000004ae8       0x54 C:\MRS_DATA\workspace\FreeModbus\NetLib\libwchnet.a(eth_api.o)
                0x0000000000004ae8                getTxBuffAddr
 .text.IPCheckParaInit
                0x0000000000004b3c       0x22 C:\MRS_DATA\workspace\FreeModbus\NetLib\libwchnet.a(ipcheck.o)
                0x0000000000004b3c                IPCheckParaInit
 .text.SelIPARPSend
                0x0000000000004b5e       0x38 C:\MRS_DATA\workspace\FreeModbus\NetLib\libwchnet.a(ipcheck.o)
                0x0000000000004b5e                SelIPARPSend
 .text.IPCheckTmr
                0x0000000000004b96       0x42 C:\MRS_DATA\workspace\FreeModbus\NetLib\libwchnet.a(ipcheck.o)
                0x0000000000004b96                IPCheckTmr
 .text.IPConflictHandle
                0x0000000000004bd8       0x2e C:\MRS_DATA\workspace\FreeModbus\NetLib\libwchnet.a(ipcheck.o)
                0x0000000000004bd8                IPConflictHandle
 .text.NET_TCPError
                0x0000000000004c06        0x2 C:\MRS_DATA\workspace\FreeModbus\NetLib\libwchnet.a(socket.o)
                0x0000000000004c06                NET_TCPError
 .text.LwipTCPSendCallBack
                0x0000000000004c08       0x3e C:\MRS_DATA\workspace\FreeModbus\NetLib\libwchnet.a(socket.o)
                0x0000000000004c08                LwipTCPSendCallBack
 .text.LwipTCPPollCallBack
                0x0000000000004c46        0x4 C:\MRS_DATA\workspace\FreeModbus\NetLib\libwchnet.a(socket.o)
                0x0000000000004c46                LwipTCPPollCallBack
 .text.SocketIPRAWReceive
                0x0000000000004c4a       0xc0 C:\MRS_DATA\workspace\FreeModbus\NetLib\libwchnet.a(socket.o)
                0x0000000000004c4a                SocketIPRAWReceive
 .text.SocketUdpReceive
                0x0000000000004d0a       0xd6 C:\MRS_DATA\workspace\FreeModbus\NetLib\libwchnet.a(socket.o)
                0x0000000000004d0a                SocketUdpReceive
 .text.WCHSocketTCPReceive
                0x0000000000004de0       0xdc C:\MRS_DATA\workspace\FreeModbus\NetLib\libwchnet.a(socket.o)
                0x0000000000004de0                WCHSocketTCPReceive
 .text.WCHTCPServerAccept
                0x0000000000004ebc       0xc6 C:\MRS_DATA\workspace\FreeModbus\NetLib\libwchnet.a(socket.o)
                0x0000000000004ebc                WCHTCPServerAccept
 .text.ErrorEncode
                0x0000000000004f82       0x1a C:\MRS_DATA\workspace\FreeModbus\NetLib\libwchnet.a(socket.o)
                0x0000000000004f82                ErrorEncode
 .text.WCHSocketInit
                0x0000000000004f9c       0x4c C:\MRS_DATA\workspace\FreeModbus\NetLib\libwchnet.a(socket.o)
                0x0000000000004f9c                WCHSocketInit
 .text.WCHNET_Init
                0x0000000000004fe8       0xac C:\MRS_DATA\workspace\FreeModbus\NetLib\libwchnet.a(socket.o)
                0x0000000000004fe8                WCHNET_Init
 .text.WCHNET_ConfigKeepLive
                0x0000000000005094       0x16 C:\MRS_DATA\workspace\FreeModbus\NetLib\libwchnet.a(socket.o)
                0x0000000000005094                WCHNET_ConfigKeepLive
 .text.WCHNET_ConfigLIB
                0x00000000000050aa      0x130 C:\MRS_DATA\workspace\FreeModbus\NetLib\libwchnet.a(socket.o)
                0x00000000000050aa                WCHNET_ConfigLIB
 .text.WCHFindCorrectTCBPcb
                0x00000000000051da       0x5e C:\MRS_DATA\workspace\FreeModbus\NetLib\libwchnet.a(socket.o)
                0x00000000000051da                WCHFindCorrectTCBPcb
 .text.WCHNET_SocketCreat
                0x0000000000005238      0x1d2 C:\MRS_DATA\workspace\FreeModbus\NetLib\libwchnet.a(socket.o)
                0x0000000000005238                WCHNET_SocketCreat
 .text.tcp_recved_socket
                0x000000000000540a       0x4a C:\MRS_DATA\workspace\FreeModbus\NetLib\libwchnet.a(socket.o)
                0x000000000000540a                tcp_recved_socket
 .text.WCHNET_ModifyRecvBuf
                0x0000000000005454       0x52 C:\MRS_DATA\workspace\FreeModbus\NetLib\libwchnet.a(socket.o)
                0x0000000000005454                WCHNET_ModifyRecvBuf
 .text.WCHNET_SocketRecv
                0x00000000000054a6       0xe8 C:\MRS_DATA\workspace\FreeModbus\NetLib\libwchnet.a(socket.o)
                0x00000000000054a6                WCHNET_SocketRecv
 .text.SocketIPRawSend
                0x000000000000558e       0xbe C:\MRS_DATA\workspace\FreeModbus\NetLib\libwchnet.a(socket.o)
                0x000000000000558e                SocketIPRawSend
 .text.SocketUdpSend
                0x000000000000564c       0xbe C:\MRS_DATA\workspace\FreeModbus\NetLib\libwchnet.a(socket.o)
                0x000000000000564c                SocketUdpSend
 .text.SocketTcpSend
                0x000000000000570a       0xf0 C:\MRS_DATA\workspace\FreeModbus\NetLib\libwchnet.a(socket.o)
                0x000000000000570a                SocketTcpSend
 .text.WCHNET_SocketSend
                0x00000000000057fa       0x56 C:\MRS_DATA\workspace\FreeModbus\NetLib\libwchnet.a(socket.o)
                0x00000000000057fa                WCHNET_SocketSend
 .text.WCHScokedIntHandle
                0x0000000000005850       0x52 C:\MRS_DATA\workspace\FreeModbus\NetLib\libwchnet.a(socket.o)
                0x0000000000005850                WCHScokedIntHandle
 .text.LwipRemoveTcpPcb
                0x00000000000058a2       0x9c C:\MRS_DATA\workspace\FreeModbus\NetLib\libwchnet.a(socket.o)
                0x00000000000058a2                LwipRemoveTcpPcb
 .text.WCHNET_QueryGlobalInt
                0x000000000000593e       0x3e C:\MRS_DATA\workspace\FreeModbus\NetLib\libwchnet.a(socket.o)
                0x000000000000593e                WCHNET_QueryGlobalInt
 .text.WCHNET_GetGlobalInt
                0x000000000000597c       0x14 C:\MRS_DATA\workspace\FreeModbus\NetLib\libwchnet.a(socket.o)
                0x000000000000597c                WCHNET_GetGlobalInt
 .text.WCHNET_GetSocketInt
                0x0000000000005990       0x2a C:\MRS_DATA\workspace\FreeModbus\NetLib\libwchnet.a(socket.o)
                0x0000000000005990                WCHNET_GetSocketInt
 .text.WCHNET_GetPHYStatus
                0x00000000000059ba        0xa C:\MRS_DATA\workspace\FreeModbus\NetLib\libwchnet.a(socket.o)
                0x00000000000059ba                WCHNET_GetPHYStatus
 .text.WCHNET_SocketSetKeepLive
                0x00000000000059c4       0x54 C:\MRS_DATA\workspace\FreeModbus\NetLib\libwchnet.a(socket.o)
                0x00000000000059c4                WCHNET_SocketSetKeepLive
 .text.WCHNET_SocketListen
                0x0000000000005a18       0x6e C:\MRS_DATA\workspace\FreeModbus\NetLib\libwchnet.a(socket.o)
                0x0000000000005a18                WCHNET_SocketListen
 .text.CloseUpdConnect
                0x0000000000005a86       0x38 C:\MRS_DATA\workspace\FreeModbus\NetLib\libwchnet.a(socket.o)
                0x0000000000005a86                CloseUpdConnect
 .text.CloseIPRAWConnect
                0x0000000000005abe       0x38 C:\MRS_DATA\workspace\FreeModbus\NetLib\libwchnet.a(socket.o)
                0x0000000000005abe                CloseIPRAWConnect
 .text.CloseTcpPCB
                0x0000000000005af6       0x7e C:\MRS_DATA\workspace\FreeModbus\NetLib\libwchnet.a(socket.o)
                0x0000000000005af6                CloseTcpPCB
 .text.WCHNET_SocketClose
                0x0000000000005b74       0x60 C:\MRS_DATA\workspace\FreeModbus\NetLib\libwchnet.a(socket.o)
                0x0000000000005b74                WCHNET_SocketClose
 .text.QueryPingEnable
                0x0000000000005bd4        0xe C:\MRS_DATA\workspace\FreeModbus\NetLib\libwchnet.a(socket.o)
                0x0000000000005bd4                QueryPingEnable
 .text.LwipUnreachPort
                0x0000000000005be2       0x1a C:\MRS_DATA\workspace\FreeModbus\NetLib\libwchnet.a(socket.o)
                0x0000000000005be2                LwipUnreachPort
 .text.LwipArpCheck
                0x0000000000005bfc        0xc C:\MRS_DATA\workspace\FreeModbus\NetLib\libwchnet.a(socket.o)
                0x0000000000005bfc                LwipArpCheck
 .text.find_entry
                0x0000000000005c08      0x17e C:\MRS_DATA\workspace\FreeModbus\NetLib\libwchnet.a(etharp.o)
 .text.update_arp_entry
                0x0000000000005d86       0xb2 C:\MRS_DATA\workspace\FreeModbus\NetLib\libwchnet.a(etharp.o)
 .text.etharp_tmr
                0x0000000000005e38       0x4e C:\MRS_DATA\workspace\FreeModbus\NetLib\libwchnet.a(etharp.o)
                0x0000000000005e38                etharp_tmr
 .text.etharp_ip_input
                0x0000000000005e86       0x5a C:\MRS_DATA\workspace\FreeModbus\NetLib\libwchnet.a(etharp.o)
                0x0000000000005e86                etharp_ip_input
 .text.etharp_arp_input
                0x0000000000005ee0      0x168 C:\MRS_DATA\workspace\FreeModbus\NetLib\libwchnet.a(etharp.o)
                0x0000000000005ee0                etharp_arp_input
 .text.etharp_request
                0x0000000000006048       0xce C:\MRS_DATA\workspace\FreeModbus\NetLib\libwchnet.a(etharp.o)
                0x0000000000006048                etharp_request
 .text.etharp_query
                0x0000000000006116       0xe2 C:\MRS_DATA\workspace\FreeModbus\NetLib\libwchnet.a(etharp.o)
                0x0000000000006116                etharp_query
 .text.etharp_output
                0x00000000000061f8      0x134 C:\MRS_DATA\workspace\FreeModbus\NetLib\libwchnet.a(etharp.o)
                0x00000000000061f8                etharp_output
 .text.ethernet_input
                0x000000000000632c       0x86 C:\MRS_DATA\workspace\FreeModbus\NetLib\libwchnet.a(etharp.o)
                0x000000000000632c                ethernet_input
 .text.ethernetif_init
                0x00000000000063b2       0x64 C:\MRS_DATA\workspace\FreeModbus\NetLib\libwchnet.a(ethernetif.o)
                0x00000000000063b2                ethernetif_init
 .text.low_level_output
                0x0000000000006416       0x52 C:\MRS_DATA\workspace\FreeModbus\NetLib\libwchnet.a(ethernetif.o)
 .text.ethernetif_input
                0x0000000000006468       0x70 C:\MRS_DATA\workspace\FreeModbus\NetLib\libwchnet.a(ethernetif.o)
                0x0000000000006468                ethernetif_input
 .text.wch_ethernetif_init
                0x00000000000064d8       0x76 C:\MRS_DATA\workspace\FreeModbus\NetLib\libwchnet.a(ethernetif.o)
                0x00000000000064d8                wch_ethernetif_init
 .text.htons    0x000000000000654e        0xe C:\MRS_DATA\workspace\FreeModbus\NetLib\libwchnet.a(inet.o)
                0x000000000000654e                htons
 .text.ntohs    0x000000000000655c        0xe C:\MRS_DATA\workspace\FreeModbus\NetLib\libwchnet.a(inet.o)
                0x000000000000655c                ntohs
 .text.htonl    0x000000000000656a       0x24 C:\MRS_DATA\workspace\FreeModbus\NetLib\libwchnet.a(inet.o)
                0x000000000000656a                htonl
 .text.ntohl    0x000000000000658e        0xc C:\MRS_DATA\workspace\FreeModbus\NetLib\libwchnet.a(inet.o)
                0x000000000000658e                ntohl
 .text.ip_route
                0x000000000000659a       0x4c C:\MRS_DATA\workspace\FreeModbus\NetLib\libwchnet.a(ip.o)
                0x000000000000659a                ip_route
 .text.ip_input
                0x00000000000065e6      0x29a C:\MRS_DATA\workspace\FreeModbus\NetLib\libwchnet.a(ip.o)
                0x00000000000065e6                ip_input
 .text.ip_output_if
                0x0000000000006880      0x15a C:\MRS_DATA\workspace\FreeModbus\NetLib\libwchnet.a(ip.o)
                0x0000000000006880                ip_output_if
 .text.ip_output
                0x00000000000069da       0x36 C:\MRS_DATA\workspace\FreeModbus\NetLib\libwchnet.a(ip.o)
                0x00000000000069da                ip_output
 .text.ip_addr_isbroadcast
                0x0000000000006a10       0x4a C:\MRS_DATA\workspace\FreeModbus\NetLib\libwchnet.a(ip_addr.o)
                0x0000000000006a10                ip_addr_isbroadcast
 .text.ip_reass_tmr
                0x0000000000006a5a       0xe6 C:\MRS_DATA\workspace\FreeModbus\NetLib\libwchnet.a(ip_frag.o)
                0x0000000000006a5a                ip_reass_tmr
 .text.ip_reass
                0x0000000000006b40      0x3dc C:\MRS_DATA\workspace\FreeModbus\NetLib\libwchnet.a(ip_frag.o)
                0x0000000000006b40                ip_reass
 .text.ip_frag  0x0000000000006f1c      0x17e C:\MRS_DATA\workspace\FreeModbus\NetLib\libwchnet.a(ip_frag.o)
                0x0000000000006f1c                ip_frag
 .text.dhcp_set_state
                0x000000000000709a        0xe C:\MRS_DATA\workspace\FreeModbus\NetLib\libwchnet.a(dhcp.o)
 .text.dhcp_option
                0x00000000000070a8       0x20 C:\MRS_DATA\workspace\FreeModbus\NetLib\libwchnet.a(dhcp.o)
 .text.dhcp_option_byte
                0x00000000000070c8       0x12 C:\MRS_DATA\workspace\FreeModbus\NetLib\libwchnet.a(dhcp.o)
 .text.dhcp_option_long
                0x00000000000070da       0x48 C:\MRS_DATA\workspace\FreeModbus\NetLib\libwchnet.a(dhcp.o)
 .text.dhcp_option_trailer
                0x0000000000007122       0x34 C:\MRS_DATA\workspace\FreeModbus\NetLib\libwchnet.a(dhcp.o)
 .text.dhcp_create_request
                0x0000000000007156      0x17e C:\MRS_DATA\workspace\FreeModbus\NetLib\libwchnet.a(dhcp.o)
 .text.dhcp_delete_request
                0x00000000000072d4       0x1e C:\MRS_DATA\workspace\FreeModbus\NetLib\libwchnet.a(dhcp.o)
 .text.dhcp_arp_reply
                0x00000000000072f2      0x182 C:\MRS_DATA\workspace\FreeModbus\NetLib\libwchnet.a(dhcp.o)
                0x00000000000072f2                dhcp_arp_reply
 .text.lwip_init
                0x0000000000007474       0x18 C:\MRS_DATA\workspace\FreeModbus\NetLib\libwchnet.a(init.o)
                0x0000000000007474                lwip_init
 .text.mem_init
                0x000000000000748c       0x3e C:\MRS_DATA\workspace\FreeModbus\NetLib\libwchnet.a(mem.o)
                0x000000000000748c                mem_init
 .text.mem_free
                0x00000000000074ca       0x84 C:\MRS_DATA\workspace\FreeModbus\NetLib\libwchnet.a(mem.o)
                0x00000000000074ca                mem_free
 .text.mem_realloc
                0x000000000000754e       0xca C:\MRS_DATA\workspace\FreeModbus\NetLib\libwchnet.a(mem.o)
                0x000000000000754e                mem_realloc
 .text.mem_malloc
                0x0000000000007618       0xd0 C:\MRS_DATA\workspace\FreeModbus\NetLib\libwchnet.a(mem.o)
                0x0000000000007618                mem_malloc
 .text.memp_init
                0x00000000000076e8       0x50 C:\MRS_DATA\workspace\FreeModbus\NetLib\libwchnet.a(memp.o)
                0x00000000000076e8                memp_init
 .text.memp_malloc
                0x0000000000007738       0x20 C:\MRS_DATA\workspace\FreeModbus\NetLib\libwchnet.a(memp.o)
                0x0000000000007738                memp_malloc
 .text.memp_free
                0x0000000000007758       0x18 C:\MRS_DATA\workspace\FreeModbus\NetLib\libwchnet.a(memp.o)
                0x0000000000007758                memp_free
 .text.netif_set_ipaddr
                0x0000000000007770       0x96 C:\MRS_DATA\workspace\FreeModbus\NetLib\libwchnet.a(netif.o)
                0x0000000000007770                netif_set_ipaddr
 .text.netif_set_addr
                0x0000000000007806       0x4e C:\MRS_DATA\workspace\FreeModbus\NetLib\libwchnet.a(netif.o)
                0x0000000000007806                netif_set_addr
 .text.netif_add
                0x0000000000007854       0x5a C:\MRS_DATA\workspace\FreeModbus\NetLib\libwchnet.a(netif.o)
                0x0000000000007854                netif_add
 .text.netif_set_default
                0x00000000000078ae        0x6 C:\MRS_DATA\workspace\FreeModbus\NetLib\libwchnet.a(netif.o)
                0x00000000000078ae                netif_set_default
 .text.netif_is_up
                0x00000000000078b4        0x8 C:\MRS_DATA\workspace\FreeModbus\NetLib\libwchnet.a(netif.o)
                0x00000000000078b4                netif_is_up
 .text.pbuf_header
                0x00000000000078bc       0x6e C:\MRS_DATA\workspace\FreeModbus\NetLib\libwchnet.a(pbuf.o)
                0x00000000000078bc                pbuf_header
 .text.pbuf_free
                0x000000000000792a       0x4e C:\MRS_DATA\workspace\FreeModbus\NetLib\libwchnet.a(pbuf.o)
                0x000000000000792a                pbuf_free
 .text.pbuf_alloc
                0x0000000000007978      0x140 C:\MRS_DATA\workspace\FreeModbus\NetLib\libwchnet.a(pbuf.o)
                0x0000000000007978                pbuf_alloc
 .text.pbuf_realloc
                0x0000000000007ab8       0x58 C:\MRS_DATA\workspace\FreeModbus\NetLib\libwchnet.a(pbuf.o)
                0x0000000000007ab8                pbuf_realloc
 .text.pbuf_clen
                0x0000000000007b10       0x12 C:\MRS_DATA\workspace\FreeModbus\NetLib\libwchnet.a(pbuf.o)
                0x0000000000007b10                pbuf_clen
 .text.pbuf_ref
                0x0000000000007b22        0xa C:\MRS_DATA\workspace\FreeModbus\NetLib\libwchnet.a(pbuf.o)
                0x0000000000007b22                pbuf_ref
 .text.pbuf_cat
                0x0000000000007b2c       0x1c C:\MRS_DATA\workspace\FreeModbus\NetLib\libwchnet.a(pbuf.o)
                0x0000000000007b2c                pbuf_cat
 .text.pbuf_chain
                0x0000000000007b48       0x14 C:\MRS_DATA\workspace\FreeModbus\NetLib\libwchnet.a(pbuf.o)
                0x0000000000007b48                pbuf_chain
 .text.pbuf_copy
                0x0000000000007b5c       0x9c C:\MRS_DATA\workspace\FreeModbus\NetLib\libwchnet.a(pbuf.o)
                0x0000000000007b5c                pbuf_copy
 .text.raw_input
                0x0000000000007bf8       0x68 C:\MRS_DATA\workspace\FreeModbus\NetLib\libwchnet.a(raw.o)
                0x0000000000007bf8                raw_input
 .text.raw_bind
                0x0000000000007c60       0x1e C:\MRS_DATA\workspace\FreeModbus\NetLib\libwchnet.a(raw.o)
                0x0000000000007c60                raw_bind
 .text.raw_connect
                0x0000000000007c7e       0x1e C:\MRS_DATA\workspace\FreeModbus\NetLib\libwchnet.a(raw.o)
                0x0000000000007c7e                raw_connect
 .text.raw_recv
                0x0000000000007c9c        0x6 C:\MRS_DATA\workspace\FreeModbus\NetLib\libwchnet.a(raw.o)
                0x0000000000007c9c                raw_recv
 .text.raw_sendto
                0x0000000000007ca2       0x7e C:\MRS_DATA\workspace\FreeModbus\NetLib\libwchnet.a(raw.o)
                0x0000000000007ca2                raw_sendto
 .text.raw_send
                0x0000000000007d20       0x10 C:\MRS_DATA\workspace\FreeModbus\NetLib\libwchnet.a(raw.o)
                0x0000000000007d20                raw_send
 .text.raw_remove
                0x0000000000007d30       0x30 C:\MRS_DATA\workspace\FreeModbus\NetLib\libwchnet.a(raw.o)
                0x0000000000007d30                raw_remove
 .text.raw_new  0x0000000000007d60       0x30 C:\MRS_DATA\workspace\FreeModbus\NetLib\libwchnet.a(raw.o)
                0x0000000000007d60                raw_new
 .text.tcp_accept_null
                0x0000000000007d90        0x4 C:\MRS_DATA\workspace\FreeModbus\NetLib\libwchnet.a(tcp.o)
 .text.tcp_new_port
                0x0000000000007d94       0x5c C:\MRS_DATA\workspace\FreeModbus\NetLib\libwchnet.a(tcp.o)
 .text.tcp_bind
                0x0000000000007df0      0x116 C:\MRS_DATA\workspace\FreeModbus\NetLib\libwchnet.a(tcp.o)
                0x0000000000007df0                tcp_bind
 .text.tcp_listen_with_backlog
                0x0000000000007f06       0x9a C:\MRS_DATA\workspace\FreeModbus\NetLib\libwchnet.a(tcp.o)
                0x0000000000007f06                tcp_listen_with_backlog
 .text.tcp_update_rcv_ann_wnd
                0x0000000000007fa0       0x48 C:\MRS_DATA\workspace\FreeModbus\NetLib\libwchnet.a(tcp.o)
                0x0000000000007fa0                tcp_update_rcv_ann_wnd
 .text.tcp_recved
                0x0000000000007fe8       0x3c C:\MRS_DATA\workspace\FreeModbus\NetLib\libwchnet.a(tcp.o)
                0x0000000000007fe8                tcp_recved
 .text.tcp_seg_free
                0x0000000000008024       0x2a C:\MRS_DATA\workspace\FreeModbus\NetLib\libwchnet.a(tcp.o)
                0x0000000000008024                tcp_seg_free
 .text.tcp_segs_free
                0x000000000000804e       0x1e C:\MRS_DATA\workspace\FreeModbus\NetLib\libwchnet.a(tcp.o)
                0x000000000000804e                tcp_segs_free
 .text.tcp_seg_copy
                0x000000000000806c       0x28 C:\MRS_DATA\workspace\FreeModbus\NetLib\libwchnet.a(tcp.o)
                0x000000000000806c                tcp_seg_copy
 .text.tcp_arg  0x0000000000008094        0x4 C:\MRS_DATA\workspace\FreeModbus\NetLib\libwchnet.a(tcp.o)
                0x0000000000008094                tcp_arg
 .text.tcp_recv
                0x0000000000008098        0x6 C:\MRS_DATA\workspace\FreeModbus\NetLib\libwchnet.a(tcp.o)
                0x0000000000008098                tcp_recv
 .text.tcp_sent
                0x000000000000809e        0x6 C:\MRS_DATA\workspace\FreeModbus\NetLib\libwchnet.a(tcp.o)
                0x000000000000809e                tcp_sent
 .text.tcp_err  0x00000000000080a4        0x6 C:\MRS_DATA\workspace\FreeModbus\NetLib\libwchnet.a(tcp.o)
                0x00000000000080a4                tcp_err
 .text.tcp_accept
                0x00000000000080aa        0x4 C:\MRS_DATA\workspace\FreeModbus\NetLib\libwchnet.a(tcp.o)
                0x00000000000080aa                tcp_accept
 .text.tcp_poll
                0x00000000000080ae        0xa C:\MRS_DATA\workspace\FreeModbus\NetLib\libwchnet.a(tcp.o)
                0x00000000000080ae                tcp_poll
 .text.tcp_pcb_purge
                0x00000000000080b8       0x4e C:\MRS_DATA\workspace\FreeModbus\NetLib\libwchnet.a(tcp.o)
                0x00000000000080b8                tcp_pcb_purge
 .text.tcp_slowtmr
                0x0000000000008106      0x2ba C:\MRS_DATA\workspace\FreeModbus\NetLib\libwchnet.a(tcp.o)
                0x0000000000008106                tcp_slowtmr
 .text.tcp_pcb_remove
                0x00000000000083c0       0x72 C:\MRS_DATA\workspace\FreeModbus\NetLib\libwchnet.a(tcp.o)
                0x00000000000083c0                tcp_pcb_remove
 .text.tcp_close
                0x0000000000008432       0xb2 C:\MRS_DATA\workspace\FreeModbus\NetLib\libwchnet.a(tcp.o)
                0x0000000000008432                tcp_close
 .text.tcp_recv_null
                0x00000000000084e4       0x30 C:\MRS_DATA\workspace\FreeModbus\NetLib\libwchnet.a(tcp.o)
                0x00000000000084e4                tcp_recv_null
 .text.tcp_fasttmr
                0x0000000000008514       0x62 C:\MRS_DATA\workspace\FreeModbus\NetLib\libwchnet.a(tcp.o)
                0x0000000000008514                tcp_fasttmr
 .text.tcp_tmr  0x0000000000008576       0x22 C:\MRS_DATA\workspace\FreeModbus\NetLib\libwchnet.a(tcp.o)
                0x0000000000008576                tcp_tmr
 .text.tcp_fastsendack
                0x0000000000008598       0x7c C:\MRS_DATA\workspace\FreeModbus\NetLib\libwchnet.a(tcp.o)
                0x0000000000008598                tcp_fastsendack
 .text.tcp_abandon
                0x0000000000008614       0x9a C:\MRS_DATA\workspace\FreeModbus\NetLib\libwchnet.a(tcp.o)
                0x0000000000008614                tcp_abandon
 .text.tcp_next_iss
                0x00000000000086ae       0x10 C:\MRS_DATA\workspace\FreeModbus\NetLib\libwchnet.a(tcp.o)
                0x00000000000086ae                tcp_next_iss
 .text.tcp_alloc
                0x00000000000086be      0x134 C:\MRS_DATA\workspace\FreeModbus\NetLib\libwchnet.a(tcp.o)
                0x00000000000086be                tcp_alloc
 .text.tcp_new  0x00000000000087f2       0x10 C:\MRS_DATA\workspace\FreeModbus\NetLib\libwchnet.a(tcp.o)
                0x00000000000087f2                tcp_new
 .text.tcp_eff_send_mss
                0x0000000000008802       0x2e C:\MRS_DATA\workspace\FreeModbus\NetLib\libwchnet.a(tcp.o)
                0x0000000000008802                tcp_eff_send_mss
 .text.RemoveTimeWaiTCP
                0x0000000000008830       0x32 C:\MRS_DATA\workspace\FreeModbus\NetLib\libwchnet.a(tcp.o)
                0x0000000000008830                RemoveTimeWaiTCP
 .text.tcp_oos_insert_segment
                0x0000000000008862       0xce C:\MRS_DATA\workspace\FreeModbus\NetLib\libwchnet.a(tcp_in.o)
 .text.tcp_receive
                0x0000000000008930      0x8f0 C:\MRS_DATA\workspace\FreeModbus\NetLib\libwchnet.a(tcp_in.o)
 .text.tcp_parseopt.isra.0
                0x0000000000009220       0xa6 C:\MRS_DATA\workspace\FreeModbus\NetLib\libwchnet.a(tcp_in.o)
 .text.tcp_input
                0x00000000000092c6      0x9d6 C:\MRS_DATA\workspace\FreeModbus\NetLib\libwchnet.a(tcp_in.o)
                0x00000000000092c6                tcp_input
 .text.tcp_output_set_header.isra.0.constprop.1
                0x0000000000009c9c       0xd4 C:\MRS_DATA\workspace\FreeModbus\NetLib\libwchnet.a(tcp_out.o)
 .text.tcp_enqueue
                0x0000000000009d70      0x448 C:\MRS_DATA\workspace\FreeModbus\NetLib\libwchnet.a(tcp_out.o)
                0x0000000000009d70                tcp_enqueue
 .text.tcp_send_ctrl
                0x000000000000a1b8       0x16 C:\MRS_DATA\workspace\FreeModbus\NetLib\libwchnet.a(tcp_out.o)
                0x000000000000a1b8                tcp_send_ctrl
 .text.tcp_write
                0x000000000000a1ce       0x30 C:\MRS_DATA\workspace\FreeModbus\NetLib\libwchnet.a(tcp_out.o)
                0x000000000000a1ce                tcp_write
 .text.tcp_send_empty_ack
                0x000000000000a1fe       0x70 C:\MRS_DATA\workspace\FreeModbus\NetLib\libwchnet.a(tcp_out.o)
                0x000000000000a1fe                tcp_send_empty_ack
 .text.tcp_output
                0x000000000000a26e      0x368 C:\MRS_DATA\workspace\FreeModbus\NetLib\libwchnet.a(tcp_out.o)
                0x000000000000a26e                tcp_output
 .text.tcp_rst  0x000000000000a5d6      0x108 C:\MRS_DATA\workspace\FreeModbus\NetLib\libwchnet.a(tcp_out.o)
                0x000000000000a5d6                tcp_rst
 .text.tcp_rexmit_rto
                0x000000000000a6de       0x36 C:\MRS_DATA\workspace\FreeModbus\NetLib\libwchnet.a(tcp_out.o)
                0x000000000000a6de                tcp_rexmit_rto
 .text.tcp_rexmit
                0x000000000000a714       0x7c C:\MRS_DATA\workspace\FreeModbus\NetLib\libwchnet.a(tcp_out.o)
                0x000000000000a714                tcp_rexmit
 .text.tcp_rexmit_fast
                0x000000000000a790       0x62 C:\MRS_DATA\workspace\FreeModbus\NetLib\libwchnet.a(tcp_out.o)
                0x000000000000a790                tcp_rexmit_fast
 .text.tcp_keepalive
                0x000000000000a7f2       0x5e C:\MRS_DATA\workspace\FreeModbus\NetLib\libwchnet.a(tcp_out.o)
                0x000000000000a7f2                tcp_keepalive
 .text.tcp_zero_window_probe
                0x000000000000a850       0xd2 C:\MRS_DATA\workspace\FreeModbus\NetLib\libwchnet.a(tcp_out.o)
                0x000000000000a850                tcp_zero_window_probe
 .text.udp_input
                0x000000000000a922      0x238 C:\MRS_DATA\workspace\FreeModbus\NetLib\libwchnet.a(udp.o)
                0x000000000000a922                udp_input
 .text.udp_bind
                0x000000000000ab5a       0x9a C:\MRS_DATA\workspace\FreeModbus\NetLib\libwchnet.a(udp.o)
                0x000000000000ab5a                udp_bind
 .text.udp_sendto_if
                0x000000000000abf4       0xd6 C:\MRS_DATA\workspace\FreeModbus\NetLib\libwchnet.a(udp.o)
                0x000000000000abf4                udp_sendto_if
 .text.udp_sendto
                0x000000000000acca       0x2e C:\MRS_DATA\workspace\FreeModbus\NetLib\libwchnet.a(udp.o)
                0x000000000000acca                udp_sendto
 .text.udp_send
                0x000000000000acf8       0x12 C:\MRS_DATA\workspace\FreeModbus\NetLib\libwchnet.a(udp.o)
                0x000000000000acf8                udp_send
 .text.udp_connect
                0x000000000000ad0a       0x7e C:\MRS_DATA\workspace\FreeModbus\NetLib\libwchnet.a(udp.o)
                0x000000000000ad0a                udp_connect
 .text.udp_recv
                0x000000000000ad88        0x6 C:\MRS_DATA\workspace\FreeModbus\NetLib\libwchnet.a(udp.o)
                0x000000000000ad88                udp_recv
 .text.udp_remove
                0x000000000000ad8e       0x30 C:\MRS_DATA\workspace\FreeModbus\NetLib\libwchnet.a(udp.o)
                0x000000000000ad8e                udp_remove
 .text.udp_new  0x000000000000adbe       0x24 C:\MRS_DATA\workspace\FreeModbus\NetLib\libwchnet.a(udp.o)
                0x000000000000adbe                udp_new
 .text.icmp_send_response.isra.0
                0x000000000000ade2       0x74 C:\MRS_DATA\workspace\FreeModbus\NetLib\libwchnet.a(icmp.o)
 .text.icmp_input
                0x000000000000ae56      0x250 C:\MRS_DATA\workspace\FreeModbus\NetLib\libwchnet.a(icmp.o)
                0x000000000000ae56                icmp_input
 .text.icmp_dest_unreach
                0x000000000000b0a6       0x14 C:\MRS_DATA\workspace\FreeModbus\NetLib\libwchnet.a(icmp.o)
                0x000000000000b0a6                icmp_dest_unreach
 .text.icmp_time_exceeded
                0x000000000000b0ba       0x14 C:\MRS_DATA\workspace\FreeModbus\NetLib\libwchnet.a(icmp.o)
                0x000000000000b0ba                icmp_time_exceeded
 .text.lwip_standard_chksum
                0x000000000000b0ce       0x7e C:\MRS_DATA\workspace\FreeModbus\NetLib\libwchnet.a(inet_chksum.o)
 .text.inet_chksum_pseudo
                0x000000000000b14c      0x10a C:\MRS_DATA\workspace\FreeModbus\NetLib\libwchnet.a(inet_chksum.o)
                0x000000000000b14c                inet_chksum_pseudo
 .text.inet_chksum
                0x000000000000b256       0x14 C:\MRS_DATA\workspace\FreeModbus\NetLib\libwchnet.a(inet_chksum.o)
                0x000000000000b256                inet_chksum
 .text.inet_chksum_pbuf
                0x000000000000b26a       0x6a C:\MRS_DATA\workspace\FreeModbus\NetLib\libwchnet.a(inet_chksum.o)
                0x000000000000b26a                inet_chksum_pbuf
 .text.fprintf  0x000000000000b2d4       0x26 c:/mounriver/mounriver_studio/toolchain/risc-v embedded gcc/bin/../lib/gcc/riscv-none-embed/8.2.0/../../../../riscv-none-embed/lib/rv32imacxw/ilp32\libg_nano.a(lib_a-fprintf.o)
                0x000000000000b2d4                fiprintf
                0x000000000000b2d4                fprintf
 .text.memcpy   0x000000000000b2fa       0xb2 c:/mounriver/mounriver_studio/toolchain/risc-v embedded gcc/bin/../lib/gcc/riscv-none-embed/8.2.0/../../../../riscv-none-embed/lib/rv32imacxw/ilp32\libg_nano.a(lib_a-memcpy.o)
                0x000000000000b2fa                memcpy
 .text.__sfputc_r
                0x000000000000b3ac       0x28 c:/mounriver/mounriver_studio/toolchain/risc-v embedded gcc/bin/../lib/gcc/riscv-none-embed/8.2.0/../../../../riscv-none-embed/lib/rv32imacxw/ilp32\libg_nano.a(lib_a-nano-vfprintf.o)
 .text.__sfputs_r
                0x000000000000b3d4       0x42 c:/mounriver/mounriver_studio/toolchain/risc-v embedded gcc/bin/../lib/gcc/riscv-none-embed/8.2.0/../../../../riscv-none-embed/lib/rv32imacxw/ilp32\libg_nano.a(lib_a-nano-vfprintf.o)
                0x000000000000b3d4                __sfputs_r
 .text._vfprintf_r
                0x000000000000b416      0x28c c:/mounriver/mounriver_studio/toolchain/risc-v embedded gcc/bin/../lib/gcc/riscv-none-embed/8.2.0/../../../../riscv-none-embed/lib/rv32imacxw/ilp32\libg_nano.a(lib_a-nano-vfprintf.o)
                0x000000000000b416                _vfprintf_r
                0x000000000000b416                _vfiprintf_r
 .text._printf_common
                0x000000000000b6a2      0x10c c:/mounriver/mounriver_studio/toolchain/risc-v embedded gcc/bin/../lib/gcc/riscv-none-embed/8.2.0/../../../../riscv-none-embed/lib/rv32imacxw/ilp32\libg_nano.a(lib_a-nano-vfprintf_i.o)
                0x000000000000b6a2                _printf_common
 .text._printf_i
                0x000000000000b7ae      0x2a4 c:/mounriver/mounriver_studio/toolchain/risc-v embedded gcc/bin/../lib/gcc/riscv-none-embed/8.2.0/../../../../riscv-none-embed/lib/rv32imacxw/ilp32\libg_nano.a(lib_a-nano-vfprintf_i.o)
                0x000000000000b7ae                _printf_i
 .text.printf   0x000000000000ba52       0x40 c:/mounriver/mounriver_studio/toolchain/risc-v embedded gcc/bin/../lib/gcc/riscv-none-embed/8.2.0/../../../../riscv-none-embed/lib/rv32imacxw/ilp32\libg_nano.a(lib_a-printf.o)
                0x000000000000ba52                iprintf
                0x000000000000ba52                printf
 .text.putchar  0x000000000000ba92       0x2a c:/mounriver/mounriver_studio/toolchain/risc-v embedded gcc/bin/../lib/gcc/riscv-none-embed/8.2.0/../../../../riscv-none-embed/lib/rv32imacxw/ilp32\libg_nano.a(lib_a-putchar.o)
                0x000000000000ba92                putchar
 .text._puts_r  0x000000000000babc       0xd4 c:/mounriver/mounriver_studio/toolchain/risc-v embedded gcc/bin/../lib/gcc/riscv-none-embed/8.2.0/../../../../riscv-none-embed/lib/rv32imacxw/ilp32\libg_nano.a(lib_a-puts.o)
                0x000000000000babc                _puts_r
 .text.puts     0x000000000000bb90        0xc c:/mounriver/mounriver_studio/toolchain/risc-v embedded gcc/bin/../lib/gcc/riscv-none-embed/8.2.0/../../../../riscv-none-embed/lib/rv32imacxw/ilp32\libg_nano.a(lib_a-puts.o)
                0x000000000000bb90                puts
 .text.__swbuf_r
                0x000000000000bb9c       0xbc c:/mounriver/mounriver_studio/toolchain/risc-v embedded gcc/bin/../lib/gcc/riscv-none-embed/8.2.0/../../../../riscv-none-embed/lib/rv32imacxw/ilp32\libg_nano.a(lib_a-wbuf.o)
                0x000000000000bb9c                __swbuf_r
 .text.__swsetup_r
                0x000000000000bc58       0xfc c:/mounriver/mounriver_studio/toolchain/risc-v embedded gcc/bin/../lib/gcc/riscv-none-embed/8.2.0/../../../../riscv-none-embed/lib/rv32imacxw/ilp32\libg_nano.a(lib_a-wsetup.o)
                0x000000000000bc58                __swsetup_r
 .text.__sflush_r
                0x000000000000bd54      0x130 c:/mounriver/mounriver_studio/toolchain/risc-v embedded gcc/bin/../lib/gcc/riscv-none-embed/8.2.0/../../../../riscv-none-embed/lib/rv32imacxw/ilp32\libg_nano.a(lib_a-fflush.o)
                0x000000000000bd54                __sflush_r
 .text._fflush_r
                0x000000000000be84       0x66 c:/mounriver/mounriver_studio/toolchain/risc-v embedded gcc/bin/../lib/gcc/riscv-none-embed/8.2.0/../../../../riscv-none-embed/lib/rv32imacxw/ilp32\libg_nano.a(lib_a-fflush.o)
                0x000000000000be84                _fflush_r
 .text.std      0x000000000000beea       0x66 c:/mounriver/mounriver_studio/toolchain/risc-v embedded gcc/bin/../lib/gcc/riscv-none-embed/8.2.0/../../../../riscv-none-embed/lib/rv32imacxw/ilp32\libg_nano.a(lib_a-findfp.o)
 .text._cleanup_r
                0x000000000000bf50        0xa c:/mounriver/mounriver_studio/toolchain/risc-v embedded gcc/bin/../lib/gcc/riscv-none-embed/8.2.0/../../../../riscv-none-embed/lib/rv32imacxw/ilp32\libg_nano.a(lib_a-findfp.o)
                0x000000000000bf50                _cleanup_r
 .text.__sfmoreglue
                0x000000000000bf5a       0x46 c:/mounriver/mounriver_studio/toolchain/risc-v embedded gcc/bin/../lib/gcc/riscv-none-embed/8.2.0/../../../../riscv-none-embed/lib/rv32imacxw/ilp32\libg_nano.a(lib_a-findfp.o)
                0x000000000000bf5a                __sfmoreglue
 .text.__sinit  0x000000000000bfa0       0x6c c:/mounriver/mounriver_studio/toolchain/risc-v embedded gcc/bin/../lib/gcc/riscv-none-embed/8.2.0/../../../../riscv-none-embed/lib/rv32imacxw/ilp32\libg_nano.a(lib_a-findfp.o)
                0x000000000000bfa0                __sinit
 .text.__sfp    0x000000000000c00c       0xa0 c:/mounriver/mounriver_studio/toolchain/risc-v embedded gcc/bin/../lib/gcc/riscv-none-embed/8.2.0/../../../../riscv-none-embed/lib/rv32imacxw/ilp32\libg_nano.a(lib_a-findfp.o)
                0x000000000000c00c                __sfp
 .text._fwalk_reent
                0x000000000000c0ac       0x6a c:/mounriver/mounriver_studio/toolchain/risc-v embedded gcc/bin/../lib/gcc/riscv-none-embed/8.2.0/../../../../riscv-none-embed/lib/rv32imacxw/ilp32\libg_nano.a(lib_a-fwalk.o)
                0x000000000000c0ac                _fwalk_reent
 .text.__swhatbuf_r
                0x000000000000c116       0x56 c:/mounriver/mounriver_studio/toolchain/risc-v embedded gcc/bin/../lib/gcc/riscv-none-embed/8.2.0/../../../../riscv-none-embed/lib/rv32imacxw/ilp32\libg_nano.a(lib_a-makebuf.o)
                0x000000000000c116                __swhatbuf_r
 .text.__smakebuf_r
                0x000000000000c16c       0x90 c:/mounriver/mounriver_studio/toolchain/risc-v embedded gcc/bin/../lib/gcc/riscv-none-embed/8.2.0/../../../../riscv-none-embed/lib/rv32imacxw/ilp32\libg_nano.a(lib_a-makebuf.o)
                0x000000000000c16c                __smakebuf_r
 .text.memchr   0x000000000000c1fc       0x18 c:/mounriver/mounriver_studio/toolchain/risc-v embedded gcc/bin/../lib/gcc/riscv-none-embed/8.2.0/../../../../riscv-none-embed/lib/rv32imacxw/ilp32\libg_nano.a(lib_a-memchr.o)
                0x000000000000c1fc                memchr
 .text._free_r  0x000000000000c214       0xa4 c:/mounriver/mounriver_studio/toolchain/risc-v embedded gcc/bin/../lib/gcc/riscv-none-embed/8.2.0/../../../../riscv-none-embed/lib/rv32imacxw/ilp32\libg_nano.a(lib_a-nano-freer.o)
                0x000000000000c214                _free_r
 .text._malloc_r
                0x000000000000c2b8       0xce c:/mounriver/mounriver_studio/toolchain/risc-v embedded gcc/bin/../lib/gcc/riscv-none-embed/8.2.0/../../../../riscv-none-embed/lib/rv32imacxw/ilp32\libg_nano.a(lib_a-nano-mallocr.o)
                0x000000000000c2b8                _malloc_r
 .text._putc_r  0x000000000000c386       0x84 c:/mounriver/mounriver_studio/toolchain/risc-v embedded gcc/bin/../lib/gcc/riscv-none-embed/8.2.0/../../../../riscv-none-embed/lib/rv32imacxw/ilp32\libg_nano.a(lib_a-putc.o)
                0x000000000000c386                _putc_r
 .text._sbrk_r  0x000000000000c40a       0x32 c:/mounriver/mounriver_studio/toolchain/risc-v embedded gcc/bin/../lib/gcc/riscv-none-embed/8.2.0/../../../../riscv-none-embed/lib/rv32imacxw/ilp32\libg_nano.a(lib_a-sbrkr.o)
                0x000000000000c40a                _sbrk_r
 .text.__sread  0x000000000000c43c       0x2c c:/mounriver/mounriver_studio/toolchain/risc-v embedded gcc/bin/../lib/gcc/riscv-none-embed/8.2.0/../../../../riscv-none-embed/lib/rv32imacxw/ilp32\libg_nano.a(lib_a-stdio.o)
                0x000000000000c43c                __sread
 .text.__swrite
                0x000000000000c468       0x48 c:/mounriver/mounriver_studio/toolchain/risc-v embedded gcc/bin/../lib/gcc/riscv-none-embed/8.2.0/../../../../riscv-none-embed/lib/rv32imacxw/ilp32\libg_nano.a(lib_a-stdio.o)
                0x000000000000c468                __swrite
 .text.__sseek  0x000000000000c4b0       0x30 c:/mounriver/mounriver_studio/toolchain/risc-v embedded gcc/bin/../lib/gcc/riscv-none-embed/8.2.0/../../../../riscv-none-embed/lib/rv32imacxw/ilp32\libg_nano.a(lib_a-stdio.o)
                0x000000000000c4b0                __sseek
 .text.__sclose
                0x000000000000c4e0        0x6 c:/mounriver/mounriver_studio/toolchain/risc-v embedded gcc/bin/../lib/gcc/riscv-none-embed/8.2.0/../../../../riscv-none-embed/lib/rv32imacxw/ilp32\libg_nano.a(lib_a-stdio.o)
                0x000000000000c4e0                __sclose
 .text._write_r
                0x000000000000c4e6       0x36 c:/mounriver/mounriver_studio/toolchain/risc-v embedded gcc/bin/../lib/gcc/riscv-none-embed/8.2.0/../../../../riscv-none-embed/lib/rv32imacxw/ilp32\libg_nano.a(lib_a-writer.o)
                0x000000000000c4e6                _write_r
 .text._close_r
                0x000000000000c51c       0x30 c:/mounriver/mounriver_studio/toolchain/risc-v embedded gcc/bin/../lib/gcc/riscv-none-embed/8.2.0/../../../../riscv-none-embed/lib/rv32imacxw/ilp32\libg_nano.a(lib_a-closer.o)
                0x000000000000c51c                _close_r
 .text._fstat_r
                0x000000000000c54c       0x32 c:/mounriver/mounriver_studio/toolchain/risc-v embedded gcc/bin/../lib/gcc/riscv-none-embed/8.2.0/../../../../riscv-none-embed/lib/rv32imacxw/ilp32\libg_nano.a(lib_a-fstatr.o)
                0x000000000000c54c                _fstat_r
 .text._isatty_r
                0x000000000000c57e       0x30 c:/mounriver/mounriver_studio/toolchain/risc-v embedded gcc/bin/../lib/gcc/riscv-none-embed/8.2.0/../../../../riscv-none-embed/lib/rv32imacxw/ilp32\libg_nano.a(lib_a-isattyr.o)
                0x000000000000c57e                _isatty_r
 .text._lseek_r
                0x000000000000c5ae       0x34 c:/mounriver/mounriver_studio/toolchain/risc-v embedded gcc/bin/../lib/gcc/riscv-none-embed/8.2.0/../../../../riscv-none-embed/lib/rv32imacxw/ilp32\libg_nano.a(lib_a-lseekr.o)
                0x000000000000c5ae                _lseek_r
 .text.__malloc_lock
                0x000000000000c5e2        0x2 c:/mounriver/mounriver_studio/toolchain/risc-v embedded gcc/bin/../lib/gcc/riscv-none-embed/8.2.0/../../../../riscv-none-embed/lib/rv32imacxw/ilp32\libg_nano.a(lib_a-mlock.o)
                0x000000000000c5e2                __malloc_lock
 .text.__malloc_unlock
                0x000000000000c5e4        0x2 c:/mounriver/mounriver_studio/toolchain/risc-v embedded gcc/bin/../lib/gcc/riscv-none-embed/8.2.0/../../../../riscv-none-embed/lib/rv32imacxw/ilp32\libg_nano.a(lib_a-mlock.o)
                0x000000000000c5e4                __malloc_unlock
 .text._read_r  0x000000000000c5e6       0x34 c:/mounriver/mounriver_studio/toolchain/risc-v embedded gcc/bin/../lib/gcc/riscv-none-embed/8.2.0/../../../../riscv-none-embed/lib/rv32imacxw/ilp32\libg_nano.a(lib_a-readr.o)
                0x000000000000c5e6                _read_r
 .text._close   0x000000000000c61a       0x10 c:/mounriver/mounriver_studio/toolchain/risc-v embedded gcc/bin/../lib/gcc/riscv-none-embed/8.2.0/../../../../riscv-none-embed/lib/rv32imacxw/ilp32\libnosys.a(close.o)
                0x000000000000c61a                _close
 .text._fstat   0x000000000000c62a       0x10 c:/mounriver/mounriver_studio/toolchain/risc-v embedded gcc/bin/../lib/gcc/riscv-none-embed/8.2.0/../../../../riscv-none-embed/lib/rv32imacxw/ilp32\libnosys.a(fstat.o)
                0x000000000000c62a                _fstat
 .text._isatty  0x000000000000c63a       0x10 c:/mounriver/mounriver_studio/toolchain/risc-v embedded gcc/bin/../lib/gcc/riscv-none-embed/8.2.0/../../../../riscv-none-embed/lib/rv32imacxw/ilp32\libnosys.a(isatty.o)
                0x000000000000c63a                _isatty
 .text._lseek   0x000000000000c64a       0x10 c:/mounriver/mounriver_studio/toolchain/risc-v embedded gcc/bin/../lib/gcc/riscv-none-embed/8.2.0/../../../../riscv-none-embed/lib/rv32imacxw/ilp32\libnosys.a(lseek.o)
                0x000000000000c64a                _lseek
 .text._read    0x000000000000c65a       0x10 c:/mounriver/mounriver_studio/toolchain/risc-v embedded gcc/bin/../lib/gcc/riscv-none-embed/8.2.0/../../../../riscv-none-embed/lib/rv32imacxw/ilp32\libnosys.a(read.o)
                0x000000000000c65a                _read
 *(.rodata)
 *(.rodata*)
 *fill*         0x000000000000c66a        0x2 
 .rodata.MBTCP_task.str1.4
                0x000000000000c66c       0x5a ./port/porttcp.o
 *fill*         0x000000000000c6c6        0x2 
 .rodata.WCHNET_HandleGlobalInt.str1.4
                0x000000000000c6c8       0x3e ./port/porttcp.o
 *fill*         0x000000000000c706        0x2 
 .rodata.WCHNET_HandleSockInt.str1.4
                0x000000000000c708       0x7d ./port/porttcp.o
 *fill*         0x000000000000c785        0x3 
 .rodata.vNetInit.str1.4
                0x000000000000c788       0x28 ./port/porttcp.o
 .rodata.xMBTCPPortInit.str1.4
                0x000000000000c7b0       0x17 ./port/porttcp.o
 *fill*         0x000000000000c7c7        0x1 
 .rodata.xMBTCPPortSendResponse.str1.4
                0x000000000000c7c8       0x18 ./port/porttcp.o
 .rodata.HardFault_Handler.str1.4
                0x000000000000c7e0       0x42 ./User/ch32v30x_it.o
 *fill*         0x000000000000c822        0x2 
 .rodata.mStopIfError.str1.4
                0x000000000000c824        0xe ./User/main.o
 *fill*         0x000000000000c832        0x2 
 .rodata.main.str1.4
                0x000000000000c834       0x70 ./User/main.o
 .rodata.MemNum
                0x000000000000c8a4       0x10 ./NetLib/eth_driver_10M.o
                0x000000000000c8a4                MemNum
 .rodata.MemSize
                0x000000000000c8b4       0x10 ./NetLib/eth_driver_10M.o
                0x000000000000c8b4                MemSize
 .rodata.pvPortMalloc.str1.4
                0x000000000000c8c4       0x49 ./FreeRTOS/portable/MemMang/heap_4.o
 *fill*         0x000000000000c90d        0x3 
 .rodata.xPortStartScheduler.str1.4
                0x000000000000c910       0x27 ./FreeRTOS/portable/GCC/RISC-V/port.o
                                         0x49 (size before relaxing)
 *fill*         0x000000000000c937        0x1 
 .rodata.xEventGroupWaitBits.str1.4
                0x000000000000c938       0x1b ./FreeRTOS/event_groups.o
                                         0x3d (size before relaxing)
 *fill*         0x000000000000c953        0x1 
 .rodata.xQueueGenericReset.str1.4
                0x000000000000c954       0x14 ./FreeRTOS/queue.o
                                         0x35 (size before relaxing)
 .rodata.prvTaskIsTaskSuspended.str1.4
                0x000000000000c968       0x14 ./FreeRTOS/tasks.o
                                         0x35 (size before relaxing)
 .rodata.vTaskStartScheduler.str1.4
                0x000000000000c97c        0x5 ./FreeRTOS/tasks.o
 *fill*         0x000000000000c981        0x3 
 .rodata.prvTimerTask
                0x000000000000c984       0x24 ./FreeRTOS/timers.o
 .rodata.prvCheckForValidListAndQueue.str1.4
                0x000000000000c9a8        0x5 ./FreeRTOS/timers.o
 *fill*         0x000000000000c9ad        0x3 
 .rodata.prvTimerTask.str1.4
                0x000000000000c9b0       0x15 ./FreeRTOS/timers.o
                                         0x39 (size before relaxing)
 *fill*         0x000000000000c9c5        0x3 
 .rodata.xTimerCreateTimerTask.str1.4
                0x000000000000c9c8        0x8 ./FreeRTOS/timers.o
 .rodata.ErrTable
                0x000000000000c9d0       0x10 C:\MRS_DATA\workspace\FreeModbus\NetLib\libwchnet.a(socket.o)
                0x000000000000c9d0                ErrTable
 .rodata.tcp_close
                0x000000000000c9e0       0x20 C:\MRS_DATA\workspace\FreeModbus\NetLib\libwchnet.a(tcp.o)
 .rodata.tcp_backoff
                0x000000000000ca00        0xd C:\MRS_DATA\workspace\FreeModbus\NetLib\libwchnet.a(tcp.o)
                0x000000000000ca00                tcp_backoff
 *fill*         0x000000000000ca0d        0x3 
 .rodata.tcp_input
                0x000000000000ca10       0x20 C:\MRS_DATA\workspace\FreeModbus\NetLib\libwchnet.a(tcp_in.o)
 .rodata._vfprintf_r.str1.4
                0x000000000000ca30       0x13 c:/mounriver/mounriver_studio/toolchain/risc-v embedded gcc/bin/../lib/gcc/riscv-none-embed/8.2.0/../../../../riscv-none-embed/lib/rv32imacxw/ilp32\libg_nano.a(lib_a-nano-vfprintf.o)
 *fill*         0x000000000000ca43        0x1 
 .rodata._printf_i.str1.4
                0x000000000000ca44       0x28 c:/mounriver/mounriver_studio/toolchain/risc-v embedded gcc/bin/../lib/gcc/riscv-none-embed/8.2.0/../../../../riscv-none-embed/lib/rv32imacxw/ilp32\libg_nano.a(lib_a-nano-vfprintf_i.o)
                                         0x25 (size before relaxing)
 .rodata.__sf_fake_stderr
                0x000000000000ca6c       0x20 c:/mounriver/mounriver_studio/toolchain/risc-v embedded gcc/bin/../lib/gcc/riscv-none-embed/8.2.0/../../../../riscv-none-embed/lib/rv32imacxw/ilp32\libg_nano.a(lib_a-findfp.o)
                0x000000000000ca6c                __sf_fake_stderr
 .rodata.__sf_fake_stdin
                0x000000000000ca8c       0x20 c:/mounriver/mounriver_studio/toolchain/risc-v embedded gcc/bin/../lib/gcc/riscv-none-embed/8.2.0/../../../../riscv-none-embed/lib/rv32imacxw/ilp32\libg_nano.a(lib_a-findfp.o)
                0x000000000000ca8c                __sf_fake_stdin
 .rodata.__sf_fake_stdout
                0x000000000000caac       0x20 c:/mounriver/mounriver_studio/toolchain/risc-v embedded gcc/bin/../lib/gcc/riscv-none-embed/8.2.0/../../../../riscv-none-embed/lib/rv32imacxw/ilp32\libg_nano.a(lib_a-findfp.o)
                0x000000000000caac                __sf_fake_stdout
 *(.gnu.linkonce.t.*)
                0x000000000000cacc                . = ALIGN (0x4)

.rela.dyn       0x000000000000cacc        0x0
 .rela.init     0x000000000000cacc        0x0 ./port/portevent.o
 .rela.vector   0x000000000000cacc        0x0 ./port/portevent.o
 .rela.text.handle_reset
                0x000000000000cacc        0x0 ./port/portevent.o
 .rela.text.xPortStartScheduler
                0x000000000000cacc        0x0 ./port/portevent.o
 .rela.sdata2.xISRStackTop
                0x000000000000cacc        0x0 ./port/portevent.o
 .rela.text._sbrk
                0x000000000000cacc        0x0 ./port/portevent.o
 .rela.sdata.curbrk.5586
                0x000000000000cacc        0x0 ./port/portevent.o
 .rela.text._vfprintf_r
                0x000000000000cacc        0x0 ./port/portevent.o
 .rela.text._sbrk_r
                0x000000000000cacc        0x0 ./port/portevent.o
 .rela.text._write_r
                0x000000000000cacc        0x0 ./port/portevent.o
 .rela.text._close_r
                0x000000000000cacc        0x0 ./port/portevent.o
 .rela.text._fstat_r
                0x000000000000cacc        0x0 ./port/portevent.o
 .rela.text._isatty_r
                0x000000000000cacc        0x0 ./port/portevent.o
 .rela.text._lseek_r
                0x000000000000cacc        0x0 ./port/portevent.o
 .rela.text._read_r
                0x000000000000cacc        0x0 ./port/portevent.o
 .rela.text._close
                0x000000000000cacc        0x0 ./port/portevent.o
 .rela.text._fstat
                0x000000000000cacc        0x0 ./port/portevent.o
 .rela.text._isatty
                0x000000000000cacc        0x0 ./port/portevent.o
 .rela.text._lseek
                0x000000000000cacc        0x0 ./port/portevent.o
 .rela.text._read
                0x000000000000cacc        0x0 ./port/portevent.o

.fini           0x000000000000cacc        0x0
 *(SORT_NONE(.fini))
                0x000000000000cacc                . = ALIGN (0x4)
                [!provide]                        PROVIDE (_etext = .)
                [!provide]                        PROVIDE (_eitcm = .)

.preinit_array  0x000000000000cacc        0x0
                [!provide]                        PROVIDE (__preinit_array_start = .)
 *(.preinit_array)
                [!provide]                        PROVIDE (__preinit_array_end = .)

.init_array     0x000000000000cacc        0x0
                [!provide]                        PROVIDE (__init_array_start = .)
 *(SORT_BY_INIT_PRIORITY(.init_array.*) SORT_BY_INIT_PRIORITY(.ctors.*))
 *(.init_array EXCLUDE_FILE(*crtend?.o *crtend.o *crtbegin?.o *crtbegin.o) .ctors)
                [!provide]                        PROVIDE (__init_array_end = .)

.fini_array     0x000000000000cacc        0x0
                [!provide]                        PROVIDE (__fini_array_start = .)
 *(SORT_BY_INIT_PRIORITY(.fini_array.*) SORT_BY_INIT_PRIORITY(.dtors.*))
 *(.fini_array EXCLUDE_FILE(*crtend?.o *crtend.o *crtbegin?.o *crtbegin.o) .dtors)
                [!provide]                        PROVIDE (__fini_array_end = .)

.ctors
 *crtbegin.o(.ctors)
 *crtbegin?.o(.ctors)
 *(EXCLUDE_FILE(*crtend?.o *crtend.o) .ctors)
 *(SORT_BY_NAME(.ctors.*))
 *(.ctors)

.dtors
 *crtbegin.o(.dtors)
 *crtbegin?.o(.dtors)
 *(EXCLUDE_FILE(*crtend?.o *crtend.o) .dtors)
 *(SORT_BY_NAME(.dtors.*))
 *(.dtors)

.dalign         0x0000000020000000        0x0 load address 0x000000000000cacc
                0x0000000020000000                . = ALIGN (0x4)
                0x0000000020000000                PROVIDE (_data_vma = .)

.dlalign        0x000000000000cacc        0x0
                0x000000000000cacc                . = ALIGN (0x4)
                0x000000000000cacc                PROVIDE (_data_lma = .)

.data           0x0000000020000000      0x180 load address 0x000000000000cacc
 *(.gnu.linkonce.r.*)
 *(.data .data.*)
 .data.xFuncHandlers
                0x0000000020000000       0x80 ./modbus/mb.o
 .data.AHBPrescTable
                0x0000000020000080       0x10 ./User/system_ch32v30x.o
                0x0000000020000080                AHBPrescTable
 .data.APBAHBPrescTable
                0x0000000020000090       0x10 ./Peripheral/src/ch32v30x_rcc.o
 .data.impure_data
                0x00000000200000a0       0x60 c:/mounriver/mounriver_studio/toolchain/risc-v embedded gcc/bin/../lib/gcc/riscv-none-embed/8.2.0/../../../../riscv-none-embed/lib/rv32imacxw/ilp32\libg_nano.a(lib_a-impure.o)
 *(.gnu.linkonce.d.*)
                0x0000000020000100                . = ALIGN (0x8)
                0x0000000020000900                PROVIDE (__global_pointer$ = (. + 0x800))
 *(.sdata .sdata.*)
 .sdata.GWIPAddr
                0x0000000020000100        0x4 ./port/porttcp.o
                0x0000000020000100                GWIPAddr
 .sdata.IPAddr  0x0000000020000104        0x4 ./port/porttcp.o
                0x0000000020000104                IPAddr
 .sdata.IPMask  0x0000000020000108        0x4 ./port/porttcp.o
                0x0000000020000108                IPMask
 .sdata.SocketIdClient
                0x000000002000010c        0x1 ./port/porttcp.o
                0x000000002000010c                SocketIdClient
 .sdata.SocketIdForListen
                0x000000002000010d        0x1 ./port/porttcp.o
                0x000000002000010d                SocketIdForListen
 *fill*         0x000000002000010e        0x2 
 .sdata.eMBState
                0x0000000020000110        0x4 ./modbus/mb.o
 .sdata.ucMBAddress
                0x0000000020000114        0x1 ./modbus/mb.o
 *fill*         0x0000000020000115        0x3 
 .sdata.SystemCoreClock
                0x0000000020000118        0x4 ./User/system_ch32v30x.o