Archive member included to satisfy reference by file (symbol)

c:/mounriver/mounriver_studio/toolchain/risc-v embedded gcc/bin/../lib/gcc/riscv-none-embed/8.2.0/../../../../riscv-none-embed/lib/rv32imacxw/ilp32\libm.a(lib_a-w_sqrt.o)
                              ./User/AC_ConvertLib.o (sqrt)
c:/mounriver/mounriver_studio/toolchain/risc-v embedded gcc/bin/../lib/gcc/riscv-none-embed/8.2.0/../../../../riscv-none-embed/lib/rv32imacxw/ilp32\libm.a(lib_a-e_sqrt.o)
                              c:/mounriver/mounriver_studio/toolchain/risc-v embedded gcc/bin/../lib/gcc/riscv-none-embed/8.2.0/../../../../riscv-none-embed/lib/rv32imacxw/ilp32\libm.a(lib_a-w_sqrt.o) (__ieee754_sqrt)
c:/mounriver/mounriver_studio/toolchain/risc-v embedded gcc/bin/../lib/gcc/riscv-none-embed/8.2.0/../../../../riscv-none-embed/lib/rv32imacxw/ilp32\libm.a(lib_a-s_lib_ver.o)
                              c:/mounriver/mounriver_studio/toolchain/risc-v embedded gcc/bin/../lib/gcc/riscv-none-embed/8.2.0/../../../../riscv-none-embed/lib/rv32imacxw/ilp32\libm.a(lib_a-w_sqrt.o) (__fdlib_version)
c:/mounriver/mounriver_studio/toolchain/risc-v embedded gcc/bin/../lib/gcc/riscv-none-embed/8.2.0/../../../../riscv-none-embed/lib/rv32imacxw/ilp32\libm.a(lib_a-s_matherr.o)
                              c:/mounriver/mounriver_studio/toolchain/risc-v embedded gcc/bin/../lib/gcc/riscv-none-embed/8.2.0/../../../../riscv-none-embed/lib/rv32imacxw/ilp32\libm.a(lib_a-w_sqrt.o) (matherr)
C:\MRS_DATA\workspace\FreeModbusProjetc\NetLib\libwchnet.a(eth_api.o)
                              ./NetLib/eth_driver_10M.o (WCHNET_PeriodicHandle)
C:\MRS_DATA\workspace\FreeModbusProjetc\NetLib\libwchnet.a(ipcheck.o)
                              C:\MRS_DATA\workspace\FreeModbusProjetc\NetLib\libwchnet.a(eth_api.o) (IPCheckParaInit)
C:\MRS_DATA\workspace\FreeModbusProjetc\NetLib\libwchnet.a(net_dhcp.o)
                              C:\MRS_DATA\workspace\FreeModbusProjetc\NetLib\libwchnet.a(eth_api.o) (DHCPCtrl)
C:\MRS_DATA\workspace\FreeModbusProjetc\NetLib\libwchnet.a(net_dns.o)
                              C:\MRS_DATA\workspace\FreeModbusProjetc\NetLib\libwchnet.a(eth_api.o) (DNSInf)
C:\MRS_DATA\workspace\FreeModbusProjetc\NetLib\libwchnet.a(socket.o)
                              C:\MRS_DATA\workspace\FreeModbusProjetc\NetLib\libwchnet.a(net_dhcp.o) (ErrorEncode)
C:\MRS_DATA\workspace\FreeModbusProjetc\NetLib\libwchnet.a(etharp.o)
                              C:\MRS_DATA\workspace\FreeModbusProjetc\NetLib\libwchnet.a(eth_api.o) (etharp_tmr)
C:\MRS_DATA\workspace\FreeModbusProjetc\NetLib\libwchnet.a(ethernetif.o)
                              C:\MRS_DATA\workspace\FreeModbusProjetc\NetLib\libwchnet.a(eth_api.o) (ethernetif_input)
C:\MRS_DATA\workspace\FreeModbusProjetc\NetLib\libwchnet.a(inet.o)
                              C:\MRS_DATA\workspace\FreeModbusProjetc\NetLib\libwchnet.a(socket.o) (inet_ntoa)
C:\MRS_DATA\workspace\FreeModbusProjetc\NetLib\libwchnet.a(ip.o)
                              C:\MRS_DATA\workspace\FreeModbusProjetc\NetLib\libwchnet.a(etharp.o) (ip_input)
C:\MRS_DATA\workspace\FreeModbusProjetc\NetLib\libwchnet.a(ip_addr.o)
                              C:\MRS_DATA\workspace\FreeModbusProjetc\NetLib\libwchnet.a(socket.o) (ip_addr_isbroadcast)
C:\MRS_DATA\workspace\FreeModbusProjetc\NetLib\libwchnet.a(ip_frag.o)
                              C:\MRS_DATA\workspace\FreeModbusProjetc\NetLib\libwchnet.a(eth_api.o) (ip_reass_tmr)
C:\MRS_DATA\workspace\FreeModbusProjetc\NetLib\libwchnet.a(dhcp.o)
                              C:\MRS_DATA\workspace\FreeModbusProjetc\NetLib\libwchnet.a(net_dhcp.o) (dhcp_arp_reply)
C:\MRS_DATA\workspace\FreeModbusProjetc\NetLib\libwchnet.a(dns.o)
                              C:\MRS_DATA\workspace\FreeModbusProjetc\NetLib\libwchnet.a(dhcp.o) (dns_setserver)
C:\MRS_DATA\workspace\FreeModbusProjetc\NetLib\libwchnet.a(init.o)
                              C:\MRS_DATA\workspace\FreeModbusProjetc\NetLib\libwchnet.a(ethernetif.o) (lwip_init)
C:\MRS_DATA\workspace\FreeModbusProjetc\NetLib\libwchnet.a(mem.o)
                              C:\MRS_DATA\workspace\FreeModbusProjetc\NetLib\libwchnet.a(init.o) (mem_init)
C:\MRS_DATA\workspace\FreeModbusProjetc\NetLib\libwchnet.a(memp.o)
                              C:\MRS_DATA\workspace\FreeModbusProjetc\NetLib\libwchnet.a(init.o) (memp_init)
C:\MRS_DATA\workspace\FreeModbusProjetc\NetLib\libwchnet.a(netif.o)
                              C:\MRS_DATA\workspace\FreeModbusProjetc\NetLib\libwchnet.a(dhcp.o) (netif_set_ipaddr)
C:\MRS_DATA\workspace\FreeModbusProjetc\NetLib\libwchnet.a(pbuf.o)
                              C:\MRS_DATA\workspace\FreeModbusProjetc\NetLib\libwchnet.a(socket.o) (pbuf_header)
C:\MRS_DATA\workspace\FreeModbusProjetc\NetLib\libwchnet.a(raw.o)
                              C:\MRS_DATA\workspace\FreeModbusProjetc\NetLib\libwchnet.a(ip.o) (raw_input)
C:\MRS_DATA\workspace\FreeModbusProjetc\NetLib\libwchnet.a(tcp.o)
[...]
Memory Configuration

Name             Origin             Length             Attributes
FLASH            0x0000000000000000 0x0000000000040000 xr
RAM              0x0000000020000000 0x0000000000010000 xrw
*default*        0x0000000000000000 0xffffffffffffffff

Linker script and memory map

LOAD ./port/portevent.o
LOAD ./port/portother.o
LOAD ./port/porttcp.o
LOAD ./modbus/tcp/mbtcp.o
LOAD ./modbus/functions/mbfunccoils.o
LOAD ./modbus/functions/mbfuncdiag.o
LOAD ./modbus/functions/mbfuncdisc.o
LOAD ./modbus/functions/mbfuncholding.o
LOAD ./modbus/functions/mbfuncinput.o
LOAD ./modbus/functions/mbfuncother.o
LOAD ./modbus/functions/mbutils.o
LOAD ./modbus/mb.o
LOAD ./User/AC_ConvertLib.o
LOAD ./User/ADC.o
LOAD ./User/ch32v30x_it.o
LOAD ./User/main.o
LOAD ./User/system_ch32v30x.o
LOAD ./Startup/startup_ch32v30x_D8C.o
LOAD ./Peripheral/src/ch32v30x_adc.o
LOAD ./Peripheral/src/ch32v30x_bkp.o
LOAD ./Peripheral/src/ch32v30x_can.o
LOAD ./Peripheral/src/ch32v30x_crc.o
LOAD ./Peripheral/src/ch32v30x_dac.o
LOAD ./Peripheral/src/ch32v30x_dbgmcu.o
LOAD ./Peripheral/src/ch32v30x_dma.o
LOAD ./Peripheral/src/ch32v30x_dvp.o
LOAD ./Peripheral/src/ch32v30x_eth.o
LOAD ./Peripheral/src/ch32v30x_exti.o
LOAD ./Peripheral/src/ch32v30x_flash.o
LOAD ./Peripheral/src/ch32v30x_fsmc.o
LOAD ./Peripheral/src/ch32v30x_gpio.o
LOAD ./Peripheral/src/ch32v30x_i2c.o
LOAD ./Peripheral/src/ch32v30x_iwdg.o
LOAD ./Peripheral/src/ch32v30x_misc.o
LOAD ./Peripheral/src/ch32v30x_opa.o
LOAD ./Peripheral/src/ch32v30x_pwr.o
LOAD ./Peripheral/src/ch32v30x_rcc.o
LOAD ./Peripheral/src/ch32v30x_rng.o
LOAD ./Peripheral/src/ch32v30x_rtc.o
LOAD ./Peripheral/src/ch32v30x_sdio.o
LOAD ./Peripheral/src/ch32v30x_spi.o
LOAD ./Peripheral/src/ch32v30x_tim.o
LOAD ./Peripheral/src/ch32v30x_usart.o
LOAD ./Peripheral/src/ch32v30x_wwdg.o
LOAD ./NetLib/eth_driver_10M.o
LOAD ./FreeRTOS/portable/MemMang/heap_4.o
LOAD ./FreeRTOS/portable/GCC/RISC-V/port.o
LOAD ./FreeRTOS/portable/GCC/RISC-V/portASM.o
LOAD ./FreeRTOS/croutine.o
LOAD ./FreeRTOS/event_groups.o
LOAD ./FreeRTOS/list.o
LOAD ./FreeRTOS/queue.o
LOAD ./FreeRTOS/stream_buffer.o
LOAD ./FreeRTOS/tasks.o
LOAD ./FreeRTOS/timers.o
LOAD ./Debug/debug.o
LOAD ./Core/core_riscv.o
LOAD c:/mounriver/mounriver_studio/toolchain/risc-v embedded gcc/bin/../lib/gcc/riscv-none-embed/8.2.0/../../../../riscv-none-embed/lib/rv32imacxw/ilp32\libm.a
LOAD C:\MRS_DATA\workspace\FreeModbusProjetc\NetLib\libwchnet.a
LOAD c:/mounriver/mounriver_studio/toolchain/risc-v embedded gcc/bin/../lib/gcc/riscv-none-embed/8.2.0/rv32imacxw/ilp32\libgcc.a
LOAD c:/mounriver/mounriver_studio/toolchain/risc-v embedded gcc/bin/../lib/gcc/riscv-none-embed/8.2.0/../../../../riscv-none-embed/lib/rv32imacxw/ilp32\libg_nano.a
LOAD c:/mounriver/mounriver_studio/toolchain/risc-v embedded gcc/bin/../lib/gcc/riscv-none-embed/8.2.0/../../../../riscv-none-embed/lib/rv32imacxw/ilp32\libc_nano.a
LOAD c:/mounriver/mounriver_studio/toolchain/risc-v embedded gcc/bin/../lib/gcc/riscv-none-embed/8.2.0/rv32imacxw/ilp32\libgcc.a
START GROUP
LOAD c:/mounriver/mounriver_studio/toolchain/risc-v embedded gcc/bin/../lib/gcc/riscv-none-embed/8.2.0/rv32imacxw/ilp32\libgcc.a
LOAD c:/mounriver/mounriver_studio/toolchain/risc-v embedded gcc/bin/../lib/gcc/riscv-none-embed/8.2.0/../../../../riscv-none-embed/lib/rv32imacxw/ilp32\libc_nano.a
LOAD c:/mounriver/mounriver_studio/toolchain/risc-v embedded gcc/bin/../lib/gcc/riscv-none-embed/8.2.0/../../../../riscv-none-embed/lib/rv32imacxw/ilp32\libnosys.a
END GROUP
START GROUP
LOAD c:/mounriver/mounriver_studio/toolchain/risc-v embedded gcc/bin/../lib/gcc/riscv-none-embed/8.2.0/rv32imacxw/ilp32\libgcc.a
LOAD c:/mounriver/mounriver_studio/toolchain/risc-v embedded gcc/bin/../lib/gcc/riscv-none-embed/8.2.0/../../../../riscv-none-embed/lib/rv32imacxw/ilp32\libc_nano.a
LOAD c:/mounriver/mounriver_studio/toolchain/risc-v embedded gcc/bin/../lib/gcc/riscv-none-embed/8.2.0/../../../../riscv-none-embed/lib/rv32imacxw/ilp32\libnosys.a
END GROUP
                0x0000000000000800                __stack_size = 0x800
                [!provide]                        PROVIDE (_stack_size = __stack_size)

.init           0x0000000000000000       0x38
                0x0000000000000000                _sinit = .
                0x0000000000000000                . = ALIGN (0x4)
 *(SORT_NONE(.init))
 .init          0x0000000000000000       0x38 ./Startup/startup_ch32v30x_D8C.o
                0x0000000000000000                _start
                0x0000000000000038                . = ALIGN (0x4)
                0x0000000000000038                _einit = .

.vector         0x0000000000000038      0x1c8
 *(.vector)
 .vector        0x0000000000000038      0x1a0 ./Startup/startup_ch32v30x_D8C.o
                0x0000000000000200                . = ALIGN (0x40)
 *fill*         0x00000000000001d8       0x28 

.text           0x0000000000000200    0x100f8
                0x0000000000000200                . = ALIGN (0x4)
 *(.text)
 .text          0x0000000000000200      0x2e6 ./FreeRTOS/portable/GCC/RISC-V/portASM.o
                0x0000000000000200                SW_Handler
                0x0000000000000300                xPortStartFirstTask
                0x0000000000000400                pxPortInitialiseStack
 .text          0x00000000000004e6       0x60 c:/mounriver/mounriver_studio/toolchain/risc-v embedded gcc/bin/../lib/gcc/riscv-none-embed/8.2.0/rv32imacxw/ilp32\libgcc.a(save-restore.o)
                0x00000000000004e6                __riscv_save_12
                0x00000000000004ee                __riscv_save_9
                0x00000000000004ee                __riscv_save_11
                0x00000000000004ee                __riscv_save_10
                0x00000000000004ee                __riscv_save_8
                0x00000000000004fc                __riscv_save_4
                0x00000000000004fc                __riscv_save_6
                0x00000000000004fc                __riscv_save_5
                0x00000000000004fc                __riscv_save_7
                0x0000000000000516                __riscv_save_3
                0x0000000000000516                __riscv_save_2
                0x0000000000000516                __riscv_save_1
                0x0000000000000516                __riscv_save_0
                0x0000000000000522                __riscv_restore_12
                0x0000000000000526                __riscv_restore_11
                0x0000000000000526                __riscv_restore_9
                0x0000000000000526                __riscv_restore_10
                0x0000000000000526                __riscv_restore_8
                0x0000000000000530                __riscv_restore_5
                0x0000000000000530                __riscv_restore_7
                0x0000000000000530                __riscv_restore_6
                0x0000000000000530                __riscv_restore_4
                0x000000000000053a                __riscv_restore_3
                0x000000000000053a                __riscv_restore_0
                0x000000000000053a                __riscv_restore_2
                0x000000000000053a                __riscv_restore_1
 .text          0x0000000000000546       0xa8 c:/mounriver/mounriver_studio/toolchain/risc-v embedded gcc/bin/../lib/gcc/riscv-none-embed/8.2.0/../../../../riscv-none-embed/lib/rv32imacxw/ilp32\libg_nano.a(lib_a-memset.o)
                0x0000000000000546                memset
 *(.text.*)
 .text.xMBPortEventInit
                0x00000000000005ee        0xc ./port/portevent.o
                0x00000000000005ee                xMBPortEventInit
 .text.xMBPortEventPost
                0x00000000000005fa       0x16 ./port/portevent.o
                0x00000000000005fa                xMBPortEventPost
 .text.xMBPortEventGet
                0x0000000000000610       0x22 ./port/portevent.o
                0x0000000000000610                xMBPortEventGet
 .text.prvvMBPortReleaseClient.part.0
                0x0000000000000632       0x14 ./port/porttcp.o
 .text.TIM2_Init
                0x0000000000000646       0x6c ./port/porttcp.o
                0x0000000000000646                TIM2_Init
 .text.vNetInit
                0x00000000000006b2       0x9c ./port/porttcp.o
                0x00000000000006b2                vNetInit
 .text.WCHNET_HandleSockInt
                0x000000000000074e      0x174 ./port/porttcp.o
                0x000000000000074e                WCHNET_HandleSockInt
 .text.WCHNET_HandleGlobalInt
                0x00000000000008c2       0x6a ./port/porttcp.o
                0x00000000000008c2                WCHNET_HandleGlobalInt
 .text.MBTCP_task
                0x000000000000092c       0x56 ./port/porttcp.o
                0x000000000000092c                MBTCP_task
 .text.xMBTCPPortInit
                0x0000000000000982       0x6c ./port/porttcp.o
                0x0000000000000982                xMBTCPPortInit
 .text.vMBTCPPortDisable
                0x00000000000009ee        0xc ./port/porttcp.o
                0x00000000000009ee                vMBTCPPortDisable
 .text.xMBTCPPortGetRequest
                0x00000000000009fa       0x1e ./port/porttcp.o
                0x00000000000009fa                xMBTCPPortGetRequest
 .text.xMBTCPPortSendResponse
                0x0000000000000a18       0x4c ./port/porttcp.o
                0x0000000000000a18                xMBTCPPortSendResponse
 .text.eMBTCPDoInit
                0x0000000000000a64       0x10 ./modbus/tcp/mbtcp.o
                0x0000000000000a64                eMBTCPDoInit
 .text.eMBTCPStart
                0x0000000000000a74        0x2 ./modbus/tcp/mbtcp.o
                0x0000000000000a74                eMBTCPStart
 .text.eMBTCPStop
                0x0000000000000a76        0x8 ./modbus/tcp/mbtcp.o
                0x0000000000000a76                eMBTCPStop
 .text.eMBTCPReceive
                0x0000000000000a7e       0x4a ./modbus/tcp/mbtcp.o
                0x0000000000000a7e                eMBTCPReceive
 .text.eMBTCPSend
                0x0000000000000ac8       0x2c ./modbus/tcp/mbtcp.o
                0x0000000000000ac8                eMBTCPSend
 .text.eMBFuncReadCoils
                0x0000000000000af4       0x98 ./modbus/functions/mbfunccoils.o
                0x0000000000000af4                eMBFuncReadCoils
 .text.eMBFuncWriteCoil
                0x0000000000000b8c       0x6c ./modbus/functions/mbfunccoils.o
                0x0000000000000b8c                eMBFuncWriteCoil
 .text.eMBFuncWriteMultipleCoils
                0x0000000000000bf8       0x88 ./modbus/functions/mbfunccoils.o
                0x0000000000000bf8                eMBFuncWriteMultipleCoils
 .text.eMBFuncReadDiscreteInputs
                0x0000000000000c80       0x98 ./modbus/functions/mbfuncdisc.o
                0x0000000000000c80                eMBFuncReadDiscreteInputs
 .text.eMBFuncWriteHoldingRegister
                0x0000000000000d18       0x42 ./modbus/functions/mbfuncholding.o
                0x0000000000000d18                eMBFuncWriteHoldingRegister
 .text.eMBFuncWriteMultipleHoldingRegister
                0x0000000000000d5a       0x7a ./modbus/functions/mbfuncholding.o
                0x0000000000000d5a                eMBFuncWriteMultipleHoldingRegister
 .text.eMBFuncReadHoldingRegister
                0x0000000000000dd4       0x7c ./modbus/functions/mbfuncholding.o
                0x0000000000000dd4                eMBFuncReadHoldingRegister
 .text.eMBFuncReadWriteMultipleHoldingRegister
                0x0000000000000e50       0xf0 ./modbus/functions/mbfuncholding.o
                0x0000000000000e50                eMBFuncReadWriteMultipleHoldingRegister
 .text.eMBFuncReadInputRegister
                0x0000000000000f40       0x8a ./modbus/functions/mbfuncinput.o
                0x0000000000000f40                eMBFuncReadInputRegister
 .text.eMBFuncReportSlaveID
                0x0000000000000fca       0x28 ./modbus/functions/mbfuncother.o
                0x0000000000000fca                eMBFuncReportSlaveID
 .text.prveMBError2Exception
                0x0000000000000ff2       0x14 ./modbus/functions/mbutils.o
                0x0000000000000ff2                prveMBError2Exception
 .text.eMBTCPInit
                0x0000000000001006       0x72 ./modbus/mb.o
                0x0000000000001006                eMBTCPInit
 .text.eMBEnable
                0x0000000000001078       0x26 ./modbus/mb.o
                0x0000000000001078                eMBEnable
 .text.eMBPoll  0x000000000000109e      0x114 ./modbus/mb.o
                0x000000000000109e                eMBPoll
 .text.vRCFilter
                0x00000000000011b2       0x30 ./User/AC_ConvertLib.o
                0x00000000000011b2                vRCFilter
 .text.vADCSetFreqDetectParam
                0x00000000000011e2       0x82 ./User/AC_ConvertLib.o
                0x00000000000011e2                vADCSetFreqDetectParam
 .text.vADCFindFreq
                0x0000000000001264      0x108 ./User/AC_ConvertLib.o
                0x0000000000001264                vADCFindFreq
 .text.xADCRMS  0x000000000000136c       0x54 ./User/AC_ConvertLib.o
                0x000000000000136c                xADCRMS
 .text.vDecNetural
                0x00000000000013c0       0x1a ./User/AC_ConvertLib.o
                0x00000000000013c0                vDecNetural
 .text.xADCMax  0x00000000000013da       0x34 ./User/AC_ConvertLib.o
                0x00000000000013da                xADCMax
 .text.DMA_Tx_Init
                0x000000000000140e       0x86 ./User/ADC.o
                0x000000000000140e                DMA_Tx_Init
 .text.TIM1_PWM_In
                0x0000000000001494       0x58 ./User/ADC.o
                0x0000000000001494                TIM1_PWM_In
 .text.ADC_ChConfig
                0x00000000000014ec       0x2c ./User/ADC.o
                0x00000000000014ec                ADC_ChConfig
 .text.ADC_TestInit
                0x0000000000001518      0x244 ./User/ADC.o
                0x0000000000001518                ADC_TestInit
 .text.Get_ConversionVal
                0x000000000000175c       0x2e ./User/ADC.o
                0x000000000000175c                Get_ConversionVal
 .text.Get_ConversionVal2
                0x000000000000178a       0x2e ./User/ADC.o
                0x000000000000178a                Get_ConversionVal2
 .text.ADC1_2_IRQHandler
                0x00000000000017b8      0x1ae ./User/ADC.o
                0x00000000000017b8                ADC1_2_IRQHandler
 .text.DMA1_Channel1_IRQHandler
                0x0000000000001966       0x60 ./User/ADC.o
                0x0000000000001966                DMA1_Channel1_IRQHandler
 .text.ADC_task
                0x00000000000019c6      0x118 ./User/ADC.o
                0x00000000000019c6                ADC_task
 .text.NMI_Handler
                0x0000000000001ade        0x4 ./User/ch32v30x_it.o
                0x0000000000001ade                NMI_Handler
 .text.HardFault_Handler
                0x0000000000001ae2       0x44 ./User/ch32v30x_it.o
                0x0000000000001ae2                HardFault_Handler
 .text.EXTI9_5_IRQHandler
                0x0000000000001b26       0x54 ./User/ch32v30x_it.o
                0x0000000000001b26                EXTI9_5_IRQHandler
 .text.ETH_IRQHandler
                0x0000000000001b7a        0x8 ./User/ch32v30x_it.o
                0x0000000000001b7a                ETH_IRQHandler
 .text.TIM2_IRQHandler
                0x0000000000001b82       0x14 ./User/ch32v30x_it.o
                0x0000000000001b82                TIM2_IRQHandler
 .text.task2_task
                0x0000000000001b96       0x1a ./User/main.o
                0x0000000000001b96                task2_task
 .text.xGetOSEvent
                0x0000000000001bb0        0xa ./User/main.o
                0x0000000000001bb0                xGetOSEvent
 .text.xGetADCEvent
                0x0000000000001bba        0xa ./User/main.o
                0x0000000000001bba                xGetADCEvent
 .text.GPIO_Toggle_INIT
                0x0000000000001bc4       0x34 ./User/main.o
                0x0000000000001bc4                GPIO_Toggle_INIT
 .text.mStopIfError
                0x0000000000001bf8       0x1a ./User/main.o
                0x0000000000001bf8                mStopIfError
 .text.eMBRegInputCB
                0x0000000000001c12       0x24 ./User/main.o
                0x0000000000001c12                eMBRegInputCB
 .text.eMBRegHoldingCB
                0x0000000000001c36       0x7a ./User/main.o
                0x0000000000001c36                eMBRegHoldingCB
 .text.eMBRegCoilsCB
                0x0000000000001cb0        0x4 ./User/main.o
                0x0000000000001cb0                eMBRegCoilsCB
 .text.eMBRegDiscreteCB
                0x0000000000001cb4        0x4 ./User/main.o
                0x0000000000001cb4                eMBRegDiscreteCB
 .text.startup.main
                0x0000000000001cb8       0xec ./User/main.o
                0x0000000000001cb8                main
 .text.SystemInit
                0x0000000000001da4       0xfc ./User/system_ch32v30x.o
                0x0000000000001da4                SystemInit
 .text.SystemCoreClockUpdate
                0x0000000000001ea0       0xba ./User/system_ch32v30x.o
                0x0000000000001ea0                SystemCoreClockUpdate
 .text.vector_handler
                0x0000000000001f5a       0xbe ./Startup/startup_ch32v30x_D8C.o
                0x0000000000001f5e                Ecall_M_Mode_Handler
                0x0000000000001f60                Ecall_U_Mode_Handler
                0x0000000000001f62                Break_Point_Handler
                0x0000000000001f68                WWDG_IRQHandler
                0x0000000000001f6a                PVD_IRQHandler
                0x0000000000001f6c                TAMPER_IRQHandler
                0x0000000000001f6e                RTC_IRQHandler
                0x0000000000001f70                FLASH_IRQHandler
                0x0000000000001f72                RCC_IRQHandler
                0x0000000000001f74                EXTI0_IRQHandler
                0x0000000000001f76                EXTI1_IRQHandler
                0x0000000000001f78                EXTI2_IRQHandler
                0x0000000000001f7a                EXTI3_IRQHandler
                0x0000000000001f7c                EXTI4_IRQHandler
                0x0000000000001f80                DMA1_Channel2_IRQHandler
                0x0000000000001f82                DMA1_Channel3_IRQHandler
                0x0000000000001f84                DMA1_Channel4_IRQHandler
                0x0000000000001f86                DMA1_Channel5_IRQHandler
                0x0000000000001f88                DMA1_Channel6_IRQHandler
                0x0000000000001f8a                DMA1_Channel7_IRQHandler
                0x0000000000001f8e                USB_HP_CAN1_TX_IRQHandler
                0x0000000000001f90                USB_LP_CAN1_RX0_IRQHandler
                0x0000000000001f92                CAN1_RX1_IRQHandler
                0x0000000000001f94                CAN1_SCE_IRQHandler
                0x0000000000001f98                TIM1_BRK_IRQHandler
                0x0000000000001f9a                TIM1_UP_IRQHandler
                0x0000000000001f9c                TIM1_TRG_COM_IRQHandler
                0x0000000000001f9e                TIM1_CC_IRQHandler
                0x0000000000001fa2                TIM3_IRQHandler
                0x0000000000001fa4                TIM4_IRQHandler
                0x0000000000001fa6                I2C1_EV_IRQHandler
                0x0000000000001fa8                I2C1_ER_IRQHandler
                0x0000000000001faa                I2C2_EV_IRQHandler
                0x0000000000001fac                I2C2_ER_IRQHandler
                0x0000000000001fae                SPI1_IRQHandler
                0x0000000000001fb0                SPI2_IRQHandler
                0x0000000000001fb2                USART1_IRQHandler
                0x0000000000001fb4                USART2_IRQHandler
                0x0000000000001fb6                USART3_IRQHandler
                0x0000000000001fb8                EXTI15_10_IRQHandler
                0x0000000000001fba                RTCAlarm_IRQHandler
                0x0000000000001fbc                USBWakeUp_IRQHandler
                0x0000000000001fbe                TIM8_BRK_IRQHandler
                0x0000000000001fc0                TIM8_UP_IRQHandler
                0x0000000000001fc2                TIM8_TRG_COM_IRQHandler
                0x0000000000001fc4                TIM8_CC_IRQHandler
                0x0000000000001fc6                RNG_IRQHandler
                0x0000000000001fc8                FSMC_IRQHandler
                0x0000000000001fca                SDIO_IRQHandler
                0x0000000000001fcc                TIM5_IRQHandler
                0x0000000000001fce                SPI3_IRQHandler
                0x0000000000001fd0                UART4_IRQHandler
                0x0000000000001fd2                UART5_IRQHandler
                0x0000000000001fd4                TIM6_IRQHandler
                0x0000000000001fd6                TIM7_IRQHandler
                0x0000000000001fd8                DMA2_Channel1_IRQHandler
                0x0000000000001fda                DMA2_Channel2_IRQHandler
                0x0000000000001fdc                DMA2_Channel3_IRQHandler
                0x0000000000001fde                DMA2_Channel4_IRQHandler
                0x0000000000001fe0                DMA2_Channel5_IRQHandler
                0x0000000000001fe4                ETH_WKUP_IRQHandler
                0x0000000000001fe6                CAN2_TX_IRQHandler
                0x0000000000001fe8                CAN2_RX0_IRQHandler
                0x0000000000001fea                CAN2_RX1_IRQHandler
                0x0000000000001fec                CAN2_SCE_IRQHandler
                0x0000000000001fee                OTG_FS_IRQHandler
                0x0000000000001ff0                USBHSWakeup_IRQHandler
                0x0000000000001ff2                USBHS_IRQHandler
                0x0000000000001ff4                DVP_IRQHandler
                0x0000000000001ff6                UART6_IRQHandler
                0x0000000000001ff8                UART7_IRQHandler
                0x0000000000001ffa                UART8_IRQHandler
                0x0000000000001ffc                TIM9_BRK_IRQHandler
                0x0000000000001ffe                TIM9_UP_IRQHandler
                0x0000000000002000                TIM9_TRG_COM_IRQHandler
                0x0000000000002002                TIM9_CC_IRQHandler
                0x0000000000002004                TIM10_BRK_IRQHandler
                0x0000000000002006                TIM10_UP_IRQHandler
                0x0000000000002008                TIM10_TRG_COM_IRQHandler
                0x000000000000200a                TIM10_CC_IRQHandler
                0x000000000000200c                DMA2_Channel6_IRQHandler
                0x000000000000200e                DMA2_Channel7_IRQHandler
                0x0000000000002010                DMA2_Channel8_IRQHandler
                0x0000000000002012                DMA2_Channel9_IRQHandler
                0x0000000000002014                DMA2_Channel10_IRQHandler
                0x0000000000002016                DMA2_Channel11_IRQHandler
 .text.handle_reset
                0x0000000000002018       0x92 ./Startup/startup_ch32v30x_D8C.o
                0x0000000000002018                handle_reset
 .text.ADC_DeInit
                0x00000000000020aa       0x46 ./Peripheral/src/ch32v30x_adc.o
                0x00000000000020aa                ADC_DeInit
 .text.ADC_Init
                0x00000000000020f0       0x56 ./Peripheral/src/ch32v30x_adc.o
                0x00000000000020f0                ADC_Init
 .text.ADC_Cmd  0x0000000000002146       0x10 ./Peripheral/src/ch32v30x_adc.o
                0x0000000000002146                ADC_Cmd
 .text.ADC_DMACmd
                0x0000000000002156       0x12 ./Peripheral/src/ch32v30x_adc.o
                0x0000000000002156                ADC_DMACmd
 .text.ADC_ITConfig
                0x0000000000002168       0x16 ./Peripheral/src/ch32v30x_adc.o
                0x0000000000002168                ADC_ITConfig
 .text.ADC_ResetCalibration
                0x000000000000217e        0xa ./Peripheral/src/ch32v30x_adc.o
                0x000000000000217e                ADC_ResetCalibration
 .text.ADC_GetResetCalibrationStatus
                0x0000000000002188        0x8 ./Peripheral/src/ch32v30x_adc.o
                0x0000000000002188                ADC_GetResetCalibrationStatus
 .text.ADC_StartCalibration
                0x0000000000002190        0xa ./Peripheral/src/ch32v30x_adc.o
                0x0000000000002190                ADC_StartCalibration
 .text.ADC_GetCalibrationStatus
                0x000000000000219a        0x8 ./Peripheral/src/ch32v30x_adc.o
                0x000000000000219a                ADC_GetCalibrationStatus
 .text.ADC_SoftwareStartConvCmd
                0x00000000000021a2       0x18 ./Peripheral/src/ch32v30x_adc.o
                0x00000000000021a2                ADC_SoftwareStartConvCmd
 .text.ADC_RegularChannelConfig
                0x00000000000021ba       0xb8 ./Peripheral/src/ch32v30x_adc.o
                0x00000000000021ba                ADC_RegularChannelConfig
 .text.ADC_ExternalTrigConvCmd
                0x0000000000002272       0x18 ./Peripheral/src/ch32v30x_adc.o
                0x0000000000002272                ADC_ExternalTrigConvCmd
 .text.ADC_ExternalTrigInjectedConvConfig
                0x000000000000228a        0xe ./Peripheral/src/ch32v30x_adc.o
                0x000000000000228a                ADC_ExternalTrigInjectedConvConfig
 .text.ADC_SoftwareStartInjectedConvCmd
                0x0000000000002298       0x18 ./Peripheral/src/ch32v30x_adc.o
                0x0000000000002298                ADC_SoftwareStartInjectedConvCmd
 .text.ADC_InjectedChannelConfig
                0x00000000000022b0       0x7a ./Peripheral/src/ch32v30x_adc.o
                0x00000000000022b0                ADC_InjectedChannelConfig
 .text.ADC_InjectedSequencerLengthConfig
                0x000000000000232a       0x14 ./Peripheral/src/ch32v30x_adc.o
                0x000000000000232a                ADC_InjectedSequencerLengthConfig
 .text.ADC_GetInjectedConversionValue
                0x000000000000233e       0x1c ./Peripheral/src/ch32v30x_adc.o
                0x000000000000233e                ADC_GetInjectedConversionValue
 .text.ADC_TempSensorVrefintCmd
                0x000000000000235a       0x20 ./Peripheral/src/ch32v30x_adc.o
                0x000000000000235a                ADC_TempSensorVrefintCmd
 .text.ADC_GetITStatus
                0x000000000000237a       0x1c ./Peripheral/src/ch32v30x_adc.o
                0x000000000000237a                ADC_GetITStatus
 .text.ADC_ClearITPendingBit
                0x0000000000002396        0xa ./Peripheral/src/ch32v30x_adc.o
                0x0000000000002396                ADC_ClearITPendingBit
 .text.ADC_BufferCmd
                0x00000000000023a0       0x18 ./Peripheral/src/ch32v30x_adc.o
                0x00000000000023a0                ADC_BufferCmd
 .text.Get_CalibrationValue
                0x00000000000023b8      0x130 ./Peripheral/src/ch32v30x_adc.o
                0x00000000000023b8                Get_CalibrationValue
 .text.DBGMCU_GetCHIPID
                0x00000000000024e8        0xa ./Peripheral/src/ch32v30x_dbgmcu.o
                0x00000000000024e8                DBGMCU_GetCHIPID
 .text.DMA_DeInit
                0x00000000000024f2      0x16c ./Peripheral/src/ch32v30x_dma.o
                0x00000000000024f2                DMA_DeInit
 .text.DMA_Init
                0x000000000000265e       0x38 ./Peripheral/src/ch32v30x_dma.o
                0x000000000000265e                DMA_Init
 .text.DMA_Cmd  0x0000000000002696       0x14 ./Peripheral/src/ch32v30x_dma.o
                0x0000000000002696                DMA_Cmd
 .text.DMA_ITConfig
                0x00000000000026aa       0x12 ./Peripheral/src/ch32v30x_dma.o
                0x00000000000026aa                DMA_ITConfig
 .text.DMA_GetFlagStatus
                0x00000000000026bc       0x32 ./Peripheral/src/ch32v30x_dma.o
                0x00000000000026bc                DMA_GetFlagStatus
 .text.DMA_ClearFlag
                0x00000000000026ee       0x2c ./Peripheral/src/ch32v30x_dma.o
                0x00000000000026ee                DMA_ClearFlag
 .text.DMA_GetITStatus
                0x000000000000271a        0xa ./Peripheral/src/ch32v30x_dma.o
                0x000000000000271a                DMA_GetITStatus
 .text.DMA_ClearITPendingBit
                0x0000000000002724        0xa ./Peripheral/src/ch32v30x_dma.o
                0x0000000000002724                DMA_ClearITPendingBit
 .text.ETH_DeInit
                0x000000000000272e       0x14 ./Peripheral/src/ch32v30x_eth.o
                0x000000000000272e                ETH_DeInit
 .text.ETH_StructInit
                0x0000000000002742       0xd8 ./Peripheral/src/ch32v30x_eth.o
                0x0000000000002742                ETH_StructInit
 .text.ETH_ReadPHYRegister
                0x000000000000281a       0x58 ./Peripheral/src/ch32v30x_eth.o
                0x000000000000281a                ETH_ReadPHYRegister
 .text.ETH_WritePHYRegister
                0x0000000000002872       0x52 ./Peripheral/src/ch32v30x_eth.o
                0x0000000000002872                ETH_WritePHYRegister
 .text.ETH_DMATxDescChainInit
                0x00000000000028c4       0x42 ./Peripheral/src/ch32v30x_eth.o
                0x00000000000028c4                ETH_DMATxDescChainInit
 .text.ETH_DMARxDescChainInit
                0x0000000000002906       0x50 ./Peripheral/src/ch32v30x_eth.o
                0x0000000000002906                ETH_DMARxDescChainInit
 .text.ETH_SoftwareReset
                0x0000000000002956        0xe ./Peripheral/src/ch32v30x_eth.o
                0x0000000000002956                ETH_SoftwareReset
 .text.ETH_DMAClearITPendingBit
                0x0000000000002964        0x8 ./Peripheral/src/ch32v30x_eth.o
                0x0000000000002964                ETH_DMAClearITPendingBit
 .text.ETH_FlushTransmitFIFO
                0x000000000000296c       0x10 ./Peripheral/src/ch32v30x_eth.o
                0x000000000000296c                ETH_FlushTransmitFIFO
 .text.ETH_Start
                0x000000000000297c       0x32 ./Peripheral/src/ch32v30x_eth.o
                0x000000000000297c                ETH_Start
 .text.ETH_DMAITConfig
                0x00000000000029ae       0x1e ./Peripheral/src/ch32v30x_eth.o
                0x00000000000029ae                ETH_DMAITConfig
 .text.EXTI_ClearITPendingBit
                0x00000000000029cc        0xa ./Peripheral/src/ch32v30x_exti.o
                0x00000000000029cc                EXTI_ClearITPendingBit
 .text.GPIO_Init
                0x00000000000029d6       0xc0 ./Peripheral/src/ch32v30x_gpio.o
                0x00000000000029d6                GPIO_Init
 .text.GPIO_SetBits
                0x0000000000002a96        0x4 ./Peripheral/src/ch32v30x_gpio.o
                0x0000000000002a96                GPIO_SetBits
 .text.GPIO_ResetBits
                0x0000000000002a9a        0x4 ./Peripheral/src/ch32v30x_gpio.o
                0x0000000000002a9a                GPIO_ResetBits
 .text.NVIC_PriorityGroupConfig
                0x0000000000002a9e        0x6 ./Peripheral/src/ch32v30x_misc.o
                0x0000000000002a9e                NVIC_PriorityGroupConfig
 .text.NVIC_Init
                0x0000000000002aa4       0xa6 ./Peripheral/src/ch32v30x_misc.o
                0x0000000000002aa4                NVIC_Init
 .text.RCC_ADCCLKConfig
                0x0000000000002b4a       0x12 ./Peripheral/src/ch32v30x_rcc.o
                0x0000000000002b4a                RCC_ADCCLKConfig
 .text.RCC_GetClocksFreq
                0x0000000000002b5c      0x176 ./Peripheral/src/ch32v30x_rcc.o
                0x0000000000002b5c                RCC_GetClocksFreq
 .text.RCC_AHBPeriphClockCmd
                0x0000000000002cd2       0x1e ./Peripheral/src/ch32v30x_rcc.o
                0x0000000000002cd2                RCC_AHBPeriphClockCmd
 .text.RCC_APB2PeriphClockCmd
                0x0000000000002cf0       0x1e ./Peripheral/src/ch32v30x_rcc.o
                0x0000000000002cf0                RCC_APB2PeriphClockCmd
 .text.RCC_APB1PeriphClockCmd
                0x0000000000002d0e       0x1e ./Peripheral/src/ch32v30x_rcc.o
                0x0000000000002d0e                RCC_APB1PeriphClockCmd
 .text.RCC_APB2PeriphResetCmd
                0x0000000000002d2c       0x1e ./Peripheral/src/ch32v30x_rcc.o
                0x0000000000002d2c                RCC_APB2PeriphResetCmd
 .text.RCC_GetFlagStatus
                0x0000000000002d4a       0x2e ./Peripheral/src/ch32v30x_rcc.o
                0x0000000000002d4a                RCC_GetFlagStatus
 .text.RCC_PREDIV2Config
                0x0000000000002d78       0x10 ./Peripheral/src/ch32v30x_rcc.o
                0x0000000000002d78                RCC_PREDIV2Config
 .text.RCC_PLL3Config
                0x0000000000002d88       0x12 ./Peripheral/src/ch32v30x_rcc.o
                0x0000000000002d88                RCC_PLL3Config
 .text.RCC_PLL3Cmd
                0x0000000000002d9a       0x24 ./Peripheral/src/ch32v30x_rcc.o
                0x0000000000002d9a                RCC_PLL3Cmd
 .text.RCC_AHBPeriphResetCmd
                0x0000000000002dbe       0x1e ./Peripheral/src/ch32v30x_rcc.o
                0x0000000000002dbe                RCC_AHBPeriphResetCmd
 .text.TIM_TimeBaseInit
                0x0000000000002ddc       0xaa ./Peripheral/src/ch32v30x_tim.o
                0x0000000000002ddc                TIM_TimeBaseInit
 .text.TIM_Cmd  0x0000000000002e86       0x18 ./Peripheral/src/ch32v30x_tim.o
                0x0000000000002e86                TIM_Cmd
 .text.TIM_ITConfig
                0x0000000000002e9e       0x12 ./Peripheral/src/ch32v30x_tim.o
                0x0000000000002e9e                TIM_ITConfig
 .text.TIM_InternalClockConfig
                0x0000000000002eb0       0x10 ./Peripheral/src/ch32v30x_tim.o
                0x0000000000002eb0                TIM_InternalClockConfig
 .text.TIM_SelectOutputTrigger
                0x0000000000002ec0       0x18 ./Peripheral/src/ch32v30x_tim.o
                0x0000000000002ec0                TIM_SelectOutputTrigger
 .text.TIM_ClearITPendingBit
                0x0000000000002ed8        0xc ./Peripheral/src/ch32v30x_tim.o
                0x0000000000002ed8                TIM_ClearITPendingBit
 .text.USART_Init
                0x0000000000002ee4       0xbc ./Peripheral/src/ch32v30x_usart.o
                0x0000000000002ee4                USART_Init
 .text.USART_Cmd
                0x0000000000002fa0       0x16 ./Peripheral/src/ch32v30x_usart.o
                0x0000000000002fa0                USART_Cmd
 .text.USART_SendData
                0x0000000000002fb6        0x8 ./Peripheral/src/ch32v30x_usart.o
                0x0000000000002fb6                USART_SendData
 .text.USART_GetFlagStatus
                0x0000000000002fbe        0xa ./Peripheral/src/ch32v30x_usart.o
                0x0000000000002fbe                USART_GetFlagStatus
 .text.ETH_TxPktChainMode
                0x0000000000002fc8       0x44 ./NetLib/eth_driver_10M.o
                0x0000000000002fc8                ETH_TxPktChainMode
 .text.ETH_LedDataSet
                0x000000000000300c       0x22 ./NetLib/eth_driver_10M.o
                0x000000000000300c                ETH_LedDataSet
 .text.ETH_LedLinkSet
                0x000000000000302e       0x22 ./NetLib/eth_driver_10M.o
                0x000000000000302e                ETH_LedLinkSet
 .text.WCHNET_GetMacAddr
                0x0000000000003050       0x20 ./NetLib/eth_driver_10M.o
                0x0000000000003050                WCHNET_GetMacAddr
 .text.WCHNET_TimeIsr
                0x0000000000003070        0xc ./NetLib/eth_driver_10M.o
                0x0000000000003070                WCHNET_TimeIsr
 .text.WCHNET_PhyPNProcess
                0x000000000000307c       0xa8 ./NetLib/eth_driver_10M.o
                0x000000000000307c                WCHNET_PhyPNProcess
 .text.WCHNET_LinkProcess
                0x0000000000003124      0x328 ./NetLib/eth_driver_10M.o
                0x0000000000003124                WCHNET_LinkProcess
 .text.WCHNET_HandlePhyNegotiation
                0x000000000000344c      0x190 ./NetLib/eth_driver_10M.o
                0x000000000000344c                WCHNET_HandlePhyNegotiation
 .text.ETH_LedConfiguration
                0x00000000000035dc       0x44 ./NetLib/eth_driver_10M.o
                0x00000000000035dc                ETH_LedConfiguration
 .text.ETH_SetClock
                0x0000000000003620       0x2a ./NetLib/eth_driver_10M.o
                0x0000000000003620                ETH_SetClock
 .text.ETH_PHYLink
                0x000000000000364a      0x108 ./NetLib/eth_driver_10M.o
                0x000000000000364a                ETH_PHYLink
 .text.ReInitMACReg
                0x0000000000003752      0x2a2 ./NetLib/eth_driver_10M.o
                0x0000000000003752                ReInitMACReg
 .text.WCHNET_RecProcess
                0x00000000000039f4       0x2c ./NetLib/eth_driver_10M.o
                0x00000000000039f4                WCHNET_RecProcess
 .text.WCHNET_MainTask
                0x0000000000003a20       0x18 ./NetLib/eth_driver_10M.o
                0x0000000000003a20                WCHNET_MainTask
 .text.ETH_RegInit
                0x0000000000003a38      0x118 ./NetLib/eth_driver_10M.o
                0x0000000000003a38                ETH_RegInit
 .text.ETH_Configuration
                0x0000000000003b50       0xec ./NetLib/eth_driver_10M.o
                0x0000000000003b50                ETH_Configuration
 .text.WCHNET_ETHIsr
                0x0000000000003c3c       0x7e ./NetLib/eth_driver_10M.o
                0x0000000000003c3c                WCHNET_ETHIsr
 .text.ETH_Init
                0x0000000000003cba       0x92 ./NetLib/eth_driver_10M.o
                0x0000000000003cba                ETH_Init
 .text.ETH_LibInit
                0x0000000000003d4c       0x86 ./NetLib/eth_driver_10M.o
                0x0000000000003d4c                ETH_LibInit
 .text.prvInsertBlockIntoFreeList
                0x0000000000003dd2       0x44 ./FreeRTOS/portable/MemMang/heap_4.o
 .text.pvPortMalloc
                0x0000000000003e16      0x168 ./FreeRTOS/portable/MemMang/heap_4.o
                0x0000000000003e16                pvPortMalloc
 .text.vPortFree
                0x0000000000003f7e       0x9c ./FreeRTOS/portable/MemMang/heap_4.o
                0x0000000000003f7e                vPortFree
 .text.vPortSetupTimerInterrupt
                0x000000000000401a       0x3a ./FreeRTOS/portable/GCC/RISC-V/port.o
                0x000000000000401a                vPortSetupTimerInterrupt
 .text.xPortStartScheduler
                0x0000000000004054       0x90 ./FreeRTOS/portable/GCC/RISC-V/port.o
                0x0000000000004054                xPortStartScheduler
 .text.SysTick_Handler
                0x00000000000040e4       0x38 ./FreeRTOS/portable/GCC/RISC-V/port.o
                0x00000000000040e4                SysTick_Handler
 .text.vPortEnterCritical
                0x000000000000411c       0x16 ./FreeRTOS/portable/GCC/RISC-V/port.o
                0x000000000000411c                vPortEnterCritical
 .text.vPortExitCritical
                0x0000000000004132       0x42 ./FreeRTOS/portable/GCC/RISC-V/port.o
                0x0000000000004132                vPortExitCritical
 .text.xPortSetInterruptMask
                0x0000000000004174        0xc ./FreeRTOS/portable/GCC/RISC-V/port.o
                0x0000000000004174                xPortSetInterruptMask
 .text.vPortClearInterruptMask
                0x0000000000004180        0x6 ./FreeRTOS/portable/GCC/RISC-V/port.o
                0x0000000000004180                vPortClearInterruptMask
 .text.xEventGroupCreate
                0x0000000000004186       0x1c ./FreeRTOS/event_groups.o
                0x0000000000004186                xEventGroupCreate
 .text.xEventGroupWaitBits
                0x00000000000041a2      0x15a ./FreeRTOS/event_groups.o
                0x00000000000041a2                xEventGroupWaitBits
 .text.xEventGroupClearBits
                0x00000000000042fc       0x7a ./FreeRTOS/event_groups.o
                0x00000000000042fc                xEventGroupClearBits
 .text.xEventGroupSetBits
                0x0000000000004376       0xc8 ./FreeRTOS/event_groups.o
                0x0000000000004376                xEventGroupSetBits
 .text.vEventGroupSetBitsCallback
                0x000000000000443e        0xc ./FreeRTOS/event_groups.o
                0x000000000000443e                vEventGroupSetBitsCallback
 .text.vListInitialise
                0x000000000000444a       0x14 ./FreeRTOS/list.o
                0x000000000000444a                vListInitialise
 .text.vListInitialiseItem
                0x000000000000445e        0x6 ./FreeRTOS/list.o
                0x000000000000445e                vListInitialiseItem
 .text.vListInsert
                0x0000000000004464       0x2e ./FreeRTOS/list.o
                0x0000000000004464                vListInsert
 .text.uxListRemove
                0x0000000000004492       0x20 ./FreeRTOS/list.o
                0x0000000000004492                uxListRemove
 .text.prvIsQueueEmpty
                0x00000000000044b2       0x1e ./FreeRTOS/queue.o
 .text.prvCopyDataToQueue
                0x00000000000044d0       0x72 ./FreeRTOS/queue.o
 .text.prvCopyDataFromQueue
                0x0000000000004542       0x28 ./FreeRTOS/queue.o
 .text.prvUnlockQueue
                0x000000000000456a       0x76 ./FreeRTOS/queue.o
 .text.xQueueGenericReset
                0x00000000000045e0       0xc4 ./FreeRTOS/queue.o
                0x00000000000045e0                xQueueGenericReset
 .text.xQueueGenericCreate
                0x00000000000046a4       0x6e ./FreeRTOS/queue.o
                0x00000000000046a4                xQueueGenericCreate
 .text.xQueueGenericSendFromISR
                0x0000000000004712      0x128 ./FreeRTOS/queue.o
                0x0000000000004712                xQueueGenericSendFromISR
 .text.xQueueReceive
                0x000000000000483a      0x15e ./FreeRTOS/queue.o
                0x000000000000483a                xQueueReceive
 .text.vQueueAddToRegistry
                0x0000000000004998       0x6c ./FreeRTOS/queue.o
                0x0000000000004998                vQueueAddToRegistry
 .text.vQueueWaitForMessageRestricted
                0x0000000000004a04       0x5c ./FreeRTOS/queue.o
                0x0000000000004a04                vQueueWaitForMessageRestricted
 .text.prvResetNextTaskUnblockTime
                0x0000000000004a60       0x1c ./FreeRTOS/tasks.o
 .text.prvAddCurrentTaskToDelayedList
                0x0000000000004a7c       0x92 ./FreeRTOS/tasks.o
 .text.prvIdleTask
                0x0000000000004b0e       0x4a ./FreeRTOS/tasks.o
 .text.xTaskCreate
                0x0000000000004b58      0x1e4 ./FreeRTOS/tasks.o
                0x0000000000004b58                xTaskCreate
 .text.vTaskStartScheduler
                0x0000000000004d3c       0x82 ./FreeRTOS/tasks.o
                0x0000000000004d3c                vTaskStartScheduler
 .text.vTaskSuspendAll
                0x0000000000004dbe        0xc ./FreeRTOS/tasks.o
                0x0000000000004dbe                vTaskSuspendAll
 .text.xTaskGetTickCount
                0x0000000000004dca        0x6 ./FreeRTOS/tasks.o
                0x0000000000004dca                xTaskGetTickCount
 .text.xTaskIncrementTick
                0x0000000000004dd0      0x180 ./FreeRTOS/tasks.o
                0x0000000000004dd0                xTaskIncrementTick
 .text.xTaskResumeAll
                0x0000000000004f50      0x148 ./FreeRTOS/tasks.o
                0x0000000000004f50                xTaskResumeAll
 .text.vTaskDelay
                0x0000000000005098       0x62 ./FreeRTOS/tasks.o
                0x0000000000005098                vTaskDelay
 .text.vTaskSwitchContext
                0x00000000000050fa       0x8a ./FreeRTOS/tasks.o
                0x00000000000050fa                vTaskSwitchContext
 .text.vTaskPlaceOnEventList
                0x0000000000005184       0x44 ./FreeRTOS/tasks.o
                0x0000000000005184                vTaskPlaceOnEventList
 .text.vTaskPlaceOnUnorderedEventList
                0x00000000000051c8       0x98 ./FreeRTOS/tasks.o
                0x00000000000051c8                vTaskPlaceOnUnorderedEventList
 .text.vTaskPlaceOnEventListRestricted
                0x0000000000005260       0x72 ./FreeRTOS/tasks.o
                0x0000000000005260                vTaskPlaceOnEventListRestricted
 .text.xTaskRemoveFromEventList
                0x00000000000052d2       0xdc ./FreeRTOS/tasks.o
                0x00000000000052d2                xTaskRemoveFromEventList
 .text.vTaskRemoveFromUnorderedEventList
                0x00000000000053ae       0xea ./FreeRTOS/tasks.o
                0x00000000000053ae                vTaskRemoveFromUnorderedEventList
 .text.vTaskInternalSetTimeOutState
                0x0000000000005498        0xe ./FreeRTOS/tasks.o
                0x0000000000005498                vTaskInternalSetTimeOutState
 .text.xTaskCheckForTimeOut
                0x00000000000054a6       0xbe ./FreeRTOS/tasks.o
                0x00000000000054a6                xTaskCheckForTimeOut
 .text.vTaskMissedYield
                0x0000000000005564        0x8 ./FreeRTOS/tasks.o
                0x0000000000005564                vTaskMissedYield
 .text.xTaskGetSchedulerState
                0x000000000000556c       0x14 ./FreeRTOS/tasks.o
                0x000000000000556c                xTaskGetSchedulerState
 .text.xTaskPriorityDisinherit
                0x0000000000005580       0xc2 ./FreeRTOS/tasks.o
                0x0000000000005580                xTaskPriorityDisinherit
 .text.uxTaskResetEventItemValue
                0x0000000000005642       0x16 ./FreeRTOS/tasks.o
                0x0000000000005642                uxTaskResetEventItemValue
 .text.prvCheckForValidListAndQueue
                0x0000000000005658       0x5a ./FreeRTOS/timers.o
 .text.prvInsertTimerInActiveList
                0x00000000000056b2       0x3e ./FreeRTOS/timers.o
 .text.prvReloadTimer
                0x00000000000056f0       0x2a ./FreeRTOS/timers.o
 .text.prvProcessExpiredTimer
                0x000000000000571a       0x42 ./FreeRTOS/timers.o
 .text.prvSwitchTimerLists
                0x000000000000575c       0x28 ./FreeRTOS/timers.o
 .text.prvTimerTask
                0x0000000000005784      0x188 ./FreeRTOS/timers.o
 .text.xTimerCreateTimerTask
                0x000000000000590c       0x58 ./FreeRTOS/timers.o
                0x000000000000590c                xTimerCreateTimerTask
 .text.xTimerPendFunctionCallFromISR
                0x0000000000005964       0x26 ./FreeRTOS/timers.o
                0x0000000000005964                xTimerPendFunctionCallFromISR
 .text.Delay_Init
                0x000000000000598a       0x26 ./Debug/debug.o
                0x000000000000598a                Delay_Init
 .text.Delay_Us
                0x00000000000059b0       0x36 ./Debug/debug.o
                0x00000000000059b0                Delay_Us
 .text.Delay_Ms
                0x00000000000059e6       0x36 ./Debug/debug.o
                0x00000000000059e6                Delay_Ms
 .text.USART_Printf_Init
                0x0000000000005a1c       0x5a ./Debug/debug.o
                0x0000000000005a1c                USART_Printf_Init
 .text._write   0x0000000000005a76       0x3e ./Debug/debug.o
                0x0000000000005a76                _write
 .text._sbrk    0x0000000000005ab4       0x2a ./Debug/debug.o
                0x0000000000005ab4                _sbrk
 .text.__get_MEPC
                0x0000000000005ade        0x6 ./Core/core_riscv.o
                0x0000000000005ade                __get_MEPC
 .text.__get_MCAUSE
                0x0000000000005ae4        0x6 ./Core/core_riscv.o
                0x0000000000005ae4                __get_MCAUSE
 .text.__get_MTVAL
                0x0000000000005aea        0x6 ./Core/core_riscv.o
                0x0000000000005aea                __get_MTVAL
 .text.sqrt     0x0000000000005af0       0xb6 c:/mounriver/mounriver_studio/toolchain/risc-v embedded gcc/bin/../lib/gcc/riscv-none-embed/8.2.0/../../../../riscv-none-embed/lib/rv32imacxw/ilp32\libm.a(lib_a-w_sqrt.o)
                0x0000000000005af0                sqrt
 .text.__ieee754_sqrt
                0x0000000000005ba6      0x1d6 c:/mounriver/mounriver_studio/toolchain/risc-v embedded gcc/bin/../lib/gcc/riscv-none-embed/8.2.0/../../../../riscv-none-embed/lib/rv32imacxw/ilp32\libm.a(lib_a-e_sqrt.o)
                0x0000000000005ba6                __ieee754_sqrt
 .text.matherr  0x0000000000005d7c        0x4 c:/mounriver/mounriver_studio/toolchain/risc-v embedded gcc/bin/../lib/gcc/riscv-none-embed/8.2.0/../../../../riscv-none-embed/lib/rv32imacxw/ilp32\libm.a(lib_a-s_matherr.o)
                0x0000000000005d7c                matherr
 .text.WCHNET_PeriodicHandle
                0x0000000000005d80      0x1b8 C:\MRS_DATA\workspace\FreeModbusProjetc\NetLib\libwchnet.a(eth_api.o)
                0x0000000000005d80                WCHNET_PeriodicHandle
 .text.WCHNET_NetInput
                0x0000000000005f38       0x14 C:\MRS_DATA\workspace\FreeModbusProjetc\NetLib\libwchnet.a(eth_api.o)
                0x0000000000005f38                WCHNET_NetInput
 .text.WCHNET_PhyStatus
                0x0000000000005f4c       0x4e C:\MRS_DATA\workspace\FreeModbusProjetc\NetLib\libwchnet.a(eth_api.o)
                0x0000000000005f4c                WCHNET_PhyStatus
 .text.WCHNET_Rx
                0x0000000000005f9a       0x96 C:\MRS_DATA\workspace\FreeModbusProjetc\NetLib\libwchnet.a(eth_api.o)
                0x0000000000005f9a                WCHNET_Rx
 .text.setRxBuffAddr
                0x0000000000006030       0x12 C:\MRS_DATA\workspace\FreeModbusProjetc\NetLib\libwchnet.a(eth_api.o)
                0x0000000000006030                setRxBuffAddr
 .text.WCHNET_Tx
                0x0000000000006042       0x32 C:\MRS_DATA\workspace\FreeModbusProjetc\NetLib\libwchnet.a(eth_api.o)
                0x0000000000006042                WCHNET_Tx
 .text.getTxBuffAddr
                0x0000000000006074       0x50 C:\MRS_DATA\workspace\FreeModbusProjetc\NetLib\libwchnet.a(eth_api.o)
                0x0000000000006074                getTxBuffAddr
 .text.IPCheckParaInit
                0x00000000000060c4       0x1e C:\MRS_DATA\workspace\FreeModbusProjetc\NetLib\libwchnet.a(ipcheck.o)
                0x00000000000060c4                IPCheckParaInit
 .text.SelIPARPSend
                0x00000000000060e2       0x38 C:\MRS_DATA\workspace\FreeModbusProjetc\NetLib\libwchnet.a(ipcheck.o)
                0x00000000000060e2                SelIPARPSend
 .text.IPCheckTmr
                0x000000000000611a       0x42 C:\MRS_DATA\workspace\FreeModbusProjetc\NetLib\libwchnet.a(ipcheck.o)
                0x000000000000611a                IPCheckTmr
 .text.IPConflictHandle
                0x000000000000615c       0x2e C:\MRS_DATA\workspace\FreeModbusProjetc\NetLib\libwchnet.a(ipcheck.o)
                0x000000000000615c                IPConflictHandle
 .text.NET_TCPError
                0x000000000000618a        0x2 C:\MRS_DATA\workspace\FreeModbusProjetc\NetLib\libwchnet.a(socket.o)
                0x000000000000618a                NET_TCPError
 .text.LwipTCPSendCallBack
                0x000000000000618c       0x3e C:\MRS_DATA\workspace\FreeModbusProjetc\NetLib\libwchnet.a(socket.o)
                0x000000000000618c                LwipTCPSendCallBack
 .text.LwipTCPPollCallBack
                0x00000000000061ca        0x4 C:\MRS_DATA\workspace\FreeModbusProjetc\NetLib\libwchnet.a(socket.o)
                0x00000000000061ca                LwipTCPPollCallBack
 .text.SocketIPRAWReceive
                0x00000000000061ce       0xc0 C:\MRS_DATA\workspace\FreeModbusProjetc\NetLib\libwchnet.a(socket.o)
                0x00000000000061ce                SocketIPRAWReceive
 .text.SocketUdpReceive
                0x000000000000628e       0xd6 C:\MRS_DATA\workspace\FreeModbusProjetc\NetLib\libwchnet.a(socket.o)
                0x000000000000628e                SocketUdpReceive
 .text.WCHSocketTCPReceive
                0x0000000000006364       0xdc C:\MRS_DATA\workspace\FreeModbusProjetc\NetLib\libwchnet.a(socket.o)
                0x0000000000006364                WCHSocketTCPReceive
 .text.WCHTCPServerAccept
                0x0000000000006440       0xc6 C:\MRS_DATA\workspace\FreeModbusProjetc\NetLib\libwchnet.a(socket.o)
                0x0000000000006440                WCHTCPServerAccept
 .text.ErrorEncode
                0x0000000000006506       0x1a C:\MRS_DATA\workspace\FreeModbusProjetc\NetLib\libwchnet.a(socket.o)
                0x0000000000006506                ErrorEncode
 .text.WCHSocketInit
                0x0000000000006520       0x4c C:\MRS_DATA\workspace\FreeModbusProjetc\NetLib\libwchnet.a(socket.o)
                0x0000000000006520                WCHSocketInit
 .text.WCHNET_Init
                0x000000000000656c       0xac C:\MRS_DATA\workspace\FreeModbusProjetc\NetLib\libwchnet.a(socket.o)
                0x000000000000656c                WCHNET_Init
 .text.WCHNET_ConfigKeepLive
                0x0000000000006618       0x16 C:\MRS_DATA\workspace\FreeModbusProjetc\NetLib\libwchnet.a(socket.o)
                0x0000000000006618                WCHNET_ConfigKeepLive
 .text.WCHNET_ConfigLIB
                0x000000000000662e      0x130 C:\MRS_DATA\workspace\FreeModbusProjetc\NetLib\libwchnet.a(socket.o)
                0x000000000000662e                WCHNET_ConfigLIB
 .text.WCHFindCorrectTCBPcb
                0x000000000000675e       0x5e C:\MRS_DATA\workspace\FreeModbusProjetc\NetLib\libwchnet.a(socket.o)
                0x000000000000675e                WCHFindCorrectTCBPcb
 .text.WCHNET_SocketCreat
                0x00000000000067bc      0x1d2 C:\MRS_DATA\workspace\FreeModbusProjetc\NetLib\libwchnet.a(socket.o)
                0x00000000000067bc                WCHNET_SocketCreat
 .text.tcp_recved_socket
                0x000000000000698e       0x4a C:\MRS_DATA\workspace\FreeModbusProjetc\NetLib\libwchnet.a(socket.o)
                0x000000000000698e                tcp_recved_socket
 .text.WCHNET_ModifyRecvBuf
                0x00000000000069d8       0x52 C:\MRS_DATA\workspace\FreeModbusProjetc\NetLib\libwchnet.a(socket.o)
                0x00000000000069d8                WCHNET_ModifyRecvBuf
 .text.WCHNET_SocketRecv
                0x0000000000006a2a       0xe8 C:\MRS_DATA\workspace\FreeModbusProjetc\NetLib\libwchnet.a(socket.o)
                0x0000000000006a2a                WCHNET_SocketRecv
 .text.SocketIPRawSend
                0x0000000000006b12       0xbe C:\MRS_DATA\workspace\FreeModbusProjetc\NetLib\libwchnet.a(socket.o)
                0x0000000000006b12                SocketIPRawSend
 .text.SocketUdpSend
                0x0000000000006bd0       0xbe C:\MRS_DATA\workspace\FreeModbusProjetc\NetLib\libwchnet.a(socket.o)
                0x0000000000006bd0                SocketUdpSend
 .text.SocketTcpSend
                0x0000000000006c8e       0xf0 C:\MRS_DATA\workspace\FreeModbusProjetc\NetLib\libwchnet.a(socket.o)
                0x0000000000006c8e                SocketTcpSend
 .text.WCHNET_SocketSend
                0x0000000000006d7e       0x56 C:\MRS_DATA\workspace\FreeModbusProjetc\NetLib\libwchnet.a(socket.o)
                0x0000000000006d7e                WCHNET_SocketSend
 .text.WCHScokedIntHandle
                0x0000000000006dd4       0x52 C:\MRS_DATA\workspace\FreeModbusProjetc\NetLib\libwchnet.a(socket.o)
                0x0000000000006dd4                WCHScokedIntHandle
 .text.LwipRemoveTcpPcb
                0x0000000000006e26       0x9c C:\MRS_DATA\workspace\FreeModbusProjetc\NetLib\libwchnet.a(socket.o)
                0x0000000000006e26                LwipRemoveTcpPcb
 .text.WCHNET_QueryGlobalInt
                0x0000000000006ec2       0x3e C:\MRS_DATA\workspace\FreeModbusProjetc\NetLib\libwchnet.a(socket.o)
                0x0000000000006ec2                WCHNET_QueryGlobalInt
 .text.WCHNET_GetGlobalInt
                0x0000000000006f00       0x14 C:\MRS_DATA\workspace\FreeModbusProjetc\NetLib\libwchnet.a(socket.o)
                0x0000000000006f00                WCHNET_GetGlobalInt
 .text.WCHNET_GetSocketInt
                0x0000000000006f14       0x2a C:\MRS_DATA\workspace\FreeModbusProjetc\NetLib\libwchnet.a(socket.o)
                0x0000000000006f14                WCHNET_GetSocketInt
 .text.WCHNET_GetPHYStatus
                0x0000000000006f3e        0xa C:\MRS_DATA\workspace\FreeModbusProjetc\NetLib\libwchnet.a(socket.o)
                0x0000000000006f3e                WCHNET_GetPHYStatus
 .text.WCHNET_SocketSetKeepLive
                0x0000000000006f48       0x54 C:\MRS_DATA\workspace\FreeModbusProjetc\NetLib\libwchnet.a(socket.o)
                0x0000000000006f48                WCHNET_SocketSetKeepLive
 .text.WCHNET_SocketListen
                0x0000000000006f9c       0x6e C:\MRS_DATA\workspace\FreeModbusProjetc\NetLib\libwchnet.a(socket.o)
                0x0000000000006f9c                WCHNET_SocketListen
 .text.CloseUpdConnect
                0x000000000000700a       0x38 C:\MRS_DATA\workspace\FreeModbusProjetc\NetLib\libwchnet.a(socket.o)
                0x000000000000700a                CloseUpdConnect
 .text.CloseIPRAWConnect
                0x0000000000007042       0x38 C:\MRS_DATA\workspace\FreeModbusProjetc\NetLib\libwchnet.a(socket.o)
                0x0000000000007042                CloseIPRAWConnect
 .text.CloseTcpPCB
                0x000000000000707a       0x7e C:\MRS_DATA\workspace\FreeModbusProjetc\NetLib\libwchnet.a(socket.o)
                0x000000000000707a                CloseTcpPCB
 .text.WCHNET_SocketClose
                0x00000000000070f8       0x60 C:\MRS_DATA\workspace\FreeModbusProjetc\NetLib\libwchnet.a(socket.o)
                0x00000000000070f8                WCHNET_SocketClose
 .text.QueryPingEnable
                0x0000000000007158        0xe C:\MRS_DATA\workspace\FreeModbusProjetc\NetLib\libwchnet.a(socket.o)
                0x0000000000007158                QueryPingEnable
 .text.LwipUnreachPort
                0x0000000000007166       0x1a C:\MRS_DATA\workspace\FreeModbusProjetc\NetLib\libwchnet.a(socket.o)
                0x0000000000007166                LwipUnreachPort
 .text.LwipArpCheck
                0x0000000000007180        0xc C:\MRS_DATA\workspace\FreeModbusProjetc\NetLib\libwchnet.a(socket.o)
                0x0000000000007180                LwipArpCheck
 .text.find_entry
                0x000000000000718c      0x17e C:\MRS_DATA\workspace\FreeModbusProjetc\NetLib\libwchnet.a(etharp.o)
 .text.update_arp_entry
                0x000000000000730a       0xb2 C:\MRS_DATA\workspace\FreeModbusProjetc\NetLib\libwchnet.a(etharp.o)
 .text.etharp_tmr
                0x00000000000073bc       0x4e C:\MRS_DATA\workspace\FreeModbusProjetc\NetLib\libwchnet.a(etharp.o)
                0x00000000000073bc                etharp_tmr
 .text.etharp_ip_input
                0x000000000000740a       0x5a C:\MRS_DATA\workspace\FreeModbusProjetc\NetLib\libwchnet.a(etharp.o)
                0x000000000000740a                etharp_ip_input
 .text.etharp_arp_input
                0x0000000000007464      0x168 C:\MRS_DATA\workspace\FreeModbusProjetc\NetLib\libwchnet.a(etharp.o)
                0x0000000000007464                etharp_arp_input
 .text.etharp_request
                0x00000000000075cc       0xce C:\MRS_DATA\workspace\FreeModbusProjetc\NetLib\libwchnet.a(etharp.o)
                0x00000000000075cc                etharp_request
 .text.etharp_query
                0x000000000000769a       0xe2 C:\MRS_DATA\workspace\FreeModbusProjetc\NetLib\libwchnet.a(etharp.o)
                0x000000000000769a                etharp_query
 .text.etharp_output
                0x000000000000777c      0x134 C:\MRS_DATA\workspace\FreeModbusProjetc\NetLib\libwchnet.a(etharp.o)
                0x000000000000777c                etharp_output
 .text.ethernet_input
                0x00000000000078b0       0x86 C:\MRS_DATA\workspace\FreeModbusProjetc\NetLib\libwchnet.a(etharp.o)
                0x00000000000078b0                ethernet_input
 .text.ethernetif_init
                0x0000000000007936       0x64 C:\MRS_DATA\workspace\FreeModbusProjetc\NetLib\libwchnet.a(ethernetif.o)
                0x0000000000007936                ethernetif_init
 .text.low_level_output
                0x000000000000799a       0x52 C:\MRS_DATA\workspace\FreeModbusProjetc\NetLib\libwchnet.a(ethernetif.o)
 .text.ethernetif_input
                0x00000000000079ec       0x70 C:\MRS_DATA\workspace\FreeModbusProjetc\NetLib\libwchnet.a(ethernetif.o)
                0x00000000000079ec                ethernetif_input
 .text.wch_ethernetif_init
                0x0000000000007a5c       0x76 C:\MRS_DATA\workspace\FreeModbusProjetc\NetLib\libwchnet.a(ethernetif.o)
                0x0000000000007a5c                wch_ethernetif_init
 .text.htons    0x0000000000007ad2        0xe C:\MRS_DATA\workspace\FreeModbusProjetc\NetLib\libwchnet.a(inet.o)
                0x0000000000007ad2                htons
 .text.ntohs    0x0000000000007ae0        0xe C:\MRS_DATA\workspace\FreeModbusProjetc\NetLib\libwchnet.a(inet.o)
                0x0000000000007ae0                ntohs
 .text.htonl    0x0000000000007aee       0x24 C:\MRS_DATA\workspace\FreeModbusProjetc\NetLib\libwchnet.a(inet.o)
                0x0000000000007aee                htonl
 .text.ntohl    0x0000000000007b12        0xc C:\MRS_DATA\workspace\FreeModbusProjetc\NetLib\libwchnet.a(inet.o)
                0x0000000000007b12                ntohl
 .text.ip_route
                0x0000000000007b1e       0x4c C:\MRS_DATA\workspace\FreeModbusProjetc\NetLib\libwchnet.a(ip.o)
                0x0000000000007b1e                ip_route
 .text.ip_input
                0x0000000000007b6a      0x29a C:\MRS_DATA\workspace\FreeModbusProjetc\NetLib\libwchnet.a(ip.o)
                0x0000000000007b6a                ip_input
 .text.ip_output_if
                0x0000000000007e04      0x15a C:\MRS_DATA\workspace\FreeModbusProjetc\NetLib\libwchnet.a(ip.o)
                0x0000000000007e04                ip_output_if
 .text.ip_output
                0x0000000000007f5e       0x36 C:\MRS_DATA\workspace\FreeModbusProjetc\NetLib\libwchnet.a(ip.o)
                0x0000000000007f5e                ip_output
 .text.ip_addr_isbroadcast
                0x0000000000007f94       0x4a C:\MRS_DATA\workspace\FreeModbusProjetc\NetLib\libwchnet.a(ip_addr.o)
                0x0000000000007f94                ip_addr_isbroadcast
 .text.ip_reass_tmr
                0x0000000000007fde       0xe6 C:\MRS_DATA\workspace\FreeModbusProjetc\NetLib\libwchnet.a(ip_frag.o)
                0x0000000000007fde                ip_reass_tmr
 .text.ip_reass
                0x00000000000080c4      0x3dc C:\MRS_DATA\workspace\FreeModbusProjetc\NetLib\libwchnet.a(ip_frag.o)
                0x00000000000080c4                ip_reass
 .text.ip_frag  0x00000000000084a0      0x17e C:\MRS_DATA\workspace\FreeModbusProjetc\NetLib\libwchnet.a(ip_frag.o)
                0x00000000000084a0                ip_frag
 .text.dhcp_set_state
                0x000000000000861e        0xe C:\MRS_DATA\workspace\FreeModbusProjetc\NetLib\libwchnet.a(dhcp.o)
 .text.dhcp_option
                0x000000000000862c       0x20 C:\MRS_DATA\workspace\FreeModbusProjetc\NetLib\libwchnet.a(dhcp.o)
 .text.dhcp_option_byte
                0x000000000000864c       0x12 C:\MRS_DATA\workspace\FreeModbusProjetc\NetLib\libwchnet.a(dhcp.o)
 .text.dhcp_option_long
                0x000000000000865e       0x48 C:\MRS_DATA\workspace\FreeModbusProjetc\NetLib\libwchnet.a(dhcp.o)
 .text.dhcp_option_trailer
                0x00000000000086a6       0x34 C:\MRS_DATA\workspace\FreeModbusProjetc\NetLib\libwchnet.a(dhcp.o)
 .text.dhcp_create_request
                0x00000000000086da      0x17e C:\MRS_DATA\workspace\FreeModbusProjetc\NetLib\libwchnet.a(dhcp.o)
 .text.dhcp_delete_request
                0x0000000000008858       0x1e C:\MRS_DATA\workspace\FreeModbusProjetc\NetLib\libwchnet.a(dhcp.o)
 .text.dhcp_arp_reply
                0x0000000000008876      0x182 C:\MRS_DATA\workspace\FreeModbusProjetc\NetLib\libwchnet.a(dhcp.o)
                0x0000000000008876                dhcp_arp_reply
 .text.lwip_init
                0x00000000000089f8       0x18 C:\MRS_DATA\workspace\FreeModbusProjetc\NetLib\libwchnet.a(init.o)
                0x00000000000089f8                lwip_init
 .text.mem_init
                0x0000000000008a10       0x3e C:\MRS_DATA\workspace\FreeModbusProjetc\NetLib\libwchnet.a(mem.o)
                0x0000000000008a10                mem_init
 .text.mem_free
                0x0000000000008a4e       0x84 C:\MRS_DATA\workspace\FreeModbusProjetc\NetLib\libwchnet.a(mem.o)
                0x0000000000008a4e                mem_free
 .text.mem_realloc
                0x0000000000008ad2       0xca C:\MRS_DATA\workspace\FreeModbusProjetc\NetLib\libwchnet.a(mem.o)
                0x0000000000008ad2                mem_realloc
 .text.mem_malloc
                0x0000000000008b9c       0xd0 C:\MRS_DATA\workspace\FreeModbusProjetc\NetLib\libwchnet.a(mem.o)
                0x0000000000008b9c                mem_malloc
 .text.memp_init
                0x0000000000008c6c       0x50 C:\MRS_DATA\workspace\FreeModbusProjetc\NetLib\libwchnet.a(memp.o)
                0x0000000000008c6c                memp_init
 .text.memp_malloc
                0x0000000000008cbc       0x20 C:\MRS_DATA\workspace\FreeModbusProjetc\NetLib\libwchnet.a(memp.o)
                0x0000000000008cbc                memp_malloc
 .text.memp_free
                0x0000000000008cdc       0x18 C:\MRS_DATA\workspace\FreeModbusProjetc\NetLib\libwchnet.a(memp.o)
                0x0000000000008cdc                memp_free
 .text.netif_set_ipaddr
                0x0000000000008cf4       0x96 C:\MRS_DATA\workspace\FreeModbusProjetc\NetLib\libwchnet.a(netif.o)
                0x0000000000008cf4                netif_set_ipaddr
 .text.netif_set_addr
                0x0000000000008d8a       0x4e C:\MRS_DATA\workspace\FreeModbusProjetc\NetLib\libwchnet.a(netif.o)
                0x0000000000008d8a                netif_set_addr
 .text.netif_add
                0x0000000000008dd8       0x5a C:\MRS_DATA\workspace\FreeModbusProjetc\NetLib\libwchnet.a(netif.o)
                0x0000000000008dd8                netif_add
 .text.netif_set_default
                0x0000000000008e32        0x6 C:\MRS_DATA\workspace\FreeModbusProjetc\NetLib\libwchnet.a(netif.o)
                0x0000000000008e32                netif_set_default
 .text.netif_is_up
                0x0000000000008e38        0x8 C:\MRS_DATA\workspace\FreeModbusProjetc\NetLib\libwchnet.a(netif.o)
                0x0000000000008e38                netif_is_up
 .text.pbuf_header
                0x0000000000008e40       0x6e C:\MRS_DATA\workspace\FreeModbusProjetc\NetLib\libwchnet.a(pbuf.o)
                0x0000000000008e40                pbuf_header
 .text.pbuf_free
                0x0000000000008eae       0x4e C:\MRS_DATA\workspace\FreeModbusProjetc\NetLib\libwchnet.a(pbuf.o)
                0x0000000000008eae                pbuf_free
 .text.pbuf_alloc
                0x0000000000008efc      0x140 C:\MRS_DATA\workspace\FreeModbusProjetc\NetLib\libwchnet.a(pbuf.o)
                0x0000000000008efc                pbuf_alloc
 .text.pbuf_realloc
                0x000000000000903c       0x58 C:\MRS_DATA\workspace\FreeModbusProjetc\NetLib\libwchnet.a(pbuf.o)
                0x000000000000903c                pbuf_realloc
 .text.pbuf_clen
                0x0000000000009094       0x12 C:\MRS_DATA\workspace\FreeModbusProjetc\NetLib\libwchnet.a(pbuf.o)
                0x0000000000009094                pbuf_clen
 .text.pbuf_ref
                0x00000000000090a6        0xa C:\MRS_DATA\workspace\FreeModbusProjetc\NetLib\libwchnet.a(pbuf.o)
                0x00000000000090a6                pbuf_ref
 .text.pbuf_cat
                0x00000000000090b0       0x1c C:\MRS_DATA\workspace\FreeModbusProjetc\NetLib\libwchnet.a(pbuf.o)
                0x00000000000090b0                pbuf_cat
 .text.pbuf_chain
                0x00000000000090cc       0x14 C:\MRS_DATA\workspace\FreeModbusProjetc\NetLib\libwchnet.a(pbuf.o)
                0x00000000000090cc                pbuf_chain
 .text.pbuf_copy
                0x00000000000090e0       0x9c C:\MRS_DATA\workspace\FreeModbusProjetc\NetLib\libwchnet.a(pbuf.o)
                0x00000000000090e0                pbuf_copy
 .text.raw_input
                0x000000000000917c       0x68 C:\MRS_DATA\workspace\FreeModbusProjetc\NetLib\libwchnet.a(raw.o)
                0x000000000000917c                raw_input
 .text.raw_bind
                0x00000000000091e4       0x1e C:\MRS_DATA\workspace\FreeModbusProjetc\NetLib\libwchnet.a(raw.o)
                0x00000000000091e4                raw_bind
 .text.raw_connect
                0x0000000000009202       0x1e C:\MRS_DATA\workspace\FreeModbusProjetc\NetLib\libwchnet.a(raw.o)
                0x0000000000009202                raw_connect
 .text.raw_recv
                0x0000000000009220        0x6 C:\MRS_DATA\workspace\FreeModbusProjetc\NetLib\libwchnet.a(raw.o)
                0x0000000000009220                raw_recv
 .text.raw_sendto
                0x0000000000009226       0x7e C:\MRS_DATA\workspace\FreeModbusProjetc\NetLib\libwchnet.a(raw.o)
                0x0000000000009226                raw_sendto
 .text.raw_send
                0x00000000000092a4       0x10 C:\MRS_DATA\workspace\FreeModbusProjetc\NetLib\libwchnet.a(raw.o)
                0x00000000000092a4                raw_send
 .text.raw_remove
                0x00000000000092b4       0x30 C:\MRS_DATA\workspace\FreeModbusProjetc\NetLib\libwchnet.a(raw.o)
                0x00000000000092b4                raw_remove
 .text.raw_new  0x00000000000092e4       0x30 C:\MRS_DATA\workspace\FreeModbusProjetc\NetLib\libwchnet.a(raw.o)
                0x00000000000092e4                raw_new
 .text.tcp_accept_null
                0x0000000000009314        0x4 C:\MRS_DATA\workspace\FreeModbusProjetc\NetLib\libwchnet.a(tcp.o)
 .text.tcp_new_port
                0x0000000000009318       0x5c C:\MRS_DATA\workspace\FreeModbusProjetc\NetLib\libwchnet.a(tcp.o)
 .text.tcp_bind
                0x0000000000009374      0x116 C:\MRS_DATA\workspace\FreeModbusProjetc\NetLib\libwchnet.a(tcp.o)
                0x0000000000009374                tcp_bind
 .text.tcp_listen_with_backlog
                0x000000000000948a       0x9a C:\MRS_DATA\workspace\FreeModbusProjetc\NetLib\libwchnet.a(tcp.o)
                0x000000000000948a                tcp_listen_with_backlog
 .text.tcp_update_rcv_ann_wnd
                0x0000000000009524       0x48 C:\MRS_DATA\workspace\FreeModbusProjetc\NetLib\libwchnet.a(tcp.o)
                0x0000000000009524                tcp_update_rcv_ann_wnd
 .text.tcp_recved
                0x000000000000956c       0x3c C:\MRS_DATA\workspace\FreeModbusProjetc\NetLib\libwchnet.a(tcp.o)
                0x000000000000956c                tcp_recved
 .text.tcp_seg_free
                0x00000000000095a8       0x2a C:\MRS_DATA\workspace\FreeModbusProjetc\NetLib\libwchnet.a(tcp.o)
                0x00000000000095a8                tcp_seg_free
 .text.tcp_segs_free
                0x00000000000095d2       0x1e C:\MRS_DATA\workspace\FreeModbusProjetc\NetLib\libwchnet.a(tcp.o)
                0x00000000000095d2                tcp_segs_free
 .text.tcp_seg_copy
                0x00000000000095f0       0x28 C:\MRS_DATA\workspace\FreeModbusProjetc\NetLib\libwchnet.a(tcp.o)
                0x00000000000095f0                tcp_seg_copy
 .text.tcp_arg  0x0000000000009618        0x4 C:\MRS_DATA\workspace\FreeModbusProjetc\NetLib\libwchnet.a(tcp.o)
                0x0000000000009618                tcp_arg
 .text.tcp_recv
                0x000000000000961c        0x6 C:\MRS_DATA\workspace\FreeModbusProjetc\NetLib\libwchnet.a(tcp.o)
                0x000000000000961c                tcp_recv
 .text.tcp_sent
                0x0000000000009622        0x6 C:\MRS_DATA\workspace\FreeModbusProjetc\NetLib\libwchnet.a(tcp.o)
                0x0000000000009622                tcp_sent
 .text.tcp_err  0x0000000000009628        0x6 C:\MRS_DATA\workspace\FreeModbusProjetc\NetLib\libwchnet.a(tcp.o)
                0x0000000000009628                tcp_err
 .text.tcp_accept
                0x000000000000962e        0x4 C:\MRS_DATA\workspace\FreeModbusProjetc\NetLib\libwchnet.a(tcp.o)
                0x000000000000962e                tcp_accept
 .text.tcp_poll
                0x0000000000009632        0xa C:\MRS_DATA\workspace\FreeModbusProjetc\NetLib\libwchnet.a(tcp.o)
                0x0000000000009632                tcp_poll
 .text.tcp_pcb_purge
                0x000000000000963c       0x4e C:\MRS_DATA\workspace\FreeModbusProjetc\NetLib\libwchnet.a(tcp.o)
                0x000000000000963c                tcp_pcb_purge
 .text.tcp_slowtmr
                0x000000000000968a      0x2ba C:\MRS_DATA\workspace\FreeModbusProjetc\NetLib\libwchnet.a(tcp.o)
                0x000000000000968a                tcp_slowtmr
 .text.tcp_pcb_remove
                0x0000000000009944       0x72 C:\MRS_DATA\workspace\FreeModbusProjetc\NetLib\libwchnet.a(tcp.o)
                0x0000000000009944                tcp_pcb_remove
 .text.tcp_close
                0x00000000000099b6       0xb2 C:\MRS_DATA\workspace\FreeModbusProjetc\NetLib\libwchnet.a(tcp.o)
                0x00000000000099b6                tcp_close
 .text.tcp_recv_null
                0x0000000000009a68       0x30 C:\MRS_DATA\workspace\FreeModbusProjetc\NetLib\libwchnet.a(tcp.o)
                0x0000000000009a68                tcp_recv_null
 .text.tcp_fasttmr
                0x0000000000009a98       0x62 C:\MRS_DATA\workspace\FreeModbusProjetc\NetLib\libwchnet.a(tcp.o)
                0x0000000000009a98                tcp_fasttmr
 .text.tcp_tmr  0x0000000000009afa       0x22 C:\MRS_DATA\workspace\FreeModbusProjetc\NetLib\libwchnet.a(tcp.o)
                0x0000000000009afa                tcp_tmr
 .text.tcp_fastsendack
                0x0000000000009b1c       0x7c C:\MRS_DATA\workspace\FreeModbusProjetc\NetLib\libwchnet.a(tcp.o)
                0x0000000000009b1c                tcp_fastsendack
 .text.tcp_abandon
                0x0000000000009b98       0x9a C:\MRS_DATA\workspace\FreeModbusProjetc\NetLib\libwchnet.a(tcp.o)
                0x0000000000009b98                tcp_abandon
 .text.tcp_next_iss
                0x0000000000009c32       0x10 C:\MRS_DATA\workspace\FreeModbusProjetc\NetLib\libwchnet.a(tcp.o)
                0x0000000000009c32                tcp_next_iss
 .text.tcp_alloc
                0x0000000000009c42      0x134 C:\MRS_DATA\workspace\FreeModbusProjetc\NetLib\libwchnet.a(tcp.o)
                0x0000000000009c42                tcp_alloc
 .text.tcp_new  0x0000000000009d76       0x10 C:\MRS_DATA\workspace\FreeModbusProjetc\NetLib\libwchnet.a(tcp.o)
                0x0000000000009d76                tcp_new
 .text.tcp_eff_send_mss
                0x0000000000009d86       0x2e C:\MRS_DATA\workspace\FreeModbusProjetc\NetLib\libwchnet.a(tcp.o)
                0x0000000000009d86                tcp_eff_send_mss
 .text.RemoveTimeWaiTCP
                0x0000000000009db4       0x32 C:\MRS_DATA\workspace\FreeModbusProjetc\NetLib\libwchnet.a(tcp.o)
                0x0000000000009db4                RemoveTimeWaiTCP
 .text.tcp_oos_insert_segment
                0x0000000000009de6       0xce C:\MRS_DATA\workspace\FreeModbusProjetc\NetLib\libwchnet.a(tcp_in.o)
 .text.tcp_receive
                0x0000000000009eb4      0x8f0 C:\MRS_DATA\workspace\FreeModbusProjetc\NetLib\libwchnet.a(tcp_in.o)
 .text.tcp_parseopt.isra.0
                0x000000000000a7a4       0xa6 C:\MRS_DATA\workspace\FreeModbusProjetc\NetLib\libwchnet.a(tcp_in.o)
 .text.tcp_input
                0x000000000000a84a      0x9d6 C:\MRS_DATA\workspace\FreeModbusProjetc\NetLib\libwchnet.a(tcp_in.o)
                0x000000000000a84a                tcp_input
 .text.tcp_output_set_header.isra.0.constprop.1
                0x000000000000b220       0xd4 C:\MRS_DATA\workspace\FreeModbusProjetc\NetLib\libwchnet.a(tcp_out.o)
 .text.tcp_enqueue
                0x000000000000b2f4      0x448 C:\MRS_DATA\workspace\FreeModbusProjetc\NetLib\libwchnet.a(tcp_out.o)
                0x000000000000b2f4                tcp_enqueue
 .text.tcp_send_ctrl
                0x000000000000b73c       0x16 C:\MRS_DATA\workspace\FreeModbusProjetc\NetLib\libwchnet.a(tcp_out.o)
                0x000000000000b73c                tcp_send_ctrl
 .text.tcp_write
                0x000000000000b752       0x30 C:\MRS_DATA\workspace\FreeModbusProjetc\NetLib\libwchnet.a(tcp_out.o)
                0x000000000000b752                tcp_write
 .text.tcp_send_empty_ack
                0x000000000000b782       0x70 C:\MRS_DATA\workspace\FreeModbusProjetc\NetLib\libwchnet.a(tcp_out.o)
                0x000000000000b782                tcp_send_empty_ack
 .text.tcp_output
                0x000000000000b7f2      0x368 C:\MRS_DATA\workspace\FreeModbusProjetc\NetLib\libwchnet.a(tcp_out.o)
                0x000000000000b7f2                tcp_output
 .text.tcp_rst  0x000000000000bb5a      0x108 C:\MRS_DATA\workspace\FreeModbusProjetc\NetLib\libwchnet.a(tcp_out.o)
                0x000000000000bb5a                tcp_rst
 .text.tcp_rexmit_rto
                0x000000000000bc62       0x36 C:\MRS_DATA\workspace\FreeModbusProjetc\NetLib\libwchnet.a(tcp_out.o)
                0x000000000000bc62                tcp_rexmit_rto
 .text.tcp_rexmit
                0x000000000000bc98       0x7c C:\MRS_DATA\workspace\FreeModbusProjetc\NetLib\libwchnet.a(tcp_out.o)
                0x000000000000bc98                tcp_rexmit
 .text.tcp_rexmit_fast
                0x000000000000bd14       0x62 C:\MRS_DATA\workspace\FreeModbusProjetc\NetLib\libwchnet.a(tcp_out.o)
                0x000000000000bd14                tcp_rexmit_fast
 .text.tcp_keepalive
                0x000000000000bd76       0x5e C:\MRS_DATA\workspace\FreeModbusProjetc\NetLib\libwchnet.a(tcp_out.o)
                0x000000000000bd76                tcp_keepalive
 .text.tcp_zero_window_probe
                0x000000000000bdd4       0xd2 C:\MRS_DATA\workspace\FreeModbusProjetc\NetLib\libwchnet.a(tcp_out.o)
                0x000000000000bdd4                tcp_zero_window_probe
 .text.udp_input
                0x000000000000bea6      0x238 C:\MRS_DATA\workspace\FreeModbusProjetc\NetLib\libwchnet.a(udp.o)
                0x000000000000bea6                udp_input
 .text.udp_bind
                0x000000000000c0de       0x9a C:\MRS_DATA\workspace\FreeModbusProjetc\NetLib\libwchnet.a(udp.o)
                0x000000000000c0de                udp_bind
 .text.udp_sendto_if
                0x000000000000c178       0xd6 C:\MRS_DATA\workspace\FreeModbusProjetc\NetLib\libwchnet.a(udp.o)
                0x000000000000c178                udp_sendto_if
 .text.udp_sendto
                0x000000000000c24e       0x2e C:\MRS_DATA\workspace\FreeModbusProjetc\NetLib\libwchnet.a(udp.o)
                0x000000000000c24e                udp_sendto
 .text.udp_send
                0x000000000000c27c       0x12 C:\MRS_DATA\workspace\FreeModbusProjetc\NetLib\libwchnet.a(udp.o)
                0x000000000000c27c                udp_send
 .text.udp_connect
                0x000000000000c28e       0x7e C:\MRS_DATA\workspace\FreeModbusProjetc\NetLib\libwchnet.a(udp.o)
                0x000000000000c28e                udp_connect
 .text.udp_recv
                0x000000000000c30c        0x6 C:\MRS_DATA\workspace\FreeModbusProjetc\NetLib\libwchnet.a(udp.o)
                0x000000000000c30c                udp_recv
 .text.udp_remove
                0x000000000000c312       0x30 C:\MRS_DATA\workspace\FreeModbusProjetc\NetLib\libwchnet.a(udp.o)
                0x000000000000c312                udp_remove
 .text.udp_new  0x000000000000c342       0x24 C:\MRS_DATA\workspace\FreeModbusProjetc\NetLib\libwchnet.a(udp.o)
                0x000000000000c342                udp_new
 .text.icmp_send_response.isra.0
                0x000000000000c366       0x76 C:\MRS_DATA\workspace\FreeModbusProjetc\NetLib\libwchnet.a(icmp.o)
 .text.icmp_input
                0x000000000000c3dc      0x250 C:\MRS_DATA\workspace\FreeModbusProjetc\NetLib\libwchnet.a(icmp.o)
                0x000000000000c3dc                icmp_input
 .text.icmp_dest_unreach
                0x000000000000c62c       0x14 C:\MRS_DATA\workspace\FreeModbusProjetc\NetLib\libwchnet.a(icmp.o)
                0x000000000000c62c                icmp_dest_unreach
 .text.icmp_time_exceeded
                0x000000000000c640       0x14 C:\MRS_DATA\workspace\FreeModbusProjetc\NetLib\libwchnet.a(icmp.o)
                0x000000000000c640                icmp_time_exceeded
 .text.lwip_standard_chksum
                0x000000000000c654       0x7e C:\MRS_DATA\workspace\FreeModbusProjetc\NetLib\libwchnet.a(inet_chksum.o)
 .text.inet_chksum_pseudo
                0x000000000000c6d2      0x10a C:\MRS_DATA\workspace\FreeModbusProjetc\NetLib\libwchnet.a(inet_chksum.o)
                0x000000000000c6d2                inet_chksum_pseudo
 .text.inet_chksum
                0x000000000000c7dc       0x14 C:\MRS_DATA\workspace\FreeModbusProjetc\NetLib\libwchnet.a(inet_chksum.o)
                0x000000000000c7dc                inet_chksum
 .text.inet_chksum_pbuf
                0x000000000000c7f0       0x6a C:\MRS_DATA\workspace\FreeModbusProjetc\NetLib\libwchnet.a(inet_chksum.o)
                0x000000000000c7f0                inet_chksum_pbuf
 .text.__udivdi3
                0x000000000000c85a      0x392 c:/mounriver/mounriver_studio/toolchain/risc-v embedded gcc/bin/../lib/gcc/riscv-none-embed/8.2.0/rv32imacxw/ilp32\libgcc.a(_udivdi3.o)
                0x000000000000c85a                __udivdi3
 .text.__adddf3
                0x000000000000cbec      0x730 c:/mounriver/mounriver_studio/toolchain/risc-v embedded gcc/bin/../lib/gcc/riscv-none-embed/8.2.0/rv32imacxw/ilp32\libgcc.a(adddf3.o)
                0x000000000000cbec                __adddf3
 .text.__divdf3
                0x000000000000d31c      0x5b4 c:/mounriver/mounriver_studio/toolchain/risc-v embedded gcc/bin/../lib/gcc/riscv-none-embed/8.2.0/rv32imacxw/ilp32\libgcc.a(divdf3.o)
                0x000000000000d31c                __divdf3
 .text.__ledf2  0x000000000000d8d0       0xb6 c:/mounriver/mounriver_studio/toolchain/risc-v embedded gcc/bin/../lib/gcc/riscv-none-embed/8.2.0/rv32imacxw/ilp32\libgcc.a(ledf2.o)
                0x000000000000d8d0                __ledf2
                0x000000000000d8d0                __ltdf2
 .text.__muldf3
                0x000000000000d986      0x4b8 c:/mounriver/mounriver_studio/toolchain/risc-v embedded gcc/bin/../lib/gcc/riscv-none-embed/8.2.0/rv32imacxw/ilp32\libgcc.a(muldf3.o)
                0x000000000000d986                __muldf3
 .text.__subdf3
                0x000000000000de3e      0x73c c:/mounriver/mounriver_studio/toolchain/risc-v embedded gcc/bin/../lib/gcc/riscv-none-embed/8.2.0/rv32imacxw/ilp32\libgcc.a(subdf3.o)
                0x000000000000de3e                __subdf3
 .text.__unorddf2
                0x000000000000e57a       0x3c c:/mounriver/mounriver_studio/toolchain/risc-v embedded gcc/bin/../lib/gcc/riscv-none-embed/8.2.0/rv32imacxw/ilp32\libgcc.a(unorddf2.o)
                0x000000000000e57a                __unorddf2
 .text.__floatundidf
                0x000000000000e5b6      0x188 c:/mounriver/mounriver_studio/toolchain/risc-v embedded gcc/bin/../lib/gcc/riscv-none-embed/8.2.0/rv32imacxw/ilp32\libgcc.a(floatundidf.o)
                0x000000000000e5b6                __floatundidf
 .text.__fixunssfsi
                0x000000000000e73e       0x56 c:/mounriver/mounriver_studio/toolchain/risc-v embedded gcc/bin/../lib/gcc/riscv-none-embed/8.2.0/rv32imacxw/ilp32\libgcc.a(fixunssfsi.o)
                0x000000000000e73e                __fixunssfsi
 .text.__truncdfsf2
                0x000000000000e794      0x16a c:/mounriver/mounriver_studio/toolchain/risc-v embedded gcc/bin/../lib/gcc/riscv-none-embed/8.2.0/rv32imacxw/ilp32\libgcc.a(truncdfsf2.o)
                0x000000000000e794                __truncdfsf2
 .text.__clzsi2
                0x000000000000e8fe       0x6e c:/mounriver/mounriver_studio/toolchain/risc-v embedded gcc/bin/../lib/gcc/riscv-none-embed/8.2.0/rv32imacxw/ilp32\libgcc.a(_clzsi2.o)
                0x000000000000e8fe                __clzsi2
 .text.__errno  0x000000000000e96c        0x8 c:/mounriver/mounriver_studio/toolchain/risc-v embedded gcc/bin/../lib/gcc/riscv-none-embed/8.2.0/../../../../riscv-none-embed/lib/rv32imacxw/ilp32\libg_nano.a(lib_a-errno.o)
                0x000000000000e96c                __errno
 .text.fprintf  0x000000000000e974       0x26 c:/mounriver/mounriver_studio/toolchain/risc-v embedded gcc/bin/../lib/gcc/riscv-none-embed/8.2.0/../../../../riscv-none-embed/lib/rv32imacxw/ilp32\libg_nano.a(lib_a-fprintf.o)
                0x000000000000e974                fiprintf
                0x000000000000e974                fprintf
 .text.memcpy   0x000000000000e99a       0xb2 c:/mounriver/mounriver_studio/toolchain/risc-v embedded gcc/bin/../lib/gcc/riscv-none-embed/8.2.0/../../../../riscv-none-embed/lib/rv32imacxw/ilp32\libg_nano.a(lib_a-memcpy.o)
                0x000000000000e99a                memcpy
 .text.__sfputc_r
                0x000000000000ea4c       0x28 c:/mounriver/mounriver_studio/toolchain/risc-v embedded gcc/bin/../lib/gcc/riscv-none-embed/8.2.0/../../../../riscv-none-embed/lib/rv32imacxw/ilp32\libg_nano.a(lib_a-nano-vfprintf.o)
 .text.__sfputs_r
                0x000000000000ea74       0x42 c:/mounriver/mounriver_studio/toolchain/risc-v embedded gcc/bin/../lib/gcc/riscv-none-embed/8.2.0/../../../../riscv-none-embed/lib/rv32imacxw/ilp32\libg_nano.a(lib_a-nano-vfprintf.o)
                0x000000000000ea74                __sfputs_r
 .text._vfprintf_r
                0x000000000000eab6      0x28c c:/mounriver/mounriver_studio/toolchain/risc-v embedded gcc/bin/../lib/gcc/riscv-none-embed/8.2.0/../../../../riscv-none-embed/lib/rv32imacxw/ilp32\libg_nano.a(lib_a-nano-vfprintf.o)
                0x000000000000eab6                _vfprintf_r
                0x000000000000eab6                _vfiprintf_r
 .text._printf_common
                0x000000000000ed42      0x10c c:/mounriver/mounriver_studio/toolchain/risc-v embedded gcc/bin/../lib/gcc/riscv-none-embed/8.2.0/../../../../riscv-none-embed/lib/rv32imacxw/ilp32\libg_nano.a(lib_a-nano-vfprintf_i.o)
                0x000000000000ed42                _printf_common
 .text._printf_i
                0x000000000000ee4e      0x2a4 c:/mounriver/mounriver_studio/toolchain/risc-v embedded gcc/bin/../lib/gcc/riscv-none-embed/8.2.0/../../../../riscv-none-embed/lib/rv32imacxw/ilp32\libg_nano.a(lib_a-nano-vfprintf_i.o)
                0x000000000000ee4e                _printf_i
 .text.printf   0x000000000000f0f2       0x40 c:/mounriver/mounriver_studio/toolchain/risc-v embedded gcc/bin/../lib/gcc/riscv-none-embed/8.2.0/../../../../riscv-none-embed/lib/rv32imacxw/ilp32\libg_nano.a(lib_a-printf.o)
                0x000000000000f0f2                iprintf
                0x000000000000f0f2                printf
 .text.putchar  0x000000000000f132       0x2a c:/mounriver/mounriver_studio/toolchain/risc-v embedded gcc/bin/../lib/gcc/riscv-none-embed/8.2.0/../../../../riscv-none-embed/lib/rv32imacxw/ilp32\libg_nano.a(lib_a-putchar.o)
                0x000000000000f132                putchar
 .text._puts_r  0x000000000000f15c       0xd4 c:/mounriver/mounriver_studio/toolchain/risc-v embedded gcc/bin/../lib/gcc/riscv-none-embed/8.2.0/../../../../riscv-none-embed/lib/rv32imacxw/ilp32\libg_nano.a(lib_a-puts.o)
                0x000000000000f15c                _puts_r
 .text.puts     0x000000000000f230        0xc c:/mounriver/mounriver_studio/toolchain/risc-v embedded gcc/bin/../lib/gcc/riscv-none-embed/8.2.0/../../../../riscv-none-embed/lib/rv32imacxw/ilp32\libg_nano.a(lib_a-puts.o)
                0x000000000000f230                puts
 .text.__swbuf_r
                0x000000000000f23c       0xbc c:/mounriver/mounriver_studio/toolchain/risc-v embedded gcc/bin/../lib/gcc/riscv-none-embed/8.2.0/../../../../riscv-none-embed/lib/rv32imacxw/ilp32\libg_nano.a(lib_a-wbuf.o)
                0x000000000000f23c                __swbuf_r
 .text.__swsetup_r
                0x000000000000f2f8       0xfc c:/mounriver/mounriver_studio/toolchain/risc-v embedded gcc/bin/../lib/gcc/riscv-none-embed/8.2.0/../../../../riscv-none-embed/lib/rv32imacxw/ilp32\libg_nano.a(lib_a-wsetup.o)
                0x000000000000f2f8                __swsetup_r
 .text.__sflush_r
                0x000000000000f3f4      0x130 c:/mounriver/mounriver_studio/toolchain/risc-v embedded gcc/bin/../lib/gcc/riscv-none-embed/8.2.0/../../../../riscv-none-embed/lib/rv32imacxw/ilp32\libg_nano.a(lib_a-fflush.o)
                0x000000000000f3f4                __sflush_r
 .text._fflush_r
                0x000000000000f524       0x66 c:/mounriver/mounriver_studio/toolchain/risc-v embedded gcc/bin/../lib/gcc/riscv-none-embed/8.2.0/../../../../riscv-none-embed/lib/rv32imacxw/ilp32\libg_nano.a(lib_a-fflush.o)
                0x000000000000f524                _fflush_r
 .text.std      0x000000000000f58a       0x66 c:/mounriver/mounriver_studio/toolchain/risc-v embedded gcc/bin/../lib/gcc/riscv-none-embed/8.2.0/../../../../riscv-none-embed/lib/rv32imacxw/ilp32\libg_nano.a(lib_a-findfp.o)
 .text._cleanup_r
                0x000000000000f5f0        0xa c:/mounriver/mounriver_studio/toolchain/risc-v embedded gcc/bin/../lib/gcc/riscv-none-embed/8.2.0/../../../../riscv-none-embed/lib/rv32imacxw/ilp32\libg_nano.a(lib_a-findfp.o)
                0x000000000000f5f0                _cleanup_r
 .text.__sfmoreglue
                0x000000000000f5fa       0x46 c:/mounriver/mounriver_studio/toolchain/risc-v embedded gcc/bin/../lib/gcc/riscv-none-embed/8.2.0/../../../../riscv-none-embed/lib/rv32imacxw/ilp32\libg_nano.a(lib_a-findfp.o)
                0x000000000000f5fa                __sfmoreglue
 .text.__sinit  0x000000000000f640       0x6c c:/mounriver/mounriver_studio/toolchain/risc-v embedded gcc/bin/../lib/gcc/riscv-none-embed/8.2.0/../../../../riscv-none-embed/lib/rv32imacxw/ilp32\libg_nano.a(lib_a-findfp.o)
                0x000000000000f640                __sinit
 .text.__sfp    0x000000000000f6ac       0xa0 c:/mounriver/mounriver_studio/toolchain/risc-v embedded gcc/bin/../lib/gcc/riscv-none-embed/8.2.0/../../../../riscv-none-embed/lib/rv32imacxw/ilp32\libg_nano.a(lib_a-findfp.o)
                0x000000000000f6ac                __sfp
 .text._fwalk_reent
                0x000000000000f74c       0x6a c:/mounriver/mounriver_studio/toolchain/risc-v embedded gcc/bin/../lib/gcc/riscv-none-embed/8.2.0/../../../../riscv-none-embed/lib/rv32imacxw/ilp32\libg_nano.a(lib_a-fwalk.o)
                0x000000000000f74c                _fwalk_reent
 .text.__swhatbuf_r
                0x000000000000f7b6       0x56 c:/mounriver/mounriver_studio/toolchain/risc-v embedded gcc/bin/../lib/gcc/riscv-none-embed/8.2.0/../../../../riscv-none-embed/lib/rv32imacxw/ilp32\libg_nano.a(lib_a-makebuf.o)
                0x000000000000f7b6                __swhatbuf_r
 .text.__smakebuf_r
                0x000000000000f80c       0x90 c:/mounriver/mounriver_studio/toolchain/risc-v embedded gcc/bin/../lib/gcc/riscv-none-embed/8.2.0/../../../../riscv-none-embed/lib/rv32imacxw/ilp32\libg_nano.a(lib_a-makebuf.o)
                0x000000000000f80c                __smakebuf_r
 .text.memchr   0x000000000000f89c       0x18 c:/mounriver/mounriver_studio/toolchain/risc-v embedded gcc/bin/../lib/gcc/riscv-none-embed/8.2.0/../../../../riscv-none-embed/lib/rv32imacxw/ilp32\libg_nano.a(lib_a-memchr.o)
                0x000000000000f89c                memchr
 .text._free_r  0x000000000000f8b4       0xa4 c:/mounriver/mounriver_studio/toolchain/risc-v embedded gcc/bin/../lib/gcc/riscv-none-embed/8.2.0/../../../../riscv-none-embed/lib/rv32imacxw/ilp32\libg_nano.a(lib_a-nano-freer.o)
                0x000000000000f8b4                _free_r
 .text._malloc_r
                0x000000000000f958       0xce c:/mounriver/mounriver_studio/toolchain/risc-v embedded gcc/bin/../lib/gcc/riscv-none-embed/8.2.0/../../../../riscv-none-embed/lib/rv32imacxw/ilp32\libg_nano.a(lib_a-nano-mallocr.o)
                0x000000000000f958                _malloc_r
 .text._putc_r  0x000000000000fa26       0x84 c:/mounriver/mounriver_studio/toolchain/risc-v embedded gcc/bin/../lib/gcc/riscv-none-embed/8.2.0/../../../../riscv-none-embed/lib/rv32imacxw/ilp32\libg_nano.a(lib_a-putc.o)
                0x000000000000fa26                _putc_r
 .text._sbrk_r  0x000000000000faaa       0x32 c:/mounriver/mounriver_studio/toolchain/risc-v embedded gcc/bin/../lib/gcc/riscv-none-embed/8.2.0/../../../../riscv-none-embed/lib/rv32imacxw/ilp32\libg_nano.a(lib_a-sbrkr.o)
                0x000000000000faaa                _sbrk_r
 .text.__sread  0x000000000000fadc       0x2c c:/mounriver/mounriver_studio/toolchain/risc-v embedded gcc/bin/../lib/gcc/riscv-none-embed/8.2.0/../../../../riscv-none-embed/lib/rv32imacxw/ilp32\libg_nano.a(lib_a-stdio.o)
                0x000000000000fadc                __sread
 .text.__swrite
                0x000000000000fb08       0x48 c:/mounriver/mounriver_studio/toolchain/risc-v embedded gcc/bin/../lib/gcc/riscv-none-embed/8.2.0/../../../../riscv-none-embed/lib/rv32imacxw/ilp32\libg_nano.a(lib_a-stdio.o)
                0x000000000000fb08                __swrite
 .text.__sseek  0x000000000000fb50       0x30 c:/mounriver/mounriver_studio/toolchain/risc-v embedded gcc/bin/../lib/gcc/riscv-none-embed/8.2.0/../../../../riscv-none-embed/lib/rv32imacxw/ilp32\libg_nano.a(lib_a-stdio.o)
                0x000000000000fb50                __sseek
 .text.__sclose
                0x000000000000fb80        0x6 c:/mounriver/mounriver_studio/toolchain/risc-v embedded gcc/bin/../lib/gcc/riscv-none-embed/8.2.0/../../../../riscv-none-embed/lib/rv32imacxw/ilp32\libg_nano.a(lib_a-stdio.o)